save []
setTransform [1,0,0,1,0,0]
set:globalAlpha [1]
set:globalCompositeOperation ["source-over"]
set:imageSmoothingEnabled [true]
set:fillStyle ["#0b0d12"]
fillRect [0,0,1920,1080]
save []
translate [960,540]
rotate [0]
scale [1.1791,1.1791]
translate [-900.3,-559.9]
save []
translate [3.8106382978723423,-1.270212765957445]
save []
set:globalAlpha [1]
translate [960,400]
rotate [0]
scale [1,1]
save []
translate [-960,-450]
beginPath []
rect [-960,-450,1920,900]
set:fillStyle ["#2b2a3d"]
fill []
restore []
restore []
save []
set:globalAlpha [1]
translate [960,720]
rotate [0]
scale [1,1]
save []
translate [-960,-45]
beginPath []
rect [-960,-45,1920,90]
set:fillStyle ["#232234"]
fill []
restore []
restore []
save []
set:globalAlpha [1]
translate [520,330]
rotate [0]
scale [1,1]
save []
translate [-280,-200]
beginPath []
moveTo [-266,-200]
lineTo [266,-200]
arcTo [280,-200,280,-186,14]
lineTo [280,186]
arcTo [280,200,266,200,14]
lineTo [-266,200]
arcTo [-280,200,-280,186,14]
lineTo [-280,-186]
arcTo [-280,-200,-266,-200,14]
closePath []
set:fillStyle ["#0e1430"]
fill []
restore []
restore []
save []
set:globalAlpha [1]
translate [520,330]
rotate [0]
scale [1,1]
save []
translate [-8,-200]
beginPath []
rect [-8,-200,16,400]
set:fillStyle ["#3a3852"]
fill []
restore []
restore []
save []
set:globalAlpha [1]
translate [520,330]
rotate [0]
scale [1,1]
save []
translate [-280,-7]
beginPath []
rect [-280,-7,560,14]
set:fillStyle ["#3a3852"]
fill []
restore []
restore []
save []
set:globalAlpha [1]
translate [300,470]
rotate [0]
scale [1,1]
save []
translate [-40,-190]
beginPath []
rect [-40,-95,80,190]
set:fillStyle ["#1b2450"]
fill []
restore []
restore []
save []
set:globalAlpha [1]
translate [400,470]
rotate [0]
scale [1,1]
save []
translate [-28,-260]
beginPath []
rect [-28,-130,56,260]
set:fillStyle ["#212c60"]
fill []
restore []
restore []
save []
set:globalAlpha [1]
translate [490,470]
rotate [0]
scale [1,1]
save []
translate [-52,-150]
beginPath []
rect [-52,-75,104,150]
set:fillStyle ["#1b2450"]
fill []
restore []
restore []
save []
set:globalAlpha [1]
translate [580,470]
rotate [0]
scale [1,1]
save []
translate [-23,-300]
beginPath []
rect [-23,-150,46,300]
set:fillStyle ["#253172"]
fill []
restore []
restore []
save []
set:globalAlpha [1]
translate [660,470]
rotate [0]
scale [1,1]
save []
translate [-35,-210]
beginPath []
rect [-35,-105,70,210]
set:fillStyle ["#1b2450"]
fill []
restore []
restore []
save []
set:globalAlpha [1]
translate [288,430]
rotate [0]
scale [1,1]
save []
translate [-3.5,-9]
beginPath []
rect [-3.5,-4.5,7,9]
set:fillStyle ["#f2c14e"]
fill []
restore []
restore []
save []
set:globalAlpha [1]
translate [310,400]
rotate [0]
scale [1,1]
save []
translate [-3.5,-9]
beginPath []
rect [-3.5,-4.5,7,9]
set:fillStyle ["#f2c14e"]
fill []
restore []
restore []
save []
set:globalAlpha [1]
translate [392,420]
rotate [0]
scale [1,1]
save []
translate [-3.5,-9]
beginPath []
rect [-3.5,-4.5,7,9]
set:fillStyle ["#8fd6ff"]
fill []
restore []
restore []
save []
set:globalAlpha [1]
translate [574,250]
rotate [0]
scale [1,1]
save []
translate [-3.5,-9]
beginPath []
rect [-3.5,-4.5,7,9]
set:fillStyle ["#f2c14e"]
fill []
restore []
restore []
save []
set:globalAlpha [1]
translate [574,300]
rotate [0]
scale [1,1]
save []
translate [-3.5,-9]
beginPath []
rect [-3.5,-4.5,7,9]
set:fillStyle ["#8fd6ff"]
fill []
restore []
restore []
save []
set:globalAlpha [1]
translate [650,380]
rotate [0]
scale [1,1]
save []
translate [-3.5,-9]
beginPath []
rect [-3.5,-4.5,7,9]
set:fillStyle ["#f2c14e"]
fill []
restore []
restore []
save []
set:globalAlpha [1]
translate [470,214]
rotate [0]
scale [1,1]
save []
translate [-35,-11]
beginPath []
moveTo [-25,-11]
lineTo [25,-11]
arcTo [35,-11,35,-1,10]
lineTo [35,1]
arcTo [35,11,25,11,10]
lineTo [-25,11]
arcTo [-35,11,-35,1,10]
lineTo [-35,-1]
arcTo [-35,-11,-25,-11,10]
closePath []
set:fillStyle ["#6fd3ff"]
fill []
restore []
restore []
save []
set:globalAlpha [1]
translate [434,214]
rotate [0]
scale [1,1]
save []
translate [-8,-3.5]
beginPath []
moveTo [-8,3.5]
lineTo [8,-3.5]
set:fillStyle ["#6fd3ff"]
fill []
restore []
restore []
save []
set:globalAlpha [1]
translate [506,214]
rotate [0]
scale [1,1]
save []
translate [-8,-3.5]
beginPath []
moveTo [8,3.5]
lineTo [-8,-3.5]
set:fillStyle ["#6fd3ff"]
fill []
restore []
restore []
save []
set:globalAlpha [1]
translate [1180,300]
rotate [0]
scale [1,1]
save []
translate [-150,-95]
beginPath []
moveTo [-142,-95]
lineTo [142,-95]
arcTo [150,-95,150,-87,8]
lineTo [150,87]
arcTo [150,95,142,95,8]
lineTo [-142,95]
arcTo [-150,95,-150,87,8]
lineTo [-150,-87]
arcTo [-150,-95,-142,-95,8]
closePath []
set:fillStyle ["#12131f"]
fill []
restore []
restore []
save []
set:globalAlpha [1]
translate [1180,300]
rotate [0]
scale [1,1]
save []
translate [-138,-83]
beginPath []
moveTo [-134,-83]
lineTo [134,-83]
arcTo [138,-83,138,-79,4]
lineTo [138,79]
arcTo [138,83,134,83,4]
lineTo [-134,83]
arcTo [-138,83,-138,79,4]
lineTo [-138,-79]
arcTo [-138,-83,-134,-83,4]
closePath []
set:fillStyle ["#1d2c52"]
fill []
restore []
restore []
save []
set:globalAlpha [1]
translate [1120,260]
rotate [0]
scale [1,1]
save []
translate [-90,-5]
beginPath []
moveTo [-85,-5]
lineTo [85,-5]
arcTo [90,-5,90,0,5]
lineTo [90,0]
arcTo [90,5,85,5,5]
lineTo [-85,5]
arcTo [-90,5,-90,0,5]
lineTo [-90,0]
arcTo [-90,-5,-85,-5,5]
closePath []
set:fillStyle ["#5fa8ff"]
fill []
restore []
restore []
save []
set:globalAlpha [1]
translate [1090,282]
rotate [0]
scale [1,1]
save []
translate [-60,-5]
beginPath []
moveTo [-55,-5]
lineTo [55,-5]
arcTo [60,-5,60,0,5]
lineTo [60,0]
arcTo [60,5,55,5,5]
lineTo [-55,5]
arcTo [-60,5,-60,0,5]
lineTo [-60,0]
arcTo [-60,-5,-55,-5,5]
closePath []
set:fillStyle ["#5fa8ff"]
fill []
restore []
restore []
save []
set:globalAlpha [1]
translate [1250,340]
rotate [0]
scale [1,1]
save []
translate [-20,-20]
beginPath []
ellipse [0,0,20,20,0,0,6.283185307179586,null]
set:fillStyle ["#f2c14e"]
fill []
restore []
restore []
save []
set:globalAlpha [1]
translate [1620,330]
rotate [0]
scale [1,1]
save []
translate [-55,-70]
beginPath []
moveTo [-49,-70]
lineTo [49,-70]
arcTo [55,-70,55,-64,6]
lineTo [55,64]
arcTo [55,70,49,70,6]
lineTo [-49,70]
arcTo [-55,70,-55,64,6]
lineTo [-55,-64]
arcTo [-55,-70,-49,-70,6]
closePath []
set:fillStyle ["#3a3852"]
fill []
restore []
restore []
save []
set:globalAlpha [1]
translate [1620,330]
rotate [0]
scale [1,1]
save []
translate [-46,-61]
beginPath []
moveTo [-42,-61]
lineTo [42,-61]
arcTo [46,-61,46,-57,4]
lineTo [46,57]
arcTo [46,61,42,61,4]
lineTo [-42,61]
arcTo [-46,61,-46,57,4]
lineTo [-46,-57]
arcTo [-46,-61,-42,-61,4]
closePath []
set:fillStyle ["#4d6a8a"]
fill []
restore []
restore []
save []
set:globalAlpha [1]
translate [960,46]
rotate [0]
scale [1,1]
save []
translate [-450,-6]
beginPath []
rect [-450,-6,900,12]
set:fillStyle ["#f2e8c9"]
fill []
restore []
restore []
restore []
save []
translate [0,0]
save []
set:globalAlpha [1]
translate [960,860]
rotate [0]
scale [1,1]
save []
translate [-960,-170]
beginPath []
rect [-960,-170,1920,340]
set:fillStyle ["#1b1a28"]
fill []
restore []
restore []
save []
set:globalAlpha [1]
translate [1650,660]
rotate [0]
scale [1,1]
save []
translate [-280,-125]
beginPath []
rect [-280,-125,560,250]
set:fillStyle ["#343249"]
fill []
restore []
restore []
save []
set:globalAlpha [1]
translate [1650,540]
rotate [0]
scale [1,1]
save []
translate [-280,-10]
beginPath []
rect [-280,-10,560,20]
set:fillStyle ["#43405a"]
fill []
restore []
restore []
save []
set:globalAlpha [1]
translate [1720,300]
rotate [0]
scale [1,1]
save []
translate [-75,-75]
beginPath []
rect [-75,-75,150,150]
set:fillStyle ["#3c3a52"]
fill []
restore []
restore []
save []
set:globalAlpha [1]
translate [1720,300]
rotate [0]
scale [1,1]
save []
translate [-66,-66]
beginPath []
moveTo [-60,-66]
lineTo [60,-66]
arcTo [66,-66,66,-60,6]
lineTo [66,60]
arcTo [66,66,60,66,6]
lineTo [-60,66]
arcTo [-66,66,-66,60,6]
lineTo [-66,-60]
arcTo [-66,-66,-60,-66,6]
closePath []
set:fillStyle ["#20283f"]
fill []
restore []
restore []
save []
set:globalAlpha [1]
translate [640,700]
rotate [0]
scale [1,1]
save []
translate [-350,-95]
beginPath []
moveTo [-316,-95]
lineTo [316,-95]
arcTo [350,-95,350,-61,34]
lineTo [350,61]
arcTo [350,95,316,95,34]
lineTo [-316,95]
arcTo [-350,95,-350,61,34]
lineTo [-350,-61]
arcTo [-350,-95,-316,-95,34]
closePath []
set:fillStyle ["#3d5a80"]
fill []
restore []
restore []
save []
set:globalAlpha [1]
translate [640,592]
rotate [0]
scale [1,1]
save []
translate [-350,-60]
beginPath []
moveTo [-320,-60]
lineTo [320,-60]
arcTo [350,-60,350,-30,30]
lineTo [350,30]
arcTo [350,60,320,60,30]
lineTo [-320,60]
arcTo [-350,60,-350,30,30]
lineTo [-350,-30]
arcTo [-350,-60,-320,-60,30]
closePath []
set:fillStyle ["#456a94"]
fill []
restore []
restore []
save []
set:globalAlpha [1]
translate [310,660]
rotate [0]
scale [1,1]
save []
translate [-75,-130]
beginPath []
moveTo [-45,-130]
lineTo [45,-130]
arcTo [75,-130,75,-100,30]
lineTo [75,100]
arcTo [75,130,45,130,30]
lineTo [-45,130]
arcTo [-75,130,-75,100,30]
lineTo [-75,-100]
arcTo [-75,-130,-45,-130,30]
closePath []
set:fillStyle ["#456a94"]
fill []
restore []
restore []
save []
set:globalAlpha [1]
translate [970,660]
rotate [0]
scale [1,1]
save []
translate [-75,-130]
beginPath []
moveTo [-45,-130]
lineTo [45,-130]
arcTo [75,-130,75,-100,30]
lineTo [75,100]
arcTo [75,130,45,130,30]
lineTo [-45,130]
arcTo [-75,130,-75,100,30]
lineTo [-75,-100]
arcTo [-75,-130,-45,-130,30]
closePath []
set:fillStyle ["#456a94"]
fill []
restore []
restore []
save []
set:globalAlpha [1]
translate [640,600]
rotate [0]
scale [1,1]
save []
translate [-350,-13]
beginPath []
moveTo [-338,-13]
lineTo [338,-13]
arcTo [350,-13,350,-1,12]
lineTo [350,1]
arcTo [350,13,338,13,12]
lineTo [-338,13]
arcTo [-350,13,-350,1,12]
lineTo [-350,-1]
arcTo [-350,-13,-338,-13,12]
closePath []
set:fillStyle ["#5a86b5"]
fill []
restore []
restore []
save []
set:globalAlpha [1]
translate [640,830]
rotate [0]
scale [1,1]
save []
translate [-160,-11]
beginPath []
moveTo [-152,-11]
lineTo [152,-11]
arcTo [160,-11,160,-3,8]
lineTo [160,3]
arcTo [160,11,152,11,8]
lineTo [-152,11]
arcTo [-160,11,-160,3,8]
lineTo [-160,-3]
arcTo [-160,-11,-152,-11,8]
closePath []
set:fillStyle ["#6b4a34"]
fill []
restore []
restore []
save []
set:globalAlpha [1]
translate [500,874]
rotate [0]
scale [1,1]
save []
translate [-9,-45]
beginPath []
rect [-9,-45,18,90]
set:fillStyle ["#4a3223"]
fill []
restore []
restore []
save []
set:globalAlpha [1]
translate [780,874]
rotate [0]
scale [1,1]
save []
translate [-9,-45]
beginPath []
rect [-9,-45,18,90]
set:fillStyle ["#4a3223"]
fill []
restore []
restore []
save []
set:globalAlpha [1]
translate [1330,600]
rotate [0]
scale [1,1]
save []
translate [-90,-165]
beginPath []
moveTo [-82,-165]
lineTo [82,-165]
arcTo [90,-165,90,-157,8]
lineTo [90,157]
arcTo [90,165,82,165,8]
lineTo [-82,165]
arcTo [-90,165,-90,157,8]
lineTo [-90,-157]
arcTo [-90,-165,-82,-165,8]
closePath []
set:fillStyle ["#4a3f33"]
fill []
restore []
restore []
save []
set:globalAlpha [1]
translate [1250,600]
rotate [0]
scale [1,1]
save []
translate [-9,-9]
beginPath []
ellipse [0,0,9,9,0,0,6.283185307179586,null]
set:fillStyle ["#f2c14e"]
fill []
restore []
restore []
save []
set:globalAlpha [1]
translate [1330,782]
rotate [0]
scale [1,1]
save []
translate [-90,-26]
beginPath []
ellipse [0,0,90,26,0,0,6.283185307179586,null]
set:fillStyle ["#2f5a4a"]
fill []
restore []
restore []
restore []
save []
translate [-4.422222222222232,1.4740740740740745]
save []
set:globalAlpha [1]
translate [1860,930]
rotate [0]
scale [1,1]
save []
translate [-40,-45]
beginPath []
moveTo [-32,-45]
lineTo [32,-45]
arcTo [40,-45,40,-37,8]
lineTo [40,37]
arcTo [40,45,32,45,8]
lineTo [-32,45]
arcTo [-40,45,-40,37,8]
lineTo [-40,-37]
arcTo [-40,-45,-32,-45,8]
closePath []
set:fillStyle ["#7a4a30"]
fill []
restore []
restore []
save []
set:globalAlpha [1]
translate [1860,830]
rotate [0]
scale [1,1]
save []
translate [-60,-90]
beginPath []
ellipse [0,0,60,90,0,0,6.283185307179586,null]
set:fillStyle ["#2f6b3f"]
fill []
restore []
restore []
save []
set:globalAlpha [1]
translate [1820,860]
rotate [0]
scale [1,1]
save []
translate [-44,-70]
beginPath []
ellipse [0,0,44,70,0,0,6.283185307179586,null]
set:fillStyle ["#3a7d4c"]
fill []
restore []
restore []
save []
set:globalAlpha [1]
translate [1900,856]
rotate [0]
scale [1,1]
save []
translate [-40,-66]
beginPath []
ellipse [0,0,40,66,0,0,6.283185307179586,null]
set:fillStyle ["#356f47"]
fill []
restore []
restore []
restore []
save []
set:globalCompositeOperation ["multiply"]
set:globalAlpha [0.28]
set:fillStyle ["#8f9ad6"]
fillRect [0,0,1920,1080]
restore []
save []
set:globalCompositeOperation ["overlay"]
set:globalAlpha [0.18]
set:fillStyle ["#f2b33d"]
fillRect [0,0,1920,1080]
restore []
createRadialGradient [900.3,559.9,648,900.3,559.9,1440]
save []
set:fillStyle ["[Gradient]"]
fillRect [0,0,1920,1080]
restore []
save []
set:globalAlpha [1]
translate [523.874273345731,-2.444629049674857]
rotate [-0.030000000000000006]
scale [1,1]
save []
translate [-62.495999999999995,-23.807999999999996]
beginPath []
moveTo [-32.736,-74.39999999999999]
lineTo [32.736,-74.39999999999999]
arcTo [62.495999999999995,-74.39999999999999,62.495999999999995,-44.63999999999999,29.759999999999998]
lineTo [62.495999999999995,44.63999999999999]
arcTo [62.495999999999995,74.39999999999999,32.736,74.39999999999999,29.759999999999998]
lineTo [-32.736,74.39999999999999]
arcTo [-62.495999999999995,74.39999999999999,-62.495999999999995,44.63999999999999,29.759999999999998]
lineTo [-62.495999999999995,-44.63999999999999]
arcTo [-62.495999999999995,-74.39999999999999,-32.736,-74.39999999999999,29.759999999999998]
closePath []
set:fillStyle ["#241a16"]
fill []
restore []
restore []
save []
set:globalAlpha [1]
translate [598.272,505.59999999999997]
rotate [1.4107963267948966]
scale [1,1]
save []
translate [-13.776000000000002,0]
beginPath []
moveTo [-13.776000000000002,-76.54400000000001]
lineTo [13.776000000000002,-76.54400000000001]
lineTo [11.020800000000001,76.54400000000001]
lineTo [-11.020800000000001,76.54400000000001]
closePath []
set:fillStyle ["#2f3a4d"]
fill []
restore []
restore []
save []
set:globalAlpha [1]
translate [521.728,505.59999999999997]
rotate [1.4507963267948965]
scale [1,1]
save []
translate [-13.776000000000002,0]
beginPath []
moveTo [-13.776000000000002,-76.54400000000001]
lineTo [13.776000000000002,-76.54400000000001]
lineTo [11.020800000000001,76.54400000000001]
lineTo [-11.020800000000001,76.54400000000001]
closePath []
set:fillStyle ["#2f3a4d"]
fill []
restore []
restore []
save []
set:globalAlpha [1]
translate [447.13934964259204,529.9897056141616]
rotate [0.06000000000000005]
scale [1,1]
save []
translate [-11.020800000000001,0]
beginPath []
moveTo [-11.020800000000001,-70.656]
lineTo [11.020800000000001,-70.656]
lineTo [8.596224000000001,70.656]
lineTo [-8.596224000000001,70.656]
closePath []
set:fillStyle ["#2f3a4d"]
fill []
restore []
restore []
save []
set:globalAlpha [1]
translate [369.7409115544033,523.9265023894461]
rotate [0.15999999999999992]
scale [1,1]
save []
translate [-11.020800000000001,0]
beginPath []
moveTo [-11.020800000000001,-70.656]
lineTo [11.020800000000001,-70.656]
lineTo [8.596224000000001,70.656]
lineTo [-8.596224000000001,70.656]
closePath []
set:fillStyle ["#2f3a4d"]
fill []
restore []
restore []
save []
set:globalAlpha [1]
translate [444.1662002142277,671.3778459747895]
rotate [-0.23999999999999994]
scale [1,1]
save []
translate [-9.36768,-9.918720000000002]
beginPath []
moveTo [-11.0208,-9.918720000000002]
lineTo [11.0208,-9.918720000000002]
arcTo [18.73536,-9.918720000000002,18.73536,-2.2041600000000017,7.7145600000000005]
lineTo [18.73536,2.2041600000000017]
arcTo [18.73536,9.918720000000002,11.0208,9.918720000000002,7.7145600000000005]
lineTo [-11.0208,9.918720000000002]
arcTo [-18.73536,9.918720000000002,-18.73536,2.2041600000000017,7.7145600000000005]
lineTo [-18.73536,-2.2041600000000017]
arcTo [-18.73536,-9.918720000000002,-11.0208,-9.918720000000002,7.7145600000000005]
closePath []
set:fillStyle ["#1b1f27"]
fill []
restore []
restore []
save []
set:globalAlpha [1]
translate [352.667354363644,664.3114713035499]
rotate [-0.14000000000000007]
scale [1,1]
save []
translate [-9.36768,-9.918720000000002]
beginPath []
moveTo [-11.0208,-9.918720000000002]
lineTo [11.0208,-9.918720000000002]
arcTo [18.73536,-9.918720000000002,18.73536,-2.2041600000000017,7.7145600000000005]
lineTo [18.73536,2.2041600000000017]
arcTo [18.73536,9.918720000000002,11.0208,9.918720000000002,7.7145600000000005]
lineTo [-11.0208,9.918720000000002]
arcTo [-18.73536,9.918720000000002,-18.73536,2.2041600000000017,7.7145600000000005]
lineTo [-18.73536,-2.2041600000000017]
arcTo [-18.73536,-9.918720000000002,-11.0208,-9.918720000000002,7.7145600000000005]
closePath []
set:fillStyle ["#1b1f27"]
fill []
restore []
restore []
save []
set:globalAlpha [1]
translate [574.2963812624916,31.00349767744183]
rotate [0.6299999999999999]
scale [1,1]
save []
translate [-11.020800000000001,0]
beginPath []
moveTo [-11.020800000000001,-59.2]
lineTo [11.020800000000001,-59.2]
lineTo [9.477888,59.2]
lineTo [-9.477888,59.2]
closePath []
set:fillStyle ["#8d5524"]
fill []
restore []
restore []
save []
set:globalAlpha [1]
translate [504.5416419221269,126.67395466160063]
rotate [-0.42000000000000015]
scale [1,1]
save []
translate [-9.477888,0]
beginPath []
moveTo [-9.477888,-59.2]
lineTo [9.477888,-59.2]
lineTo [7.934976000000001,59.2]
lineTo [-7.934976000000001,59.2]
closePath []
set:fillStyle ["#8d5524"]
fill []
restore []
restore []
save []
set:globalAlpha [1]
translate [552.8204795643801,234.7836851945779]
rotate [-0.42000000000000015]
scale [1,1]
save []
translate [-13.665792000000001,0]
beginPath []
ellipse [0,0,13.665792000000001,13.665792000000001,0,0,6.283185307179586,null]
set:fillStyle ["#8d5524"]
fill []
restore []
restore []
save []
set:globalAlpha [1]
translate [560,519.5999999999999]
rotate [-0.07]
scale [1,1]
save []
translate [-55.04,-192]
beginPath []
moveTo [-12.799999999999997,-96]
lineTo [12.799999999999997,-96]
arcTo [55.04,-96,55.04,-53.76,42.24]
lineTo [55.04,53.76]
arcTo [55.04,96,12.799999999999997,96,42.24]
lineTo [-12.799999999999997,96]
arcTo [-55.04,96,-55.04,53.76,42.24]
lineTo [-55.04,-53.76]
arcTo [-55.04,-96,-12.799999999999997,-96,42.24]
closePath []
set:fillStyle ["#e8574a"]
fill []
restore []
restore []
save []
set:globalAlpha [1]
translate [477.6632168475564,37.77888927616755]
rotate [0.78]
scale [1,1]
save []
translate [-11.020800000000001,0]
beginPath []
moveTo [-11.020800000000001,-59.2]
lineTo [11.020800000000001,-59.2]
lineTo [9.477888,59.2]
lineTo [-9.477888,59.2]
closePath []
set:fillStyle ["#8d5524"]
fill []
restore []
restore []
save []
set:globalAlpha [1]
translate [394.39493361422785,121.95105217682118]
rotate [-0.47]
scale [1,1]
save []
translate [-9.477888,0]
beginPath []
moveTo [-9.477888,-59.2]
lineTo [9.477888,-59.2]
lineTo [7.934976000000001,59.2]
lineTo [-7.934976000000001,59.2]
closePath []
set:fillStyle ["#8d5524"]
fill []
restore []
restore []
save []
set:globalAlpha [1]
translate [448.01666980310955,227.51273749914813]
rotate [-0.47]
scale [1,1]
save []
translate [-13.665792000000001,0]
beginPath []
ellipse [0,0,13.665792000000001,13.665792000000001,0,0,6.283185307179586,null]
set:fillStyle ["#8d5524"]
fill []
restore []
restore []
save []
set:globalAlpha [1]
translate [525.5634992276711,28.45376992329716]
rotate [-0.07]
scale [1,1]
save []
translate [-14.879999999999999,-11.904]
beginPath []
rect [-14.879999999999999,-11.904,29.759999999999998,23.808]
set:fillStyle ["#8d5524"]
fill []
restore []
restore []
save []
set:globalAlpha [1]
translate [524.2313397801415,9.45401455207309]
rotate [-0.030000000000000006]
scale [1,1]
save []
translate [-59.519999999999996,-117.32582400000001]
beginPath []
ellipse [0,0,59.519999999999996,66.6624,0,0,6.283185307179586,null]
set:fillStyle ["#8d5524"]
fill []
restore []
restore []
save []
set:globalAlpha [1]
translate [580.0656980997542,4.801141409906714]
rotate [-0.030000000000000006]
scale [1,1]
save []
translate [-11.904,-14.879999999999999]
beginPath []
ellipse [0,0,11.904,14.879999999999999,0,0,6.283185307179586,null]
set:fillStyle ["#8d5524"]
fill []
restore []
restore []
save []
set:globalAlpha [1]
translate [468.21844824332356,8.157565893365492]
rotate [-0.030000000000000006]
scale [1,1]
save []
translate [-11.904,-14.879999999999999]
beginPath []
ellipse [0,0,11.904,14.879999999999999,0,0,6.283185307179586,null]
set:fillStyle ["#8d5524"]
fill []
restore []
restore []
save []
set:globalAlpha [1]
translate [546.1963429965257,-12.631974656115688]
rotate [-0.07]
scale [1,1]
save []
translate [0,-2.2319999999999998]
beginPath []
moveTo [-7.8864,-2.2319999999999998]
lineTo [7.8864,-2.2319999999999998]
arcTo [10.1184,-2.2319999999999998,10.1184,0,2.2319999999999998]
lineTo [10.1184,0]
arcTo [10.1184,2.2319999999999998,7.8864,2.2319999999999998,2.2319999999999998]
lineTo [-7.8864,2.2319999999999998]
arcTo [-10.1184,2.2319999999999998,-10.1184,0,2.2319999999999998]
lineTo [-10.1184,0]
arcTo [-10.1184,-2.2319999999999998,-7.8864,-2.2319999999999998,2.2319999999999998]
closePath []
set:fillStyle ["#2b1d18"]
fill []
restore []
restore []
save []
set:globalAlpha [1]
translate [500.98149730988354,-11.275122205355757]
rotate [0.009999999999999995]
scale [1,1]
save []
translate [0,-2.2319999999999998]
beginPath []
moveTo [-7.8864,-2.2319999999999998]
lineTo [7.8864,-2.2319999999999998]
arcTo [10.1184,-2.2319999999999998,10.1184,0,2.2319999999999998]
lineTo [10.1184,0]
arcTo [10.1184,2.2319999999999998,7.8864,2.2319999999999998,2.2319999999999998]
lineTo [-7.8864,2.2319999999999998]
arcTo [-10.1184,2.2319999999999998,-10.1184,0,2.2319999999999998]
lineTo [-10.1184,0]
arcTo [-10.1184,-2.2319999999999998,-7.8864,-2.2319999999999998,2.2319999999999998]
closePath []
set:fillStyle ["#2b1d18"]
fill []
restore []
restore []
save []
set:globalAlpha [1]
translate [546.6602294062574,2.8262665258191513]
rotate [-0.030000000000000006]
scale [1,0.7]
save []
translate [-10.1184,-11.13024]
beginPath []
ellipse [0,0,10.1184,11.13024,0,0,6.283185307179586,null]
set:fillStyle ["#1a1210"]
fill []
restore []
restore []
save []
set:globalAlpha [1]
translate [501.44538371961517,4.183118976579082]
rotate [-0.030000000000000006]
scale [1,0.7]
save []
translate [-10.1184,-11.13024]
beginPath []
ellipse [0,0,10.1184,11.13024,0,0,6.283185307179586,null]
set:fillStyle ["#1a1210"]
fill []
restore []
restore []
save []
set:globalAlpha [1]
translate [524.2313397801415,9.45401455207309]
rotate [-0.030000000000000006]
scale [1,1]
save []
translate [-3.2736,-7.7376]
beginPath []
moveTo [-2.0831999999999997,-7.737599999999999]
lineTo [3.2736,5.356800000000001]
lineTo [-3.2735999999999996,7.7376]
set:fillStyle ["#7a4720"]
fill []
restore []
restore []
save []
set:globalAlpha [1]
translate [525.0525925792857,36.82089483609337]
rotate [-0.030000000000000006]
scale [1,1]
save []
translate [-0.15,-0.0225]
beginPath []
moveTo [-0.13,-0.0225]
lineTo [0.13,-0.0225]
arcTo [0.15,-0.0225,0.15,-0.0024999999999999988,0.02]
lineTo [0.15,0.0024999999999999988]
arcTo [0.15,0.0225,0.13,0.0225,0.02]
lineTo [-0.13,0.0225]
arcTo [-0.15,0.0225,-0.15,0.0024999999999999988,0.02]
lineTo [-0.15,-0.0024999999999999988]
arcTo [-0.15,-0.0225,-0.13,-0.0225,0.02]
closePath []
set:fillStyle ["#5c2a24"]
fill []
restore []
restore []
save []
set:globalAlpha [1]
translate [522.9459006162637,-33.38110241421952]
rotate [-0.030000000000000006]
scale [1,1]
save []
translate [-58.9248,-7.142399999999999]
beginPath []
moveTo [-42.25919999999999,-17.855999999999998]
lineTo [42.25919999999999,-17.855999999999998]
arcTo [58.9248,-17.855999999999998,58.9248,-1.1903999999999968,16.6656]
lineTo [58.9248,1.1903999999999968]
arcTo [58.9248,17.855999999999998,42.25919999999999,17.855999999999998,16.6656]
lineTo [-42.25919999999999,17.855999999999998]
arcTo [-58.9248,17.855999999999998,-58.9248,1.1903999999999968,16.6656]
lineTo [-58.9248,-1.1903999999999968]
arcTo [-58.9248,-17.855999999999998,-42.25919999999999,-17.855999999999998,16.6656]
closePath []
set:fillStyle ["#241a16"]
fill []
restore []
restore []
save []
set:globalAlpha [1]
translate [560,690]
rotate [-0.06]
scale [1,1]
save []
translate [-60,-22]
beginPath []
moveTo [-40,-22]
lineTo [40,-22]
arcTo [60,-22,60,-2,20]
lineTo [60,2]
arcTo [60,22,40,22,20]
lineTo [-40,22]
arcTo [-60,22,-60,2,20]
lineTo [-60,-2]
arcTo [-60,-22,-40,-22,20]
closePath []
set:fillStyle ["#c94f3d"]
fill []
restore []
restore []
save []
set:globalAlpha [1]
translate [1131.11943466976,-68.69760194667583]
rotate [0.02]
scale [1,1]
save []
translate [-63.872400000000006,-19.579104]
beginPath []
moveTo [-19.604400000000005,-54.3864]
lineTo [19.604400000000005,-54.3864]
arcTo [63.872400000000006,-54.3864,63.872400000000006,-10.118400000000001,44.268]
lineTo [63.872400000000006,10.118400000000001]
arcTo [63.872400000000006,54.3864,19.604400000000005,54.3864,44.268]
lineTo [-19.604400000000005,54.3864]
arcTo [-63.872400000000006,54.3864,-63.872400000000006,10.118400000000001,44.268]
lineTo [-63.872400000000006,-10.118400000000001]
arcTo [-63.872400000000006,-54.3864,-19.604400000000005,-54.3864,44.268]
closePath []
set:fillStyle ["#15100e"]
fill []
restore []
restore []
save []
set:globalAlpha [1]
translate [1164.2,487.2]
rotate [0]
scale [1,1]
save []
translate [-17.85,0]
beginPath []
moveTo [-17.85,-81.328]
lineTo [17.85,-81.328]
lineTo [14.280000000000001,81.328]
lineTo [-14.280000000000001,81.328]
closePath []
set:fillStyle ["#243447"]
fill []
restore []
restore []
save []
set:globalAlpha [1]
translate [1075.8,487.2]
rotate [0]
scale [1,1]
save []
translate [-17.85,0]
beginPath []
moveTo [-17.85,-81.328]
lineTo [17.85,-81.328]
lineTo [14.280000000000001,81.328]
lineTo [-14.280000000000001,81.328]
closePath []
set:fillStyle ["#243447"]
fill []
restore []
restore []
save []
set:globalAlpha [1]
translate [1164.2,649.856]
rotate [0]
scale [1,1]
save []
translate [-14.280000000000001,0]
beginPath []
moveTo [-14.280000000000001,-75.072]
lineTo [14.280000000000001,-75.072]
lineTo [11.1384,75.072]
lineTo [-11.1384,75.072]
closePath []
set:fillStyle ["#243447"]
fill []
restore []
restore []
save []
set:globalAlpha [1]
translate [1075.8,649.856]
rotate [0]
scale [1,1]
save []
translate [-14.280000000000001,0]
beginPath []
moveTo [-14.280000000000001,-75.072]
lineTo [14.280000000000001,-75.072]
lineTo [11.1384,75.072]
lineTo [-11.1384,75.072]
closePath []
set:fillStyle ["#243447"]
fill []
restore []
restore []
save []
set:globalAlpha [1]
translate [1171.3400000000001,800]
rotate [0]
scale [1,1]
save []
translate [-12.138,-12.852000000000002]
beginPath []
moveTo [-14.28,-12.852000000000002]
lineTo [14.28,-12.852000000000002]
arcTo [24.276,-12.852000000000002,24.276,-2.8560000000000016,9.996]
lineTo [24.276,2.8560000000000016]
arcTo [24.276,12.852000000000002,14.28,12.852000000000002,9.996]
lineTo [-14.28,12.852000000000002]
arcTo [-24.276,12.852000000000002,-24.276,2.8560000000000016,9.996]
lineTo [-24.276,-2.8560000000000016]
arcTo [-24.276,-12.852000000000002,-14.28,-12.852000000000002,9.996]
closePath []
set:fillStyle ["#15181d"]
fill []
restore []
restore []
save []
set:globalAlpha [1]
translate [1082.94,800]
rotate [0]
scale [1,1]
save []
translate [-12.138,-12.852000000000002]
beginPath []
moveTo [-14.28,-12.852000000000002]
lineTo [14.28,-12.852000000000002]
arcTo [24.276,-12.852000000000002,24.276,-2.8560000000000016,9.996]
lineTo [24.276,2.8560000000000016]
arcTo [24.276,12.852000000000002,14.28,12.852000000000002,9.996]
lineTo [-14.28,12.852000000000002]
arcTo [-24.276,12.852000000000002,-24.276,2.8560000000000016,9.996]
lineTo [-24.276,-2.8560000000000016]
arcTo [-24.276,-12.852000000000002,-14.28,-12.852000000000002,9.996]
closePath []
set:fillStyle ["#15181d"]
fill []
restore []
restore []
save []
set:globalAlpha [1]
translate [1190.1633433460424,-28.29992323035833]
rotate [0.54]
scale [1,1]
save []
translate [-14.280000000000001,0]
beginPath []
moveTo [-14.280000000000001,-68]
lineTo [14.280000000000001,-68]
lineTo [12.280800000000001,68]
lineTo [-12.280800000000001,68]
closePath []
set:fillStyle ["#6b4423"]
fill []
restore []
restore []
save []
set:globalAlpha [1]
translate [1120.240848481219,88.34845743512176]
rotate [-0.4099999999999999]
scale [1,1]
save []
translate [-12.280800000000001,0]
beginPath []
moveTo [-12.280800000000001,-68]
lineTo [12.280800000000001,-68]
lineTo [10.281600000000001,68]
lineTo [-10.281600000000001,68]
closePath []
set:fillStyle ["#6b4423"]
fill []
restore []
restore []
save []
set:globalAlpha [1]
translate [1174.4517170871006,213.07688933818005]
rotate [-0.4099999999999999]
scale [1,1]
save []
translate [-17.7072,0]
beginPath []
ellipse [0,0,17.7072,17.7072,0,0,6.283185307179586,null]
set:fillStyle ["#6b4423"]
fill []
restore []
restore []
save []
set:globalAlpha [1]
translate [1120,487.2]
rotate [0.02]
scale [1,1]
save []
translate [-68,-204]
beginPath []
moveTo [-23.119999999999997,-102]
lineTo [23.119999999999997,-102]
arcTo [68,-102,68,-57.12,44.88]
lineTo [68,57.12]
arcTo [68,102,23.119999999999997,102,44.88]
lineTo [-23.119999999999997,102]
arcTo [-68,102,-68,57.12,44.88]
lineTo [-68,-57.12]
arcTo [-68,-102,-23.119999999999997,-102,44.88]
closePath []
set:fillStyle ["#3f9d6d"]
fill []
restore []
restore []
save []
set:globalAlpha [1]
translate [1070.5072785481866,-30.69336366021639]
rotate [0.19999999999999998]
scale [1,1]
save []
translate [-14.280000000000001,0]
beginPath []
moveTo [-14.280000000000001,-68]
lineTo [14.280000000000001,-68]
lineTo [12.280800000000001,68]
lineTo [-12.280800000000001,68]
closePath []
set:fillStyle ["#6b4423"]
fill []
restore []
restore []
save []
set:globalAlpha [1]
translate [1043.4882495600582,102.59569092619247]
rotate [0.19999999999999998]
scale [1,1]
save []
translate [-12.280800000000001,0]
beginPath []
moveTo [-12.280800000000001,-68]
lineTo [12.280800000000001,-68]
lineTo [10.281600000000001,68]
lineTo [-10.281600000000001,68]
closePath []
set:fillStyle ["#6b4423"]
fill []
restore []
restore []
save []
set:globalAlpha [1]
translate [1016.4692205719299,235.88474551260134]
rotate [0.19999999999999998]
scale [1,1]
save []
translate [-17.7072,0]
beginPath []
ellipse [0,0,17.7072,17.7072,0,0,6.283185307179586,null]
set:fillStyle ["#6b4423"]
fill []
restore []
restore []
save []
set:globalAlpha [1]
translate [1130.4617825152832,-35.81937868744677]
rotate [0.02]
scale [1,1]
save []
translate [-15.81,-12.648000000000001]
beginPath []
rect [-15.81,-12.648000000000001,31.62,25.296000000000003]
set:fillStyle ["#6b4423"]
fill []
restore []
restore []
save []
set:globalAlpha [1]
translate [1130.8664915334227,-56.052131462356954]
rotate [0.02]
scale [1,1]
save []
translate [-63.24,-124.65868800000003]
beginPath []
ellipse [0,0,63.24,70.82880000000002,0,0,6.283185307179586,null]
set:fillStyle ["#6b4423"]
fill []
restore []
restore []
save []
set:globalAlpha [1]
translate [1190.3634385938058,-58.02466634265147]
rotate [0.02]
scale [1,1]
save []
translate [-12.648000000000001,-15.810000000000002]
beginPath []
ellipse [0,0,12.648000000000001,15.810000000000002,0,0,6.283185307179586,null]
set:fillStyle ["#6b4423"]
fill []
restore []
restore []
save []
set:globalAlpha [1]
translate [1071.4960160412083,-60.402331824221875]
rotate [0.02]
scale [1,1]
save []
translate [-12.648000000000001,-15.810000000000002]
beginPath []
ellipse [0,0,12.648000000000001,15.810000000000002,0,0,6.283185307179586,null]
set:fillStyle ["#6b4423"]
fill []
restore []
restore []
save []
set:globalAlpha [1]
translate [1155.3479831123689,-78.32338837502343]
rotate [-0.02]
scale [1,1]
save []
translate [0,-2.3715]
beginPath []
moveTo [-8.3793,-2.3715]
lineTo [8.3793,-2.3715]
arcTo [10.750800000000002,-2.3715,10.750800000000002,0,2.3715]
lineTo [10.750800000000002,0]
arcTo [10.750800000000002,2.3715,8.3793,2.3715,2.3715]
lineTo [-8.3793,2.3715]
arcTo [-10.750800000000002,2.3715,-10.750800000000002,0,2.3715]
lineTo [-10.750800000000002,0]
arcTo [-10.750800000000002,-2.3715,-8.3793,-2.3715,2.3715]
closePath []
set:fillStyle ["#1a1310"]
fill []
restore []
restore []
save []
set:globalAlpha [1]
translate [1107.295195271957,-79.2845722931051]
rotate [0.06]
scale [1,1]
save []
translate [0,-2.3715]
beginPath []
moveTo [-8.3793,-2.3715]
lineTo [8.3793,-2.3715]
arcTo [10.750800000000002,-2.3715,10.750800000000002,0,2.3715]
lineTo [10.750800000000002,0]
arcTo [10.750800000000002,2.3715,8.3793,2.3715,2.3715]
lineTo [-8.3793,2.3715]
arcTo [-10.750800000000002,2.3715,-10.750800000000002,0,2.3715]
lineTo [-10.750800000000002,0]
arcTo [-10.750800000000002,-2.3715,-8.3793,-2.3715,2.3715]
closePath []
set:fillStyle ["#1a1310"]
fill []
restore []
restore []
save []
set:globalAlpha [1]
translate [1155.0193570217973,-61.89427474547556]
rotate [0.02]
scale [1,0.7]
save []
translate [-10.750800000000002,-11.825880000000003]
beginPath []
ellipse [0,0,10.750800000000002,11.825880000000003,0,0,6.283185307179586,null]
set:fillStyle ["#140f0d"]
fill []
restore []
restore []
save []
set:globalAlpha [1]
translate [1106.9665691813855,-62.85545866355722]
rotate [0.02]
scale [1,0.7]
save []
translate [-10.750800000000002,-11.825880000000003]
beginPath []
ellipse [0,0,10.750800000000002,11.825880000000003,0,0,6.283185307179586,null]
set:fillStyle ["#140f0d"]
fill []
restore []
restore []
save []
set:globalAlpha [1]
translate [1130.8664915334227,-56.052131462356954]
rotate [0.02]
scale [1,1]
save []
translate [-3.4782,-8.2212]
beginPath []
moveTo [-2.2134,-8.2212]
lineTo [3.4782,5.691600000000001]
lineTo [-3.4782,8.2212]
set:fillStyle ["#59371c"]
fill []
restore []
restore []
save []
set:globalAlpha [1]
translate [1130.284722319847,-26.96754934842354]
rotate [0.02]
scale [1,1]
save []
translate [-0.15,-0.0225]
beginPath []
moveTo [-0.13,-0.0225]
lineTo [0.13,-0.0225]
arcTo [0.15,-0.0225,0.15,-0.0024999999999999988,0.02]
lineTo [0.15,0.0024999999999999988]
arcTo [0.15,0.0225,0.13,0.0225,0.02]
lineTo [-0.13,0.0225]
arcTo [-0.15,0.0225,-0.15,0.0024999999999999988,0.02]
lineTo [-0.15,-0.0024999999999999988]
arcTo [-0.15,-0.0225,-0.13,-0.0225,0.02]
closePath []
set:fillStyle ["#4a221d"]
fill []
restore []
restore []
save []
set:globalAlpha [1]
translate [1131.8529697651381,-105.36946635120057]
rotate [0.02]
scale [1,1]
save []
translate [-63.24,-19.6044]
beginPath []
moveTo [-63.24,5.691600000000001]
lineTo [-34.782000000000004,-19.6044]
lineTo [22.134,-15.177599999999991]
lineTo [63.24,13.280400000000004]
lineTo [54.3864,18.339600000000004]
lineTo [12.648000000000001,6.956400000000002]
lineTo [-44.268,19.604400000000002]
closePath []
set:fillStyle ["#15100e"]
fill []
restore []
restore []
save []
set:globalAlpha [1]
translate [660,810]
rotate [0]
scale [1,1]
save []
translate [-26,-28]
beginPath []
moveTo [-18,-28]
lineTo [18,-28]
arcTo [26,-28,26,-20,8]
lineTo [26,20]
arcTo [26,28,18,28,8]
lineTo [-18,28]
arcTo [-26,28,-26,20,8]
lineTo [-26,-20]
arcTo [-26,-28,-18,-28,8]
closePath []
set:fillStyle ["#e8e2d6"]
fill []
restore []
restore []
save []
set:globalAlpha [1]
translate [692,810]
rotate [0]
scale [1,1]
save []
translate [-15,-15]
beginPath []
ellipse [0,0,15,15,0,0,6.283185307179586,null]
set:fillStyle ["#e8e2d6"]
fill []
restore []
restore []
save []
set:globalAlpha [1]
translate [660,786]
rotate [0]
scale [1,1]
save []
translate [-20,-7]
beginPath []
ellipse [0,0,20,7,0,0,6.283185307179586,null]
set:fillStyle ["#5c3a1e"]
fill []
restore []
restore []
save []
set:globalAlpha [1]
translate [1210,742]
rotate [0]
scale [1,1]
save []
translate [-22,-42]
beginPath []
moveTo [-13,-42]
lineTo [13,-42]
arcTo [22,-42,22,-33,9]
lineTo [22,33]
arcTo [22,42,13,42,9]
lineTo [-13,42]
arcTo [-22,42,-22,33,9]
lineTo [-22,-33]
arcTo [-22,-42,-13,-42,9]
closePath []
set:fillStyle ["#1c1f27"]
fill []
restore []
restore []
save []
set:globalAlpha [1]
translate [1210,739]
rotate [0]
scale [1,1]
save []
translate [-18,-35]
beginPath []
moveTo [-12,-35]
lineTo [12,-35]
arcTo [18,-35,18,-29,6]
lineTo [18,29]
arcTo [18,35,12,35,6]
lineTo [-12,35]
arcTo [-18,35,-18,29,6]
lineTo [-18,-29]
arcTo [-18,-35,-12,-35,6]
closePath []
set:fillStyle ["#4a9fd8"]
fill []
restore []
restore []
save []
set:globalAlpha [1]
translate [1210,739]
rotate [0]
scale [1,1]
save []
translate [-15,-30]
beginPath []
moveTo [-11,-30]
lineTo [11,-30]
arcTo [15,-30,15,-26,4]
lineTo [15,26]
arcTo [15,30,11,30,4]
lineTo [-11,30]
arcTo [-15,30,-15,26,4]
lineTo [-15,-26]
arcTo [-15,-30,-11,-30,4]
closePath []
set:fillStyle ["#8fd6ff"]
fill []
restore []
restore []
restore []
restore []
