save []
setTransform [1,0,0,1,0,0]
set:globalAlpha [1]
set:globalCompositeOperation ["source-over"]
set:imageSmoothingEnabled [true]
set:fillStyle ["#0b0d12"]
fillRect [0,0,1920,1080]
save []
translate [960,540]
rotate [0]
scale [1,1]
translate [-960,-540]
save []
translate [0,0]
save []
set:globalAlpha [1]
translate [960,400]
rotate [0]
scale [1,1]
save []
translate [-960,-450]
beginPath []
rect [-960,-450,1920,900]
set:fillStyle ["#2b2a3d"]
fill []
restore []
restore []
save []
set:globalAlpha [1]
translate [960,720]
rotate [0]
scale [1,1]
save []
translate [-960,-45]
beginPath []
rect [-960,-45,1920,90]
set:fillStyle ["#232234"]
fill []
restore []
restore []
save []
set:globalAlpha [1]
translate [520,330]
rotate [0]
scale [1,1]
save []
translate [-280,-200]
beginPath []
moveTo [-266,-200]
lineTo [266,-200]
arcTo [280,-200,280,-186,14]
lineTo [280,186]
arcTo [280,200,266,200,14]
lineTo [-266,200]
arcTo [-280,200,-280,186,14]
lineTo [-280,-186]
arcTo [-280,-200,-266,-200,14]
closePath []
set:fillStyle ["#0e1430"]
fill []
restore []
restore []
save []
set:globalAlpha [1]
translate [520,330]
rotate [0]
scale [1,1]
save []
translate [-8,-200]
beginPath []
rect [-8,-200,16,400]
set:fillStyle ["#3a3852"]
fill []
restore []
restore []
save []
set:globalAlpha [1]
translate [520,330]
rotate [0]
scale [1,1]
save []
translate [-280,-7]
beginPath []
rect [-280,-7,560,14]
set:fillStyle ["#3a3852"]
fill []
restore []
restore []
save []
set:globalAlpha [1]
translate [300,470]
rotate [0]
scale [1,1]
save []
translate [-40,-190]
beginPath []
rect [-40,-95,80,190]
set:fillStyle ["#1b2450"]
fill []
restore []
restore []
save []
set:globalAlpha [1]
translate [400,470]
rotate [0]
scale [1,1]
save []
translate [-28,-260]
beginPath []
rect [-28,-130,56,260]
set:fillStyle ["#212c60"]
fill []
restore []
restore []
save []
set:globalAlpha [1]
translate [490,470]
rotate [0]
scale [1,1]
save []
translate [-52,-150]
beginPath []
rect [-52,-75,104,150]
set:fillStyle ["#1b2450"]
fill []
restore []
restore []
save []
set:globalAlpha [1]
translate [580,470]
rotate [0]
scale [1,1]
save []
translate [-23,-300]
beginPath []
rect [-23,-150,46,300]
set:fillStyle ["#253172"]
fill []
restore []
restore []
save []
set:globalAlpha [1]
translate [660,470]
rotate [0]
scale [1,1]
save []
translate [-35,-210]
beginPath []
rect [-35,-105,70,210]
set:fillStyle ["#1b2450"]
fill []
restore []
restore []
save []
set:globalAlpha [1]
translate [288,430]
rotate [0]
scale [1,1]
save []
translate [-3.5,-9]
beginPath []
rect [-3.5,-4.5,7,9]
set:fillStyle ["#f2c14e"]
fill []
restore []
restore []
save []
set:globalAlpha [1]
translate [310,400]
rotate [0]
scale [1,1]
save []
translate [-3.5,-9]
beginPath []
rect [-3.5,-4.5,7,9]
set:fillStyle ["#f2c14e"]
fill []
restore []
restore []
save []
set:globalAlpha [1]
translate [392,420]
rotate [0]
scale [1,1]
save []
translate [-3.5,-9]
beginPath []
rect [-3.5,-4.5,7,9]
set:fillStyle ["#8fd6ff"]
fill []
restore []
restore []
save []
set:globalAlpha [1]
translate [574,250]
rotate [0]
scale [1,1]
save []
translate [-3.5,-9]
beginPath []
rect [-3.5,-4.5,7,9]
set:fillStyle ["#f2c14e"]
fill []
restore []
restore []
save []
set:globalAlpha [1]
translate [574,300]
rotate [0]
scale [1,1]
save []
translate [-3.5,-9]
beginPath []
rect [-3.5,-4.5,7,9]
set:fillStyle ["#8fd6ff"]
fill []
restore []
restore []
save []
set:globalAlpha [1]
translate [650,380]
rotate [0]
scale [1,1]
save []
translate [-3.5,-9]
beginPath []
rect [-3.5,-4.5,7,9]
set:fillStyle ["#f2c14e"]
fill []
restore []
restore []
save []
set:globalAlpha [1]
translate [470,214]
rotate [0]
scale [1,1]
save []
translate [-35,-11]
beginPath []
moveTo [-25,-11]
lineTo [25,-11]
arcTo [35,-11,35,-1,10]
lineTo [35,1]
arcTo [35,11,25,11,10]
lineTo [-25,11]
arcTo [-35,11,-35,1,10]
lineTo [-35,-1]
arcTo [-35,-11,-25,-11,10]
closePath []
set:fillStyle ["#6fd3ff"]
fill []
restore []
restore []
save []
set:globalAlpha [1]
translate [434,214]
rotate [0]
scale [1,1]
save []
translate [-8,-3.5]
beginPath []
moveTo [-8,3.5]
lineTo [8,-3.5]
set:fillStyle ["#6fd3ff"]
fill []
restore []
restore []
save []
set:globalAlpha [1]
translate [506,214]
rotate [0]
scale [1,1]
save []
translate [-8,-3.5]
beginPath []
moveTo [8,3.5]
lineTo [-8,-3.5]
set:fillStyle ["#6fd3ff"]
fill []
restore []
restore []
save []
set:globalAlpha [1]
translate [1180,300]
rotate [0]
scale [1,1]
save []
translate [-150,-95]
beginPath []
moveTo [-142,-95]
lineTo [142,-95]
arcTo [150,-95,150,-87,8]
lineTo [150,87]
arcTo [150,95,142,95,8]
lineTo [-142,95]
arcTo [-150,95,-150,87,8]
lineTo [-150,-87]
arcTo [-150,-95,-142,-95,8]
closePath []
set:fillStyle ["#12131f"]
fill []
restore []
restore []
save []
set:globalAlpha [1]
translate [1180,300]
rotate [0]
scale [1,1]
save []
translate [-138,-83]
beginPath []
moveTo [-134,-83]
lineTo [134,-83]
arcTo [138,-83,138,-79,4]
lineTo [138,79]
arcTo [138,83,134,83,4]
lineTo [-134,83]
arcTo [-138,83,-138,79,4]
lineTo [-138,-79]
arcTo [-138,-83,-134,-83,4]
closePath []
set:fillStyle ["#1d2c52"]
fill []
restore []
restore []
save []
set:globalAlpha [1]
translate [1120,260]
rotate [0]
scale [1,1]
save []
translate [-90,-5]
beginPath []
moveTo [-85,-5]
lineTo [85,-5]
arcTo [90,-5,90,0,5]
lineTo [90,0]
arcTo [90,5,85,5,5]
lineTo [-85,5]
arcTo [-90,5,-90,0,5]
lineTo [-90,0]
arcTo [-90,-5,-85,-5,5]
closePath []
set:fillStyle ["#5fa8ff"]
fill []
restore []
restore []
save []
set:globalAlpha [1]
translate [1090,282]
rotate [0]
scale [1,1]
save []
translate [-60,-5]
beginPath []
moveTo [-55,-5]
lineTo [55,-5]
arcTo [60,-5,60,0,5]
lineTo [60,0]
arcTo [60,5,55,5,5]
lineTo [-55,5]
arcTo [-60,5,-60,0,5]
lineTo [-60,0]
arcTo [-60,-5,-55,-5,5]
closePath []
set:fillStyle ["#5fa8ff"]
fill []
restore []
restore []
save []
set:globalAlpha [1]
translate [1250,340]
rotate [0]
scale [1,1]
save []
translate [-20,-20]
beginPath []
ellipse [0,0,20,20,0,0,6.283185307179586,null]
set:fillStyle ["#f2c14e"]
fill []
restore []
restore []
save []
set:globalAlpha [1]
translate [1620,330]
rotate [0]
scale [1,1]
save []
translate [-55,-70]
beginPath []
moveTo [-49,-70]
lineTo [49,-70]
arcTo [55,-70,55,-64,6]
lineTo [55,64]
arcTo [55,70,49,70,6]
lineTo [-49,70]
arcTo [-55,70,-55,64,6]
lineTo [-55,-64]
arcTo [-55,-70,-49,-70,6]
closePath []
set:fillStyle ["#3a3852"]
fill []
restore []
restore []
save []
set:globalAlpha [1]
translate [1620,330]
rotate [0]
scale [1,1]
save []
translate [-46,-61]
beginPath []
moveTo [-42,-61]
lineTo [42,-61]
arcTo [46,-61,46,-57,4]
lineTo [46,57]
arcTo [46,61,42,61,4]
lineTo [-42,61]
arcTo [-46,61,-46,57,4]
lineTo [-46,-57]
arcTo [-46,-61,-42,-61,4]
closePath []
set:fillStyle ["#4d6a8a"]
fill []
restore []
restore []
save []
set:globalAlpha [1]
translate [960,46]
rotate [0]
scale [1,1]
save []
translate [-450,-6]
beginPath []
rect [-450,-6,900,12]
set:fillStyle ["#f2e8c9"]
fill []
restore []
restore []
restore []
save []
translate [0,0]
save []
set:globalAlpha [1]
translate [960,860]
rotate [0]
scale [1,1]
save []
translate [-960,-170]
beginPath []
rect [-960,-170,1920,340]
set:fillStyle ["#1b1a28"]
fill []
restore []
restore []
save []
set:globalAlpha [1]
translate [1650,660]
rotate [0]
scale [1,1]
save []
translate [-280,-125]
beginPath []
rect [-280,-125,560,250]
set:fillStyle ["#343249"]
fill []
restore []
restore []
save []
set:globalAlpha [1]
translate [1650,540]
rotate [0]
scale [1,1]
save []
translate [-280,-10]
beginPath []
rect [-280,-10,560,20]
set:fillStyle ["#43405a"]
fill []
restore []
restore []
save []
set:globalAlpha [1]
translate [1720,300]
rotate [0]
scale [1,1]
save []
translate [-75,-75]
beginPath []
rect [-75,-75,150,150]
set:fillStyle ["#3c3a52"]
fill []
restore []
restore []
save []
set:globalAlpha [1]
translate [1720,300]
rotate [0]
scale [1,1]
save []
translate [-66,-66]
beginPath []
moveTo [-60,-66]
lineTo [60,-66]
arcTo [66,-66,66,-60,6]
lineTo [66,60]
arcTo [66,66,60,66,6]
lineTo [-60,66]
arcTo [-66,66,-66,60,6]
lineTo [-66,-60]
arcTo [-66,-66,-60,-66,6]
closePath []
set:fillStyle ["#20283f"]
fill []
restore []
restore []
save []
set:globalAlpha [1]
translate [640,700]
rotate [0]
scale [1,1]
save []
translate [-350,-95]
beginPath []
moveTo [-316,-95]
lineTo [316,-95]
arcTo [350,-95,350,-61,34]
lineTo [350,61]
arcTo [350,95,316,95,34]
lineTo [-316,95]
arcTo [-350,95,-350,61,34]
lineTo [-350,-61]
arcTo [-350,-95,-316,-95,34]
closePath []
set:fillStyle ["#3d5a80"]
fill []
restore []
restore []
save []
set:globalAlpha [1]
translate [640,592]
rotate [0]
scale [1,1]
save []
translate [-350,-60]
beginPath []
moveTo [-320,-60]
lineTo [320,-60]
arcTo [350,-60,350,-30,30]
lineTo [350,30]
arcTo [350,60,320,60,30]
lineTo [-320,60]
arcTo [-350,60,-350,30,30]
lineTo [-350,-30]
arcTo [-350,-60,-320,-60,30]
closePath []
set:fillStyle ["#456a94"]
fill []
restore []
restore []
save []
set:globalAlpha [1]
translate [310,660]
rotate [0]
scale [1,1]
save []
translate [-75,-130]
beginPath []
moveTo [-45,-130]
lineTo [45,-130]
arcTo [75,-130,75,-100,30]
lineTo [75,100]
arcTo [75,130,45,130,30]
lineTo [-45,130]
arcTo [-75,130,-75,100,30]
lineTo [-75,-100]
arcTo [-75,-130,-45,-130,30]
closePath []
set:fillStyle ["#456a94"]
fill []
restore []
restore []
save []
set:globalAlpha [1]
translate [970,660]
rotate [0]
scale [1,1]
save []
translate [-75,-130]
beginPath []
moveTo [-45,-130]
lineTo [45,-130]
arcTo [75,-130,75,-100,30]
lineTo [75,100]
arcTo [75,130,45,130,30]
lineTo [-45,130]
arcTo [-75,130,-75,100,30]
lineTo [-75,-100]
arcTo [-75,-130,-45,-130,30]
closePath []
set:fillStyle ["#456a94"]
fill []
restore []
restore []
save []
set:globalAlpha [1]
translate [640,600]
rotate [0]
scale [1,1]
save []
translate [-350,-13]
beginPath []
moveTo [-338,-13]
lineTo [338,-13]
arcTo [350,-13,350,-1,12]
lineTo [350,1]
arcTo [350,13,338,13,12]
lineTo [-338,13]
arcTo [-350,13,-350,1,12]
lineTo [-350,-1]
arcTo [-350,-13,-338,-13,12]
closePath []
set:fillStyle ["#5a86b5"]
fill []
restore []
restore []
save []
set:globalAlpha [1]
translate [640,830]
rotate [0]
scale [1,1]
save []
translate [-160,-11]
beginPath []
moveTo [-152,-11]
lineTo [152,-11]
arcTo [160,-11,160,-3,8]
lineTo [160,3]
arcTo [160,11,152,11,8]
lineTo [-152,11]
arcTo [-160,11,-160,3,8]
lineTo [-160,-3]
arcTo [-160,-11,-152,-11,8]
closePath []
set:fillStyle ["#6b4a34"]
fill []
restore []
restore []
save []
set:globalAlpha [1]
translate [500,874]
rotate [0]
scale [1,1]
save []
translate [-9,-45]
beginPath []
rect [-9,-45,18,90]
set:fillStyle ["#4a3223"]
fill []
restore []
restore []
save []
set:globalAlpha [1]
translate [780,874]
rotate [0]
scale [1,1]
save []
translate [-9,-45]
beginPath []
rect [-9,-45,18,90]
set:fillStyle ["#4a3223"]
fill []
restore []
restore []
save []
set:globalAlpha [1]
translate [1330,600]
rotate [0]
scale [1,1]
save []
translate [-90,-165]
beginPath []
moveTo [-82,-165]
lineTo [82,-165]
arcTo [90,-165,90,-157,8]
lineTo [90,157]
arcTo [90,165,82,165,8]
lineTo [-82,165]
arcTo [-90,165,-90,157,8]
lineTo [-90,-157]
arcTo [-90,-165,-82,-165,8]
closePath []
set:fillStyle ["#4a3f33"]
fill []
restore []
restore []
save []
set:globalAlpha [1]
translate [1250,600]
rotate [0]
scale [1,1]
save []
translate [-9,-9]
beginPath []
ellipse [0,0,9,9,0,0,6.283185307179586,null]
set:fillStyle ["#f2c14e"]
fill []
restore []
restore []
save []
set:globalAlpha [1]
translate [1330,782]
rotate [0]
scale [1,1]
save []
translate [-90,-26]
beginPath []
ellipse [0,0,90,26,0,0,6.283185307179586,null]
set:fillStyle ["#2f5a4a"]
fill []
restore []
restore []
restore []
save []
translate [0,0]
save []
set:globalAlpha [1]
translate [1860,930]
rotate [0]
scale [1,1]
save []
translate [-40,-45]
beginPath []
moveTo [-32,-45]
lineTo [32,-45]
arcTo [40,-45,40,-37,8]
lineTo [40,37]
arcTo [40,45,32,45,8]
lineTo [-32,45]
arcTo [-40,45,-40,37,8]
lineTo [-40,-37]
arcTo [-40,-45,-32,-45,8]
closePath []
set:fillStyle ["#7a4a30"]
fill []
restore []
restore []
save []
set:globalAlpha [1]
translate [1860,830]
rotate [0]
scale [1,1]
save []
translate [-60,-90]
beginPath []
ellipse [0,0,60,90,0,0,6.283185307179586,null]
set:fillStyle ["#2f6b3f"]
fill []
restore []
restore []
save []
set:globalAlpha [1]
translate [1820,860]
rotate [0]
scale [1,1]
save []
translate [-44,-70]
beginPath []
ellipse [0,0,44,70,0,0,6.283185307179586,null]
set:fillStyle ["#3a7d4c"]
fill []
restore []
restore []
save []
set:globalAlpha [1]
translate [1900,856]
rotate [0]
scale [1,1]
save []
translate [-40,-66]
beginPath []
ellipse [0,0,40,66,0,0,6.283185307179586,null]
set:fillStyle ["#356f47"]
fill []
restore []
restore []
restore []
save []
set:globalCompositeOperation ["multiply"]
set:globalAlpha [0.28]
set:fillStyle ["#8f9ad6"]
fillRect [0,0,1920,1080]
restore []
save []
set:globalCompositeOperation ["overlay"]
set:globalAlpha [0.18]
set:fillStyle ["#f2b33d"]
fillRect [0,0,1920,1080]
restore []
createRadialGradient [960,540,648,960,540,1440]
save []
set:fillStyle ["[Gradient]"]
fillRect [0,0,1920,1080]
restore []
save []
set:globalAlpha [1]
translate [588.5043639293199,-16.693218633612716]
rotate [0.25]
scale [1,1]
save []
translate [-62.495999999999995,-23.807999999999996]
beginPath []
moveTo [-32.736,-74.39999999999999]
lineTo [32.736,-74.39999999999999]
arcTo [62.495999999999995,-74.39999999999999,62.495999999999995,-44.63999999999999,29.759999999999998]
lineTo [62.495999999999995,44.63999999999999]
arcTo [62.495999999999995,74.39999999999999,32.736,74.39999999999999,29.759999999999998]
lineTo [-32.736,74.39999999999999]
arcTo [-62.495999999999995,74.39999999999999,-62.495999999999995,44.63999999999999,29.759999999999998]
lineTo [-62.495999999999995,-44.63999999999999]
arcTo [-62.495999999999995,-74.39999999999999,-32.736,-74.39999999999999,29.759999999999998]
closePath []
set:fillStyle ["#241a16"]
fill []
restore []
restore []
save []
set:globalAlpha [1]
translate [598.272,505.59999999999997]
rotate [0]
scale [1,1]
save []
translate [-13.776000000000002,0]
beginPath []
moveTo [-13.776000000000002,-76.54400000000001]
lineTo [13.776000000000002,-76.54400000000001]
lineTo [11.020800000000001,76.54400000000001]
lineTo [-11.020800000000001,76.54400000000001]
closePath []
set:fillStyle ["#2f3a4d"]
fill []
restore []
restore []
save []
set:globalAlpha [1]
translate [521.728,505.59999999999997]
rotate [0]
scale [1,1]
save []
translate [-13.776000000000002,0]
beginPath []
moveTo [-13.776000000000002,-76.54400000000001]
lineTo [13.776000000000002,-76.54400000000001]
lineTo [11.020800000000001,76.54400000000001]
lineTo [-11.020800000000001,76.54400000000001]
closePath []
set:fillStyle ["#2f3a4d"]
fill []
restore []
restore []
save []
set:globalAlpha [1]
translate [598.272,658.688]
rotate [0]
scale [1,1]
save []
translate [-11.020800000000001,0]
beginPath []
moveTo [-11.020800000000001,-70.656]
lineTo [11.020800000000001,-70.656]
lineTo [8.596224000000001,70.656]
lineTo [-8.596224000000001,70.656]
closePath []
set:fillStyle ["#2f3a4d"]
fill []
restore []
restore []
save []
set:globalAlpha [1]
translate [521.728,658.688]
rotate [0]
scale [1,1]
save []
translate [-11.020800000000001,0]
beginPath []
moveTo [-11.020800000000001,-70.656]
lineTo [11.020800000000001,-70.656]
lineTo [8.596224000000001,70.656]
lineTo [-8.596224000000001,70.656]
closePath []
set:fillStyle ["#2f3a4d"]
fill []
restore []
restore []
save []
set:globalAlpha [1]
translate [603.7824,800]
rotate [0]
scale [1,1]
save []
translate [-9.36768,-9.918720000000002]
beginPath []
moveTo [-11.0208,-9.918720000000002]
lineTo [11.0208,-9.918720000000002]
arcTo [18.73536,-9.918720000000002,18.73536,-2.2041600000000017,7.7145600000000005]
lineTo [18.73536,2.2041600000000017]
arcTo [18.73536,9.918720000000002,11.0208,9.918720000000002,7.7145600000000005]
lineTo [-11.0208,9.918720000000002]
arcTo [-18.73536,9.918720000000002,-18.73536,2.2041600000000017,7.7145600000000005]
lineTo [-18.73536,-2.2041600000000017]
arcTo [-18.73536,-9.918720000000002,-11.0208,-9.918720000000002,7.7145600000000005]
closePath []
set:fillStyle ["#1b1f27"]
fill []
restore []
restore []
save []
set:globalAlpha [1]
translate [527.2384,800]
rotate [0]
scale [1,1]
save []
translate [-9.36768,-9.918720000000002]
beginPath []
moveTo [-11.0208,-9.918720000000002]
lineTo [11.0208,-9.918720000000002]
arcTo [18.73536,-9.918720000000002,18.73536,-2.2041600000000017,7.7145600000000005]
lineTo [18.73536,2.2041600000000017]
arcTo [18.73536,9.918720000000002,11.0208,9.918720000000002,7.7145600000000005]
lineTo [-11.0208,9.918720000000002]
arcTo [-18.73536,9.918720000000002,-18.73536,2.2041600000000017,7.7145600000000005]
lineTo [-18.73536,-2.2041600000000017]
arcTo [-18.73536,-9.918720000000002,-11.0208,-9.918720000000002,7.7145600000000005]
closePath []
set:fillStyle ["#1b1f27"]
fill []
restore []
restore []
save []
set:globalAlpha [1]
translate [632.6845365455401,22.22862440334751]
rotate [0.77]
scale [1,1]
save []
translate [-11.020800000000001,0]
beginPath []
moveTo [-11.020800000000001,-59.2]
lineTo [11.020800000000001,-59.2]
lineTo [9.477888,59.2]
lineTo [-9.477888,59.2]
closePath []
set:fillStyle ["#8d5524"]
fill []
restore []
restore []
save []
set:globalAlpha [1]
translate [550.2621242920611,107.22924768528321]
rotate [-0.9299999999999999]
scale [1,1]
save []
translate [-9.477888,0]
beginPath []
moveTo [-9.477888,-59.2]
lineTo [9.477888,-59.2]
lineTo [7.934976000000001,59.2]
lineTo [-7.934976000000001,59.2]
closePath []
set:fillStyle ["#8d5524"]
fill []
restore []
restore []
save []
set:globalAlpha [1]
translate [645.1739252927003,178.01279118809933]
rotate [-0.9299999999999999]
scale [1,1]
save []
translate [-13.665792000000001,0]
beginPath []
ellipse [0,0,13.665792000000001,13.665792000000001,0,0,6.283185307179586,null]
set:fillStyle ["#8d5524"]
fill []
restore []
restore []
save []
set:globalAlpha [1]
translate [560,505.59999999999997]
rotate [0.05]
scale [1,1]
save []
translate [-55.04,-192]
beginPath []
moveTo [-12.799999999999997,-96]
lineTo [12.799999999999997,-96]
arcTo [55.04,-96,55.04,-53.76,42.24]
lineTo [55.04,53.76]
arcTo [55.04,96,12.799999999999997,96,42.24]
lineTo [-12.799999999999997,96]
arcTo [-55.04,96,-55.04,53.76,42.24]
lineTo [-55.04,-53.76]
arcTo [-55.04,-96,-12.799999999999997,-96,42.24]
closePath []
set:fillStyle ["#e8574a"]
fill []
restore []
restore []
save []
set:globalAlpha [1]
translate [535.9351993209757,17.387122284429154]
rotate [0.8300000000000001]
scale [1,1]
save []
translate [-11.020800000000001,0]
beginPath []
moveTo [-11.020800000000001,-59.2]
lineTo [11.020800000000001,-59.2]
lineTo [9.477888,59.2]
lineTo [-9.477888,59.2]
closePath []
set:fillStyle ["#8d5524"]
fill []
restore []
restore []
save []
set:globalAlpha [1]
translate [448.5641249815561,97.29241227686717]
rotate [-0.79]
scale [1,1]
save []
translate [-9.477888,0]
beginPath []
moveTo [-9.477888,-59.2]
lineTo [9.477888,-59.2]
lineTo [7.934976000000001,59.2]
lineTo [-7.934976000000001,59.2]
closePath []
set:fillStyle ["#8d5524"]
fill []
restore []
restore []
save []
set:globalAlpha [1]
translate [532.669952435801,180.62769765009193]
rotate [-0.79]
scale [1,1]
save []
translate [-13.665792000000001,0]
beginPath []
ellipse [0,0,13.665792000000001,13.665792000000001,0,0,6.283185307179586,null]
set:fillStyle ["#8d5524"]
fill []
restore []
restore []
save []
set:globalAlpha [1]
translate [584.607343948757,13.863311794017477]
rotate [0.05]
scale [1,1]
save []
translate [-14.879999999999999,-11.904]
beginPath []
rect [-14.879999999999999,-11.904,29.759999999999998,23.808]
set:fillStyle ["#8d5524"]
fill []
restore []
restore []
save []
set:globalAlpha [1]
translate [585.5592671983541,-5.159285165569202]
rotate [0.25]
scale [1,1]
save []
translate [-59.519999999999996,-117.32582400000001]
beginPath []
ellipse [0,0,59.519999999999996,66.6624,0,0,6.283185307179586,null]
set:fillStyle ["#8d5524"]
fill []
restore []
restore []
save []
set:globalAlpha [1]
translate [640.5050286809001,5.799186102959371]
rotate [0.25]
scale [1,1]
save []
translate [-11.904,-14.879999999999999]
beginPath []
ellipse [0,0,11.904,14.879999999999999,0,0,6.283185307179586,null]
set:fillStyle ["#8d5524"]
fill []
restore []
restore []
save []
set:globalAlpha [1]
translate [532.086054081291,-21.884723168119532]
rotate [0.25]
scale [1,1]
save []
translate [-11.904,-14.879999999999999]
beginPath []
ellipse [0,0,11.904,14.879999999999999,0,0,6.283185307179586,null]
set:fillStyle ["#8d5524"]
fill []
restore []
restore []
save []
set:globalAlpha [1]
translate [612.7749149033752,-20.324681619212427]
rotate [0.25]
scale [1,1]
save []
translate [0,-2.2319999999999998]
beginPath []
moveTo [-7.8864,-2.2319999999999998]
lineTo [7.8864,-2.2319999999999998]
arcTo [10.1184,-2.2319999999999998,10.1184,0,2.2319999999999998]
lineTo [10.1184,0]
arcTo [10.1184,2.2319999999999998,7.8864,2.2319999999999998,2.2319999999999998]
lineTo [-7.8864,2.2319999999999998]
arcTo [-10.1184,2.2319999999999998,-10.1184,0,2.2319999999999998]
lineTo [-10.1184,0]
arcTo [-10.1184,-2.2319999999999998,-7.8864,-2.2319999999999998,2.2319999999999998]
closePath []
set:fillStyle ["#2b1d18"]
fill []
restore []
restore []
save []
set:globalAlpha [1]
translate [568.9459677248099,-31.516049196882626]
rotate [0.25]
scale [1,1]
save []
translate [0,-2.2319999999999998]
beginPath []
moveTo [-7.8864,-2.2319999999999998]
lineTo [7.8864,-2.2319999999999998]
arcTo [10.1184,-2.2319999999999998,10.1184,0,2.2319999999999998]
lineTo [10.1184,0]
arcTo [10.1184,2.2319999999999998,7.8864,2.2319999999999998,2.2319999999999998]
lineTo [-7.8864,2.2319999999999998]
arcTo [-10.1184,2.2319999999999998,-10.1184,0,2.2319999999999998]
lineTo [-10.1184,0]
arcTo [-10.1184,-2.2319999999999998,-7.8864,-2.2319999999999998,2.2319999999999998]
closePath []
set:fillStyle ["#2b1d18"]
fill []
restore []
restore []
save []
set:globalAlpha [1]
translate [608.9462891531197,-5.330568110755861]
rotate [0.25]
scale [1,1]
save []
translate [-10.1184,-11.13024]
beginPath []
ellipse [0,0,10.1184,11.13024,0,0,6.283185307179586,null]
set:fillStyle ["#1a1210"]
fill []
restore []
restore []
save []
set:globalAlpha [1]
translate [565.1173419745543,-16.521935688426055]
rotate [0.25]
scale [1,1]
save []
translate [-10.1184,-11.13024]
beginPath []
ellipse [0,0,10.1184,11.13024,0,0,6.283185307179586,null]
set:fillStyle ["#1a1210"]
fill []
restore []
restore []
save []
set:globalAlpha [1]
translate [585.5592671983541,-5.159285165569202]
rotate [0.25]
scale [1,1]
save []
translate [-3.2736,-7.7376]
beginPath []
moveTo [-2.0831999999999997,-7.737599999999999]
lineTo [3.2736,5.356800000000001]
lineTo [-3.2735999999999996,7.7376]
set:fillStyle ["#7a4720"]
fill []
restore []
restore []
save []
set:globalAlpha [1]
translate [578.7855447171327,21.368761810930884]
rotate [0.25]
scale [1,1]
save []
translate [-10.1184,-1.488]
beginPath []
moveTo [-8.927999999999999,-1.488]
lineTo [8.927999999999999,-1.488]
arcTo [10.1184,-1.488,10.1184,-0.2976000000000001,1.1904]
lineTo [10.1184,0.2976000000000001]
arcTo [10.1184,1.488,8.927999999999999,1.488,1.1904]
lineTo [-8.927999999999999,1.488]
arcTo [-10.1184,1.488,-10.1184,0.2976000000000001,1.1904]
lineTo [-10.1184,-0.2976000000000001]
arcTo [-10.1184,-1.488,-8.927999999999999,-1.488,1.1904]
closePath []
set:fillStyle ["#5c2a24"]
fill []
restore []
restore []
save []
set:globalAlpha [1]
translate [596.161615429831,-46.68144565052585]
rotate [0.25]
scale [1,1]
save []
translate [-58.9248,-7.142399999999999]
beginPath []
moveTo [-42.25919999999999,-17.855999999999998]
lineTo [42.25919999999999,-17.855999999999998]
arcTo [58.9248,-17.855999999999998,58.9248,-1.1903999999999968,16.6656]
lineTo [58.9248,1.1903999999999968]
arcTo [58.9248,17.855999999999998,42.25919999999999,17.855999999999998,16.6656]
lineTo [-42.25919999999999,17.855999999999998]
arcTo [-58.9248,17.855999999999998,-58.9248,1.1903999999999968,16.6656]
lineTo [-58.9248,-1.1903999999999968]
arcTo [-58.9248,-17.855999999999998,-42.25919999999999,-17.855999999999998,16.6656]
closePath []
set:fillStyle ["#241a16"]
fill []
restore []
restore []
save []
set:globalAlpha [1]
translate [1604.1004094468935,-440.3873255429331]
rotate [0.09]
scale [0.85,0.85]
save []
translate [-55.68,-52.896]
beginPath []
moveTo [-11.135999999999996,-52.896]
lineTo [11.135999999999996,-52.896]
arcTo [55.68,-52.896,55.68,-8.351999999999997,44.544000000000004]
lineTo [55.68,8.351999999999997]
arcTo [55.68,52.896,11.135999999999996,52.896,44.544000000000004]
lineTo [-11.135999999999996,52.896]
arcTo [-55.68,52.896,-55.68,8.351999999999997,44.544000000000004]
lineTo [-55.68,-8.351999999999997]
arcTo [-55.68,-52.896,-11.135999999999996,-52.896,44.544000000000004]
closePath []
set:fillStyle ["#1d1512"]
fill []
restore []
restore []
save []
set:globalAlpha [1]
translate [1619.585,33.19999999999999]
rotate [0]
scale [0.85,0.85]
save []
translate [-18.879,0]
beginPath []
moveTo [-18.879,-69.36800000000001]
lineTo [18.879,-69.36800000000001]
lineTo [15.103200000000001,69.36800000000001]
lineTo [-15.103200000000001,69.36800000000001]
closePath []
set:fillStyle ["#3b3550"]
fill []
restore []
restore []
save []
set:globalAlpha [1]
translate [1540.415,33.19999999999999]
rotate [0]
scale [0.85,0.85]
save []
translate [-18.879,0]
beginPath []
moveTo [-18.879,-69.36800000000001]
lineTo [18.879,-69.36800000000001]
lineTo [15.103200000000001,69.36800000000001]
lineTo [-15.103200000000001,69.36800000000001]
closePath []
set:fillStyle ["#3b3550"]
fill []
restore []
restore []
save []
set:globalAlpha [1]
translate [1619.585,171.936]
rotate [0]
scale [0.85,0.85]
save []
translate [-15.103200000000001,0]
beginPath []
moveTo [-15.103200000000001,-64.032]
lineTo [15.103200000000001,-64.032]
lineTo [11.780496000000001,64.032]
lineTo [-11.780496000000001,64.032]
closePath []
set:fillStyle ["#3b3550"]
fill []
restore []
restore []
save []
set:globalAlpha [1]
translate [1540.415,171.936]
rotate [0]
scale [0.85,0.85]
save []
translate [-15.103200000000001,0]
beginPath []
moveTo [-15.103200000000001,-64.032]
lineTo [15.103200000000001,-64.032]
lineTo [11.780496000000001,64.032]
lineTo [-11.780496000000001,64.032]
closePath []
set:fillStyle ["#3b3550"]
fill []
restore []
restore []
save []
set:globalAlpha [1]
translate [1627.1366,300]
rotate [0]
scale [0.85,0.85]
save []
translate [-12.837720000000001,-13.592880000000001]
beginPath []
moveTo [-15.103200000000001,-13.592880000000001]
lineTo [15.103200000000001,-13.592880000000001]
arcTo [25.675440000000002,-13.592880000000001,25.675440000000002,-3.02064,10.57224]
lineTo [25.675440000000002,3.02064]
arcTo [25.675440000000002,13.592880000000001,15.103200000000001,13.592880000000001,10.57224]
lineTo [-15.103200000000001,13.592880000000001]
arcTo [-25.675440000000002,13.592880000000001,-25.675440000000002,3.02064,10.57224]
lineTo [-25.675440000000002,-3.02064]
arcTo [-25.675440000000002,-13.592880000000001,-15.103200000000001,-13.592880000000001,10.57224]
closePath []
set:fillStyle ["#1b1a20"]
fill []
restore []
restore []
save []
set:globalAlpha [1]
translate [1547.9666,300]
rotate [0]
scale [0.85,0.85]
save []
translate [-12.837720000000001,-13.592880000000001]
beginPath []
moveTo [-15.103200000000001,-13.592880000000001]
lineTo [15.103200000000001,-13.592880000000001]
arcTo [25.675440000000002,-13.592880000000001,25.675440000000002,-3.02064,10.57224]
lineTo [25.675440000000002,3.02064]
arcTo [25.675440000000002,13.592880000000001,15.103200000000001,13.592880000000001,10.57224]
lineTo [-15.103200000000001,13.592880000000001]
arcTo [-25.675440000000002,13.592880000000001,-25.675440000000002,3.02064,10.57224]
lineTo [-25.675440000000002,-3.02064]
arcTo [-25.675440000000002,-13.592880000000001,-15.103200000000001,-13.592880000000001,10.57224]
closePath []
set:fillStyle ["#1b1a20"]
fill []
restore []
restore []
save []
set:globalAlpha [1]
translate [1662.1827494973747,-404.0390093586022]
rotate [0.25]
scale [0.85,0.85]
save []
translate [-15.103200000000001,0]
beginPath []
moveTo [-15.103200000000001,-53.65]
lineTo [15.103200000000001,-53.65]
lineTo [12.988752,53.65]
lineTo [-12.988752,53.65]
closePath []
set:fillStyle ["#7d4a24"]
fill []
restore []
restore []
save []
set:globalAlpha [1]
translate [1635.6363046693643,-300.07470650905]
rotate [0.25]
scale [0.85,0.85]
save []
translate [-12.988752,0]
beginPath []
moveTo [-12.988752,-53.65]
lineTo [12.988752,-53.65]
lineTo [10.874304,53.65]
lineTo [-10.874304,53.65]
closePath []
set:fillStyle ["#7d4a24"]
fill []
restore []
restore []
save []
set:globalAlpha [1]
translate [1609.089859841354,-196.1104036594978]
rotate [0.25]
scale [0.85,0.85]
save []
translate [-18.727968,0]
beginPath []
ellipse [0,0,18.727968,18.727968,0,0,6.283185307179586,null]
set:fillStyle ["#7d4a24"]
fill []
restore []
restore []
save []
set:globalAlpha [1]
translate [1580,33.19999999999999]
rotate [0.05]
scale [0.85,0.85]
save []
translate [-68.44,-174]
beginPath []
moveTo [-30.159999999999997,-87]
lineTo [30.159999999999997,-87]
arcTo [68.44,-87,68.44,-48.72,38.28]
lineTo [68.44,48.72]
arcTo [68.44,87,30.159999999999997,87,38.28]
lineTo [-30.159999999999997,87]
arcTo [-68.44,87,-68.44,48.72,38.28]
lineTo [-68.44,-48.72]
arcTo [-68.44,-87,-30.159999999999997,-87,38.28]
closePath []
set:fillStyle ["#b8623c"]
fill []
restore []
restore []
save []
set:globalAlpha [1]
translate [1541.8788861316555,-410.0592202056002]
rotate [-1.3699999999999999]
scale [0.85,0.85]
save []
translate [-15.103200000000001,0]
beginPath []
moveTo [-15.103200000000001,-53.65]
lineTo [15.103200000000001,-53.65]
lineTo [12.988752,53.65]
lineTo [-12.988752,53.65]
closePath []
set:fillStyle ["#7d4a24"]
fill []
restore []
restore []
save []
set:globalAlpha [1]
translate [1647.0230211197268,-388.6582651425606]
rotate [-1.21]
scale [0.85,0.85]
save []
translate [-12.988752,0]
beginPath []
moveTo [-12.988752,-53.65]
lineTo [12.988752,-53.65]
lineTo [10.874304,53.65]
lineTo [-10.874304,53.65]
closePath []
set:fillStyle ["#7d4a24"]
fill []
restore []
restore []
save []
set:globalAlpha [1]
translate [1747.414618086405,-350.77928339172644]
rotate [-1.21]
scale [0.85,0.85]
save []
translate [-18.727968,0]
beginPath []
ellipse [0,0,18.727968,18.727968,0,0,6.283185307179586,null]
set:fillStyle ["#7d4a24"]
fill []
restore []
restore []
save []
set:globalAlpha [1]
translate [1602.3091018290143,-412.61015623198034]
rotate [0.05]
scale [0.85,0.85]
save []
translate [-13.92,-11.136000000000001]
beginPath []
rect [-13.92,-11.136000000000001,27.84,22.272000000000002]
set:fillStyle ["#7d4a24"]
fill []
restore []
restore []
save []
set:globalAlpha [1]
translate [1603.1996106754113,-430.4054888715937]
rotate [0.09]
scale [0.85,0.85]
save []
translate [-55.68,-109.756416]
beginPath []
ellipse [0,0,55.68,62.3616,0,0,6.283185307179586,null]
set:fillStyle ["#7d4a24"]
fill []
restore []
restore []
save []
set:globalAlpha [1]
translate [1655.57720184004,-428.4740499181146]
rotate [0.09]
scale [0.85,0.85]
save []
translate [-11.136000000000001,-13.920000000000002]
beginPath []
ellipse [0,0,11.136000000000001,13.920000000000002,0,0,6.283185307179586,null]
set:fillStyle ["#7d4a24"]
fill []
restore []
restore []
save []
set:globalAlpha [1]
translate [1551.3224632727172,-437.88239264248364]
rotate [0.09]
scale [0.85,0.85]
save []
translate [-11.136000000000001,-13.920000000000002]
beginPath []
ellipse [0,0,11.136000000000001,13.920000000000002,0,0,6.283185307179586,null]
set:fillStyle ["#7d4a24"]
fill []
restore []
restore []
save []
set:globalAlpha [1]
translate [1626.0739745245367,-448.46747591892137]
rotate [0.09]
scale [0.85,0.85]
save []
translate [0,-2.088]
beginPath []
moveTo [-7.3776,-2.088]
lineTo [7.3776,-2.088]
arcTo [9.4656,-2.088,9.4656,0,2.088]
lineTo [9.4656,0]
arcTo [9.4656,2.088,7.3776,2.088,2.088]
lineTo [-7.3776,2.088]
arcTo [-9.4656,2.088,-9.4656,0,2.088]
lineTo [-9.4656,0]
arcTo [-9.4656,-2.088,-7.3776,-2.088,2.088]
closePath []
set:fillStyle ["#241a16"]
fill []
restore []
restore []
save []
set:globalAlpha [1]
translate [1583.9284419122148,-452.2708485096237]
rotate [0.09]
scale [0.85,0.85]
save []
translate [0,-2.088]
beginPath []
moveTo [-7.3776,-2.088]
lineTo [7.3776,-2.088]
arcTo [9.4656,-2.088,9.4656,0,2.088]
lineTo [9.4656,0]
arcTo [9.4656,2.088,7.3776,2.088,2.088]
lineTo [-7.3776,2.088]
arcTo [-9.4656,2.088,-9.4656,0,2.088]
lineTo [-9.4656,0]
arcTo [-9.4656,-2.088,-7.3776,-2.088,2.088]
closePath []
set:fillStyle ["#241a16"]
fill []
restore []
restore []
save []
set:globalAlpha [1]
translate [1624.7728207435068,-434.04926739365334]
rotate [0.09]
scale [0.85,0.85]
save []
translate [-9.4656,-10.412160000000002]
beginPath []
ellipse [0,0,9.4656,10.412160000000002,0,0,6.283185307179586,null]
set:fillStyle ["#171010"]
fill []
restore []
restore []
save []
set:globalAlpha [1]
translate [1582.627288131185,-437.8526399843557]
rotate [0.09]
scale [0.85,0.85]
save []
translate [-9.4656,-10.412160000000002]
beginPath []
ellipse [0,0,9.4656,10.412160000000002,0,0,6.283185307179586,null]
set:fillStyle ["#171010"]
fill []
restore []
restore []
save []
set:globalAlpha [1]
translate [1603.1996106754113,-430.4054888715937]
rotate [0.09]
scale [0.85,0.85]
save []
translate [-3.0624,-7.2383999999999995]
beginPath []
moveTo [-1.9487999999999999,-7.2383999999999995]
lineTo [3.0624,5.011200000000001]
lineTo [-3.0624,7.2383999999999995]
set:fillStyle ["#6a3d1d"]
fill []
restore []
restore []
save []
set:globalAlpha [1]
translate [1600.8975693705124,-404.8963507115041]
rotate [0.09]
scale [0.85,0.85]
save []
translate [-9.4656,-1.3920000000000001]
beginPath []
moveTo [-8.352,-1.3920000000000001]
lineTo [8.352,-1.3920000000000001]
arcTo [9.4656,-1.3920000000000001,9.4656,-0.2784000000000002,1.1136]
lineTo [9.4656,0.2784000000000002]
arcTo [9.4656,1.3920000000000001,8.352,1.3920000000000001,1.1136]
lineTo [-8.352,1.3920000000000001]
arcTo [-9.4656,1.3920000000000001,-9.4656,0.2784000000000002,1.1136]
lineTo [-9.4656,-0.2784000000000002]
arcTo [-9.4656,-1.3920000000000001,-8.352,-1.3920000000000001,1.1136]
closePath []
set:fillStyle ["#542823"]
fill []
restore []
restore []
save []
set:globalAlpha [1]
translate [1607.1030720185006,-473.66011444739786]
rotate [0.09]
scale [0.85,0.85]
save []
translate [-55.68,-17.260799999999996]
beginPath []
moveTo [-55.68,5.011200000000002]
lineTo [-30.624000000000002,-17.260799999999996]
lineTo [19.488,-13.363199999999999]
lineTo [55.68,11.692800000000002]
lineTo [47.8848,16.1472]
lineTo [11.136000000000001,6.1248000000000005]
lineTo [-38.976,17.2608]
closePath []
set:fillStyle ["#1d1512"]
fill []
restore []
restore []
save []
set:globalAlpha [1]
translate [700,660]
rotate [0]
scale [1,1]
save []
translate [-22,-42]
beginPath []
moveTo [-13,-42]
lineTo [13,-42]
arcTo [22,-42,22,-33,9]
lineTo [22,33]
arcTo [22,42,13,42,9]
lineTo [-13,42]
arcTo [-22,42,-22,33,9]
lineTo [-22,-33]
arcTo [-22,-42,-13,-42,9]
closePath []
set:fillStyle ["#1c1f27"]
fill []
restore []
restore []
save []
set:globalAlpha [1]
translate [700,657]
rotate [0]
scale [1,1]
save []
translate [-18,-35]
beginPath []
moveTo [-12,-35]
lineTo [12,-35]
arcTo [18,-35,18,-29,6]
lineTo [18,29]
arcTo [18,35,12,35,6]
lineTo [-12,35]
arcTo [-18,35,-18,29,6]
lineTo [-18,-29]
arcTo [-18,-35,-12,-35,6]
closePath []
set:fillStyle ["#4a9fd8"]
fill []
restore []
restore []
save []
set:globalAlpha [1]
translate [700,657]
rotate [0]
scale [1,1]
save []
translate [-15,-30]
beginPath []
moveTo [-11,-30]
lineTo [11,-30]
arcTo [15,-30,15,-26,4]
lineTo [15,26]
arcTo [15,30,11,30,4]
lineTo [-11,30]
arcTo [-15,30,-15,26,4]
lineTo [-15,-26]
arcTo [-15,-30,-11,-30,4]
closePath []
set:fillStyle ["#8fd6ff"]
fill []
restore []
restore []
restore []
restore []
