save []
setTransform [1,0,0,1,0,0]
set:globalAlpha [1]
set:globalCompositeOperation ["source-over"]
set:imageSmoothingEnabled [true]
set:fillStyle ["#0b0d12"]
fillRect [0,0,1920,1080]
save []
translate [960,540]
rotate [0]
scale [1,1]
translate [-960,-540]
save []
translate [0,0]
save []
set:globalAlpha [1]
translate [960,400]
rotate [0]
scale [1,1]
save []
translate [-960,-450]
beginPath []
rect [-960,-450,1920,900]
set:fillStyle ["#1c1526"]
fill []
restore []
restore []
save []
set:globalAlpha [1]
translate [960,320]
rotate [0]
scale [1,1]
save []
translate [-450,-120]
beginPath []
moveTo [-434,-120]
lineTo [434,-120]
arcTo [450,-120,450,-104,16]
lineTo [450,104]
arcTo [450,120,434,120,16]
lineTo [-434,120]
arcTo [-450,120,-450,104,16]
lineTo [-450,-104]
arcTo [-450,-120,-434,-120,16]
closePath []
set:fillStyle ["#2a1f38"]
fill []
restore []
restore []
save []
set:globalAlpha [1]
translate [960,420]
rotate [0]
scale [1,1]
save []
translate [-430,-6]
beginPath []
rect [-430,-6,860,12]
set:fillStyle ["#6b4a86"]
fill []
restore []
restore []
save []
set:globalAlpha [1]
translate [960,250]
rotate [0]
scale [1,1]
save []
translate [-430,-6]
beginPath []
rect [-430,-6,860,12]
set:fillStyle ["#6b4a86"]
fill []
restore []
restore []
save []
set:globalAlpha [1]
translate [600,414]
rotate [0]
scale [1,1]
save []
translate [-9,-54]
beginPath []
rect [-9,-27,18,54]
set:fillStyle ["#3f9d6d"]
fill []
restore []
restore []
save []
set:globalAlpha [1]
translate [640,414]
rotate [0]
scale [1,1]
save []
translate [-9,-54]
beginPath []
rect [-9,-27,18,54]
set:fillStyle ["#c94f3d"]
fill []
restore []
restore []
save []
set:globalAlpha [1]
translate [680,414]
rotate [0]
scale [1,1]
save []
translate [-9,-54]
beginPath []
rect [-9,-27,18,54]
set:fillStyle ["#f2b33d"]
fill []
restore []
restore []
save []
set:globalAlpha [1]
translate [720,414]
rotate [0]
scale [1,1]
save []
translate [-9,-54]
beginPath []
rect [-9,-27,18,54]
set:fillStyle ["#6fd3ff"]
fill []
restore []
restore []
save []
set:globalAlpha [1]
translate [1160,414]
rotate [0]
scale [1,1]
save []
translate [-9,-54]
beginPath []
rect [-9,-27,18,54]
set:fillStyle ["#3f9d6d"]
fill []
restore []
restore []
save []
set:globalAlpha [1]
translate [1200,414]
rotate [0]
scale [1,1]
save []
translate [-9,-54]
beginPath []
rect [-9,-27,18,54]
set:fillStyle ["#c94f3d"]
fill []
restore []
restore []
save []
set:globalAlpha [1]
translate [1240,414]
rotate [0]
scale [1,1]
save []
translate [-9,-54]
beginPath []
rect [-9,-27,18,54]
set:fillStyle ["#f2b33d"]
fill []
restore []
restore []
save []
set:globalAlpha [1]
translate [1280,414]
rotate [0]
scale [1,1]
save []
translate [-9,-54]
beginPath []
rect [-9,-27,18,54]
set:fillStyle ["#6fd3ff"]
fill []
restore []
restore []
save []
set:globalAlpha [1]
translate [960,620]
rotate [0]
scale [1,1]
save []
translate [-160,-50]
beginPath []
moveTo [-140,-50]
lineTo [140,-50]
arcTo [160,-50,160,-30,20]
lineTo [160,30]
arcTo [160,50,140,50,20]
lineTo [-140,50]
arcTo [-160,50,-160,30,20]
lineTo [-160,-30]
arcTo [-160,-50,-140,-50,20]
closePath []
set:fillStyle ["#2a1f38"]
fill []
restore []
restore []
save []
set:globalAlpha [1]
translate [900,600]
rotate [0]
scale [1,1]
save []
translate [-140,-12]
beginPath []
moveTo [-128,-12]
lineTo [128,-12]
arcTo [140,-12,140,0,12]
lineTo [140,0]
arcTo [140,12,128,12,12]
lineTo [-128,12]
arcTo [-140,12,-140,0,12]
lineTo [-140,0]
arcTo [-140,-12,-128,-12,12]
closePath []
set:fillStyle ["#f2577f"]
fill []
restore []
restore []
save []
set:globalAlpha [1]
translate [1030,640]
rotate [0]
scale [1,1]
save []
translate [-95,-12]
beginPath []
moveTo [-83,-12]
lineTo [83,-12]
arcTo [95,-12,95,0,12]
lineTo [95,0]
arcTo [95,12,83,12,12]
lineTo [-83,12]
arcTo [-95,12,-95,0,12]
lineTo [-95,0]
arcTo [-95,-12,-83,-12,12]
closePath []
set:fillStyle ["#6fd3ff"]
fill []
restore []
restore []
save []
set:globalAlpha [1]
translate [960,900]
rotate [0]
scale [1,1]
save []
translate [-960,-100]
beginPath []
rect [-960,-100,1920,200]
set:fillStyle ["#141020"]
fill []
restore []
restore []
restore []
save []
translate [0,0]
save []
set:globalAlpha [1]
translate [960,735]
rotate [0]
scale [1,1]
save []
translate [-960,-65]
beginPath []
rect [-960,-65,1920,130]
set:fillStyle ["#2f2440"]
fill []
restore []
restore []
save []
set:globalAlpha [1]
translate [960,676]
rotate [0]
scale [1,1]
save []
translate [-960,-13]
beginPath []
rect [-960,-13,1920,26]
set:fillStyle ["#6b4a86"]
fill []
restore []
restore []
save []
set:globalAlpha [1]
translate [700,800]
rotate [0]
scale [1,1]
save []
translate [-45,-11]
beginPath []
moveTo [-37,-11]
lineTo [37,-11]
arcTo [45,-11,45,-3,8]
lineTo [45,3]
arcTo [45,11,37,11,8]
lineTo [-37,11]
arcTo [-45,11,-45,3,8]
lineTo [-45,-3]
arcTo [-45,-11,-37,-11,8]
closePath []
set:fillStyle ["#8a5a3a"]
fill []
restore []
restore []
save []
set:globalAlpha [1]
translate [700,846]
rotate [0]
scale [1,1]
save []
translate [-8,-35]
beginPath []
rect [-8,-35,16,70]
set:fillStyle ["#5a3a24"]
fill []
restore []
restore []
save []
set:globalAlpha [1]
translate [880,800]
rotate [0]
scale [1,1]
save []
translate [-45,-11]
beginPath []
moveTo [-37,-11]
lineTo [37,-11]
arcTo [45,-11,45,-3,8]
lineTo [45,3]
arcTo [45,11,37,11,8]
lineTo [-37,11]
arcTo [-45,11,-45,3,8]
lineTo [-45,-3]
arcTo [-45,-11,-37,-11,8]
closePath []
set:fillStyle ["#8a5a3a"]
fill []
restore []
restore []
save []
set:globalAlpha [1]
translate [880,846]
rotate [0]
scale [1,1]
save []
translate [-8,-35]
beginPath []
rect [-8,-35,16,70]
set:fillStyle ["#5a3a24"]
fill []
restore []
restore []
save []
set:globalAlpha [1]
translate [1060,800]
rotate [0]
scale [1,1]
save []
translate [-45,-11]
beginPath []
moveTo [-37,-11]
lineTo [37,-11]
arcTo [45,-11,45,-3,8]
lineTo [45,3]
arcTo [45,11,37,11,8]
lineTo [-37,11]
arcTo [-45,11,-45,3,8]
lineTo [-45,-3]
arcTo [-45,-11,-37,-11,8]
closePath []
set:fillStyle ["#8a5a3a"]
fill []
restore []
restore []
save []
set:globalAlpha [1]
translate [1060,846]
rotate [0]
scale [1,1]
save []
translate [-8,-35]
beginPath []
rect [-8,-35,16,70]
set:fillStyle ["#5a3a24"]
fill []
restore []
restore []
save []
set:globalAlpha [1]
translate [330,880]
rotate [0]
scale [1,1]
save []
translate [-110,-30]
beginPath []
ellipse [0,0,110,30,0,0,6.283185307179586,null]
set:fillStyle ["#3f9d6d"]
fill []
restore []
restore []
save []
set:globalAlpha [1]
translate [330,936]
rotate [0]
scale [1,1]
save []
translate [-9,-45]
beginPath []
rect [-9,-45,18,90]
set:fillStyle ["#2a5a44"]
fill []
restore []
restore []
save []
set:globalAlpha [1]
translate [1620,880]
rotate [0]
scale [1,1]
save []
translate [-110,-30]
beginPath []
ellipse [0,0,110,30,0,0,6.283185307179586,null]
set:fillStyle ["#c94f3d"]
fill []
restore []
restore []
save []
set:globalAlpha [1]
translate [1620,936]
rotate [0]
scale [1,1]
save []
translate [-9,-45]
beginPath []
rect [-9,-45,18,90]
set:fillStyle ["#7d2f24"]
fill []
restore []
restore []
restore []
save []
translate [0,0]
save []
set:globalAlpha [1]
translate [400,960]
rotate [0]
scale [1,1]
save []
translate [-350,-150]
beginPath []
moveTo [-320,-150]
lineTo [320,-150]
arcTo [350,-150,350,-120,30]
lineTo [350,120]
arcTo [350,150,320,150,30]
lineTo [-320,150]
arcTo [-350,150,-350,120,30]
lineTo [-350,-120]
arcTo [-350,-150,-320,-150,30]
closePath []
set:fillStyle ["#241a30"]
fill []
restore []
restore []
save []
set:globalAlpha [1]
translate [400,810]
rotate [0]
scale [1,1]
save []
translate [-350,-45]
beginPath []
moveTo [-324,-45]
lineTo [324,-45]
arcTo [350,-45,350,-19,26]
lineTo [350,19]
arcTo [350,45,324,45,26]
lineTo [-324,45]
arcTo [-350,45,-350,19,26]
lineTo [-350,-19]
arcTo [-350,-45,-324,-45,26]
closePath []
set:fillStyle ["#2e2140"]
fill []
restore []
restore []
restore []
save []
set:globalCompositeOperation ["multiply"]
set:globalAlpha [0.28]
set:fillStyle ["#a678d8"]
fillRect [0,0,1920,1080]
restore []
save []
set:globalCompositeOperation ["overlay"]
set:globalAlpha [0.18]
set:fillStyle ["#f2577f"]
fillRect [0,0,1920,1080]
restore []
createRadialGradient [960,540,648,960,540,1440]
save []
set:fillStyle ["[Gradient]"]
fillRect [0,0,1920,1080]
restore []
save []
set:globalAlpha [1]
translate [684.3032827548335,42.533068419073686]
rotate [-0.03]
scale [1,1]
save []
translate [-62.495999999999995,-23.807999999999996]
beginPath []
moveTo [-32.736,-74.39999999999999]
lineTo [32.736,-74.39999999999999]
arcTo [62.495999999999995,-74.39999999999999,62.495999999999995,-44.63999999999999,29.759999999999998]
lineTo [62.495999999999995,44.63999999999999]
arcTo [62.495999999999995,74.39999999999999,32.736,74.39999999999999,29.759999999999998]
lineTo [-32.736,74.39999999999999]
arcTo [-62.495999999999995,74.39999999999999,-62.495999999999995,44.63999999999999,29.759999999999998]
lineTo [-62.495999999999995,-44.63999999999999]
arcTo [-62.495999999999995,-74.39999999999999,-32.736,-74.39999999999999,29.759999999999998]
closePath []
set:fillStyle ["#241a16"]
fill []
restore []
restore []
save []
set:globalAlpha [1]
translate [738.272,565.5999999999999]
rotate [1.5307963267948965]
scale [1,1]
save []
translate [-13.776000000000002,0]
beginPath []
moveTo [-13.776000000000002,-76.54400000000001]
lineTo [13.776000000000002,-76.54400000000001]
lineTo [11.020800000000001,76.54400000000001]
lineTo [-11.020800000000001,76.54400000000001]
closePath []
set:fillStyle ["#2f3a4d"]
fill []
restore []
restore []
save []
set:globalAlpha [1]
translate [661.728,565.5999999999999]
rotate [1.5707963267948966]
scale [1,1]
save []
translate [-13.776000000000002,0]
beginPath []
moveTo [-13.776000000000002,-76.54400000000001]
lineTo [13.776000000000002,-76.54400000000001]
lineTo [11.020800000000001,76.54400000000001]
lineTo [-11.020800000000001,76.54400000000001]
closePath []
set:fillStyle ["#2f3a4d"]
fill []
restore []
restore []
save []
set:globalAlpha [1]
translate [585.3064540714843,571.7218871919633]
rotate [-0.040000000000000036]
scale [1,1]
save []
translate [-11.020800000000001,0]
beginPath []
moveTo [-11.020800000000001,-70.656]
lineTo [11.020800000000001,-70.656]
lineTo [8.596224000000001,70.656]
lineTo [-8.596224000000001,70.656]
closePath []
set:fillStyle ["#2f3a4d"]
fill []
restore []
restore []
save []
set:globalAlpha [1]
translate [508.63999999999993,565.5999999999999]
rotate [0.050000000000000044]
scale [1,1]
save []
translate [-11.020800000000001,0]
beginPath []
moveTo [-11.020800000000001,-70.656]
lineTo [11.020800000000001,-70.656]
lineTo [8.596224000000001,70.656]
lineTo [-8.596224000000001,70.656]
closePath []
set:fillStyle ["#2f3a4d"]
fill []
restore []
restore []
save []
set:globalAlpha [1]
translate [596.4634191318106,712.7004954373374]
rotate [-0.29000000000000004]
scale [1,1]
save []
translate [-9.36768,-9.918720000000002]
beginPath []
moveTo [-11.0208,-9.918720000000002]
lineTo [11.0208,-9.918720000000002]
arcTo [18.73536,-9.918720000000002,18.73536,-2.2041600000000017,7.7145600000000005]
lineTo [18.73536,2.2041600000000017]
arcTo [18.73536,9.918720000000002,11.0208,9.918720000000002,7.7145600000000005]
lineTo [-11.0208,9.918720000000002]
arcTo [-18.73536,9.918720000000002,-18.73536,2.2041600000000017,7.7145600000000005]
lineTo [-18.73536,-2.2041600000000017]
arcTo [-18.73536,-9.918720000000002,-11.0208,-9.918720000000002,7.7145600000000005]
closePath []
set:fillStyle ["#1b1f27"]
fill []
restore []
restore []
save []
set:globalAlpha [1]
translate [507.08085706690224,707.0108020112825]
rotate [-0.19999999999999996]
scale [1,1]
save []
translate [-9.36768,-9.918720000000002]
beginPath []
moveTo [-11.0208,-9.918720000000002]
lineTo [11.0208,-9.918720000000002]
arcTo [18.73536,-9.918720000000002,18.73536,-2.2041600000000017,7.7145600000000005]
lineTo [18.73536,2.2041600000000017]
arcTo [18.73536,9.918720000000002,11.0208,9.918720000000002,7.7145600000000005]
lineTo [-11.0208,9.918720000000002]
arcTo [-18.73536,9.918720000000002,-18.73536,2.2041600000000017,7.7145600000000005]
lineTo [-18.73536,-2.2041600000000017]
arcTo [-18.73536,-9.918720000000002,-11.0208,-9.918720000000002,7.7145600000000005]
closePath []
set:fillStyle ["#1b1f27"]
fill []
restore []
restore []
save []
set:globalAlpha [1]
translate [733.823594496145,77.96602553308446]
rotate [0.47]
scale [1,1]
save []
translate [-11.020800000000001,0]
beginPath []
moveTo [-11.020800000000001,-59.2]
lineTo [11.020800000000001,-59.2]
lineTo [9.477888,59.2]
lineTo [-9.477888,59.2]
closePath []
set:fillStyle ["#8d5524"]
fill []
restore []
restore []
save []
set:globalAlpha [1]
translate [680.2018583072634,183.5277108554114]
rotate [0.47]
scale [1,1]
save []
translate [-9.477888,0]
beginPath []
moveTo [-9.477888,-59.2]
lineTo [9.477888,-59.2]
lineTo [7.934976000000001,59.2]
lineTo [-7.934976000000001,59.2]
closePath []
set:fillStyle ["#8d5524"]
fill []
restore []
restore []
save []
set:globalAlpha [1]
translate [626.5801221183817,289.08939617773837]
rotate [0.47]
scale [1,1]
save []
translate [-13.665792000000001,0]
beginPath []
ellipse [0,0,13.665792000000001,13.665792000000001,0,0,6.283185307179586,null]
set:fillStyle ["#8d5524"]
fill []
restore []
restore []
save []
set:globalAlpha [1]
translate [700,565.5999999999999]
rotate [-0.03]
scale [1,1]
save []
translate [-55.04,-192]
beginPath []
moveTo [-12.799999999999997,-96]
lineTo [12.799999999999997,-96]
arcTo [55.04,-96,55.04,-53.76,42.24]
lineTo [55.04,53.76]
arcTo [55.04,96,12.799999999999997,96,42.24]
lineTo [-12.799999999999997,96]
arcTo [-55.04,96,-55.04,53.76,42.24]
lineTo [-55.04,-53.76]
arcTo [-55.04,-96,-12.799999999999997,-96,42.24]
closePath []
set:fillStyle ["#e8574a"]
fill []
restore []
restore []
save []
set:globalAlpha [1]
translate [636.9967829068671,80.8717016359002]
rotate [0.52]
scale [1,1]
save []
translate [-11.020800000000001,0]
beginPath []
moveTo [-11.020800000000001,-59.2]
lineTo [11.020800000000001,-59.2]
lineTo [9.477888,59.2]
lineTo [-9.477888,59.2]
closePath []
set:fillStyle ["#8d5524"]
fill []
restore []
restore []
save []
set:globalAlpha [1]
translate [578.1661745861687,183.62149250973394]
rotate [0.52]
scale [1,1]
save []
translate [-9.477888,0]
beginPath []
moveTo [-9.477888,-59.2]
lineTo [9.477888,-59.2]
lineTo [7.934976000000001,59.2]
lineTo [-7.934976000000001,59.2]
closePath []
set:fillStyle ["#8d5524"]
fill []
restore []
restore []
save []
set:globalAlpha [1]
translate [519.3355662654703,286.3712833835677]
rotate [0.52]
scale [1,1]
save []
translate [-13.665792000000001,0]
beginPath []
ellipse [0,0,13.665792000000001,13.665792000000001,0,0,6.283185307179586,null]
set:fillStyle ["#8d5524"]
fill []
restore []
restore []
save []
set:globalAlpha [1]
translate [685.2316554843009,73.46954178361835]
rotate [-0.03]
scale [1,1]
save []
translate [-14.879999999999999,-11.904]
beginPath []
rect [-14.879999999999999,-11.904,29.759999999999998,23.808]
set:fillStyle ["#8d5524"]
fill []
restore []
restore []
save []
set:globalAlpha [1]
translate [684.660349189244,54.431712020821635]
rotate [-0.03]
scale [1,1]
save []
translate [-59.519999999999996,-117.32582400000001]
beginPath []
ellipse [0,0,59.519999999999996,66.6624,0,0,6.283185307179586,null]
set:fillStyle ["#8d5524"]
fill []
restore []
restore []
save []
set:globalAlpha [1]
translate [740.4947075088567,49.77883887865526]
rotate [-0.03]
scale [1,1]
save []
translate [-11.904,-14.879999999999999]
beginPath []
ellipse [0,0,11.904,14.879999999999999,0,0,6.283185307179586,null]
set:fillStyle ["#8d5524"]
fill []
restore []
restore []
save []
set:globalAlpha [1]
translate [628.647457652426,53.13526336211404]
rotate [-0.03]
scale [1,1]
save []
translate [-11.904,-14.879999999999999]
beginPath []
ellipse [0,0,11.904,14.879999999999999,0,0,6.283185307179586,null]
set:fillStyle ["#8d5524"]
fill []
restore []
restore []
save []
set:globalAlpha [1]
translate [706.6250524506262,32.33572731229536]
rotate [-0.03]
scale [1,1]
save []
translate [0,-2.2319999999999998]
beginPath []
moveTo [-7.8864,-2.2319999999999998]
lineTo [7.8864,-2.2319999999999998]
arcTo [10.1184,-2.2319999999999998,10.1184,0,2.2319999999999998]
lineTo [10.1184,0]
arcTo [10.1184,2.2319999999999998,7.8864,2.2319999999999998,2.2319999999999998]
lineTo [-7.8864,2.2319999999999998]
arcTo [-10.1184,2.2319999999999998,-10.1184,0,2.2319999999999998]
lineTo [-10.1184,0]
arcTo [-10.1184,-2.2319999999999998,-7.8864,-2.2319999999999998,2.2319999999999998]
closePath []
set:fillStyle ["#2b1d18"]
fill []
restore []
restore []
save []
set:globalAlpha [1]
translate [661.4102067639841,33.69257976305529]
rotate [-0.03]
scale [1,1]
save []
translate [0,-2.2319999999999998]
beginPath []
moveTo [-7.8864,-2.2319999999999998]
lineTo [7.8864,-2.2319999999999998]
arcTo [10.1184,-2.2319999999999998,10.1184,0,2.2319999999999998]
lineTo [10.1184,0]
arcTo [10.1184,2.2319999999999998,7.8864,2.2319999999999998,2.2319999999999998]
lineTo [-7.8864,2.2319999999999998]
arcTo [-10.1184,2.2319999999999998,-10.1184,0,2.2319999999999998]
lineTo [-10.1184,0]
arcTo [-10.1184,-2.2319999999999998,-7.8864,-2.2319999999999998,2.2319999999999998]
closePath []
set:fillStyle ["#2b1d18"]
fill []
restore []
restore []
save []
set:globalAlpha [1]
translate [707.0892388153599,47.803963994567695]
rotate [-0.03]
scale [1,1]
save []
translate [-10.1184,-11.13024]
beginPath []
ellipse [0,0,10.1184,11.13024,0,0,6.283185307179586,null]
set:fillStyle ["#1a1210"]
fill []
restore []
restore []
save []
set:globalAlpha [1]
translate [661.8743931287178,49.160816445327626]
rotate [-0.03]
scale [1,1]
save []
translate [-10.1184,-11.13024]
beginPath []
ellipse [0,0,10.1184,11.13024,0,0,6.283185307179586,null]
set:fillStyle ["#1a1210"]
fill []
restore []
restore []
save []
set:globalAlpha [1]
translate [684.660349189244,54.431712020821635]
rotate [-0.03]
scale [1,1]
save []
translate [-3.2736,-7.7376]
beginPath []
moveTo [-2.0831999999999997,-7.737599999999999]
lineTo [3.2736,5.356800000000001]
lineTo [-3.2735999999999996,7.7376]
set:fillStyle ["#7a4720"]
fill []
restore []
restore []
save []
set:globalAlpha [1]
translate [685.4816019883882,81.79859230484192]
rotate [-0.03]
scale [1,1]
save []
translate [-10.1184,-1.488]
beginPath []
moveTo [-8.927999999999999,-1.488]
lineTo [8.927999999999999,-1.488]
arcTo [10.1184,-1.488,10.1184,-0.2976000000000001,1.1904]
lineTo [10.1184,0.2976000000000001]
arcTo [10.1184,1.488,8.927999999999999,1.488,1.1904]
lineTo [-8.927999999999999,1.488]
arcTo [-10.1184,1.488,-10.1184,0.2976000000000001,1.1904]
lineTo [-10.1184,-0.2976000000000001]
arcTo [-10.1184,-1.488,-8.927999999999999,-1.488,1.1904]
closePath []
set:fillStyle ["#5c2a24"]
fill []
restore []
restore []
save []
set:globalAlpha [1]
translate [683.3749100253661,11.596595054529026]
rotate [-0.03]
scale [1,1]
save []
translate [-58.9248,-7.142399999999999]
beginPath []
moveTo [-42.25919999999999,-17.855999999999998]
lineTo [42.25919999999999,-17.855999999999998]
arcTo [58.9248,-17.855999999999998,58.9248,-1.1903999999999968,16.6656]
lineTo [58.9248,1.1903999999999968]
arcTo [58.9248,17.855999999999998,42.25919999999999,17.855999999999998,16.6656]
lineTo [-42.25919999999999,17.855999999999998]
arcTo [-58.9248,17.855999999999998,-58.9248,1.1903999999999968,16.6656]
lineTo [-58.9248,-1.1903999999999968]
arcTo [-58.9248,-17.855999999999998,-42.25919999999999,-17.855999999999998,16.6656]
closePath []
set:fillStyle ["#241a16"]
fill []
restore []
restore []
save []
set:globalAlpha [1]
translate [891.1194346697602,-8.697601946675773]
rotate [0.02]
scale [1,1]
save []
translate [-63.872400000000006,-19.579104]
beginPath []
moveTo [-19.604400000000005,-54.3864]
lineTo [19.604400000000005,-54.3864]
arcTo [63.872400000000006,-54.3864,63.872400000000006,-10.118400000000001,44.268]
lineTo [63.872400000000006,10.118400000000001]
arcTo [63.872400000000006,54.3864,19.604400000000005,54.3864,44.268]
lineTo [-19.604400000000005,54.3864]
arcTo [-63.872400000000006,54.3864,-63.872400000000006,10.118400000000001,44.268]
lineTo [-63.872400000000006,-10.118400000000001]
arcTo [-63.872400000000006,-54.3864,-19.604400000000005,-54.3864,44.268]
closePath []
set:fillStyle ["#15100e"]
fill []
restore []
restore []
save []
set:globalAlpha [1]
translate [924.2,547.2]
rotate [0]
scale [1,1]
save []
translate [-17.85,0]
beginPath []
moveTo [-17.85,-81.328]
lineTo [17.85,-81.328]
lineTo [14.280000000000001,81.328]
lineTo [-14.280000000000001,81.328]
closePath []
set:fillStyle ["#243447"]
fill []
restore []
restore []
save []
set:globalAlpha [1]
translate [835.8,547.2]
rotate [0]
scale [1,1]
save []
translate [-17.85,0]
beginPath []
moveTo [-17.85,-81.328]
lineTo [17.85,-81.328]
lineTo [14.280000000000001,81.328]
lineTo [-14.280000000000001,81.328]
closePath []
set:fillStyle ["#243447"]
fill []
restore []
restore []
save []
set:globalAlpha [1]
translate [924.2,709.856]
rotate [0]
scale [1,1]
save []
translate [-14.280000000000001,0]
beginPath []
moveTo [-14.280000000000001,-75.072]
lineTo [14.280000000000001,-75.072]
lineTo [11.1384,75.072]
lineTo [-11.1384,75.072]
closePath []
set:fillStyle ["#243447"]
fill []
restore []
restore []
save []
set:globalAlpha [1]
translate [835.8,709.856]
rotate [0]
scale [1,1]
save []
translate [-14.280000000000001,0]
beginPath []
moveTo [-14.280000000000001,-75.072]
lineTo [14.280000000000001,-75.072]
lineTo [11.1384,75.072]
lineTo [-11.1384,75.072]
closePath []
set:fillStyle ["#243447"]
fill []
restore []
restore []
save []
set:globalAlpha [1]
translate [931.34,860]
rotate [0]
scale [1,1]
save []
translate [-12.138,-12.852000000000002]
beginPath []
moveTo [-14.28,-12.852000000000002]
lineTo [14.28,-12.852000000000002]
arcTo [24.276,-12.852000000000002,24.276,-2.8560000000000016,9.996]
lineTo [24.276,2.8560000000000016]
arcTo [24.276,12.852000000000002,14.28,12.852000000000002,9.996]
lineTo [-14.28,12.852000000000002]
arcTo [-24.276,12.852000000000002,-24.276,2.8560000000000016,9.996]
lineTo [-24.276,-2.8560000000000016]
arcTo [-24.276,-12.852000000000002,-14.28,-12.852000000000002,9.996]
closePath []
set:fillStyle ["#15181d"]
fill []
restore []
restore []
save []
set:globalAlpha [1]
translate [842.9399999999999,860]
rotate [0]
scale [1,1]
save []
translate [-12.138,-12.852000000000002]
beginPath []
moveTo [-14.28,-12.852000000000002]
lineTo [14.28,-12.852000000000002]
arcTo [24.276,-12.852000000000002,24.276,-2.8560000000000016,9.996]
lineTo [24.276,2.8560000000000016]
arcTo [24.276,12.852000000000002,14.28,12.852000000000002,9.996]
lineTo [-14.28,12.852000000000002]
arcTo [-24.276,12.852000000000002,-24.276,2.8560000000000016,9.996]
lineTo [-24.276,-2.8560000000000016]
arcTo [-24.276,-12.852000000000002,-14.28,-12.852000000000002,9.996]
closePath []
set:fillStyle ["#15181d"]
fill []
restore []
restore []
save []
set:globalAlpha [1]
translate [950.1633433460426,31.700076769641782]
rotate [0.54]
scale [1,1]
save []
translate [-14.280000000000001,0]
beginPath []
moveTo [-14.280000000000001,-68]
lineTo [14.280000000000001,-68]
lineTo [12.280800000000001,68]
lineTo [-12.280800000000001,68]
closePath []
set:fillStyle ["#6b4423"]
fill []
restore []
restore []
save []
set:globalAlpha [1]
translate [880.2408484812191,148.34845743512187]
rotate [-0.4099999999999999]
scale [1,1]
save []
translate [-12.280800000000001,0]
beginPath []
moveTo [-12.280800000000001,-68]
lineTo [12.280800000000001,-68]
lineTo [10.281600000000001,68]
lineTo [-10.281600000000001,68]
closePath []
set:fillStyle ["#6b4423"]
fill []
restore []
restore []
save []
set:globalAlpha [1]
translate [934.4517170871006,273.0768893381802]
rotate [-0.4099999999999999]
scale [1,1]
save []
translate [-17.7072,0]
beginPath []
ellipse [0,0,17.7072,17.7072,0,0,6.283185307179586,null]
set:fillStyle ["#6b4423"]
fill []
restore []
restore []
save []
set:globalAlpha [1]
translate [880,547.2]
rotate [0.02]
scale [1,1]
save []
translate [-68,-204]
beginPath []
moveTo [-23.119999999999997,-102]
lineTo [23.119999999999997,-102]
arcTo [68,-102,68,-57.12,44.88]
lineTo [68,57.12]
arcTo [68,102,23.119999999999997,102,44.88]
lineTo [-23.119999999999997,102]
arcTo [-68,102,-68,57.12,44.88]
lineTo [-68,-57.12]
arcTo [-68,-102,-23.119999999999997,-102,44.88]
closePath []
set:fillStyle ["#3f9d6d"]
fill []
restore []
restore []
save []
set:globalAlpha [1]
translate [830.5072785481865,29.30663633978361]
rotate [0.19999999999999998]
scale [1,1]
save []
translate [-14.280000000000001,0]
beginPath []
moveTo [-14.280000000000001,-68]
lineTo [14.280000000000001,-68]
lineTo [12.280800000000001,68]
lineTo [-12.280800000000001,68]
closePath []
set:fillStyle ["#6b4423"]
fill []
restore []
restore []
save []
set:globalAlpha [1]
translate [803.4882495600582,162.59569092619247]
rotate [0.19999999999999998]
scale [1,1]
save []
translate [-12.280800000000001,0]
beginPath []
moveTo [-12.280800000000001,-68]
lineTo [12.280800000000001,-68]
lineTo [10.281600000000001,68]
lineTo [-10.281600000000001,68]
closePath []
set:fillStyle ["#6b4423"]
fill []
restore []
restore []
save []
set:globalAlpha [1]
translate [776.4692205719299,295.88474551260134]
rotate [0.19999999999999998]
scale [1,1]
save []
translate [-17.7072,0]
beginPath []
ellipse [0,0,17.7072,17.7072,0,0,6.283185307179586,null]
set:fillStyle ["#6b4423"]
fill []
restore []
restore []
save []
set:globalAlpha [1]
translate [890.4617825152832,24.180621312553285]
rotate [0.02]
scale [1,1]
save []
translate [-15.81,-12.648000000000001]
beginPath []
rect [-15.81,-12.648000000000001,31.62,25.296000000000003]
set:fillStyle ["#6b4423"]
fill []
restore []
restore []
save []
set:globalAlpha [1]
translate [890.8664915334228,3.947868537643103]
rotate [0.02]
scale [1,1]
save []
translate [-63.24,-124.65868800000003]
beginPath []
ellipse [0,0,63.24,70.82880000000002,0,0,6.283185307179586,null]
set:fillStyle ["#6b4423"]
fill []
restore []
restore []
save []
set:globalAlpha [1]
translate [950.3634385938059,1.975333657348585]
rotate [0.02]
scale [1,1]
save []
translate [-12.648000000000001,-15.810000000000002]
beginPath []
ellipse [0,0,12.648000000000001,15.810000000000002,0,0,6.283185307179586,null]
set:fillStyle ["#6b4423"]
fill []
restore []
restore []
save []
set:globalAlpha [1]
translate [831.4960160412085,-0.4023318242218168]
rotate [0.02]
scale [1,1]
save []
translate [-12.648000000000001,-15.810000000000002]
beginPath []
ellipse [0,0,12.648000000000001,15.810000000000002,0,0,6.283185307179586,null]
set:fillStyle ["#6b4423"]
fill []
restore []
restore []
save []
set:globalAlpha [1]
translate [915.3481830990359,-18.333386375090047]
rotate [0.02]
scale [1,1]
save []
translate [0,-2.3715]
beginPath []
moveTo [-8.3793,-2.3715]
lineTo [8.3793,-2.3715]
arcTo [10.750800000000002,-2.3715,10.750800000000002,0,2.3715]
lineTo [10.750800000000002,0]
arcTo [10.750800000000002,2.3715,8.3793,2.3715,2.3715]
lineTo [-8.3793,2.3715]
arcTo [-10.750800000000002,2.3715,-10.750800000000002,0,2.3715]
lineTo [-10.750800000000002,0]
arcTo [-10.750800000000002,-2.3715,-8.3793,-2.3715,2.3715]
closePath []
set:fillStyle ["#1a1310"]
fill []
restore []
restore []
save []
set:globalAlpha [1]
translate [867.295395258624,-19.2945702931717]
rotate [0.02]
scale [1,1]
save []
translate [0,-2.3715]
beginPath []
moveTo [-8.3793,-2.3715]
lineTo [8.3793,-2.3715]
arcTo [10.750800000000002,-2.3715,10.750800000000002,0,2.3715]
lineTo [10.750800000000002,0]
arcTo [10.750800000000002,2.3715,8.3793,2.3715,2.3715]
lineTo [-8.3793,2.3715]
arcTo [-10.750800000000002,2.3715,-10.750800000000002,0,2.3715]
lineTo [-10.750800000000002,0]
arcTo [-10.750800000000002,-2.3715,-8.3793,-2.3715,2.3715]
closePath []
set:fillStyle ["#1a1310"]
fill []
restore []
restore []
save []
set:globalAlpha [1]
translate [915.0193570217974,-1.8942747454755091]
rotate [0.02]
scale [1,1]
save []
translate [-10.750800000000002,-11.825880000000003]
beginPath []
ellipse [0,0,10.750800000000002,11.825880000000003,0,0,6.283185307179586,null]
set:fillStyle ["#140f0d"]
fill []
restore []
restore []
save []
set:globalAlpha [1]
translate [866.9665691813856,-2.855458663557161]
rotate [0.02]
scale [1,1]
save []
translate [-10.750800000000002,-11.825880000000003]
beginPath []
ellipse [0,0,10.750800000000002,11.825880000000003,0,0,6.283185307179586,null]
set:fillStyle ["#140f0d"]
fill []
restore []
restore []
save []
set:globalAlpha [1]
translate [890.8664915334228,3.947868537643103]
rotate [0.02]
scale [1,1]
save []
translate [-3.4782,-8.2212]
beginPath []
moveTo [-2.2134,-8.2212]
lineTo [3.4782,5.691600000000001]
lineTo [-3.4782,8.2212]
set:fillStyle ["#59371c"]
fill []
restore []
restore []
save []
set:globalAlpha [1]
translate [890.2847223198471,33.03245065157652]
rotate [0.02]
scale [1,1]
save []
translate [-10.750800000000002,-1.5810000000000002]
beginPath []
moveTo [-9.486,-1.5810000000000002]
lineTo [9.486,-1.5810000000000002]
arcTo [10.750800000000002,-1.5810000000000002,10.750800000000002,-0.31620000000000004,1.2648000000000001]
lineTo [10.750800000000002,0.31620000000000004]
arcTo [10.750800000000002,1.5810000000000002,9.486,1.5810000000000002,1.2648000000000001]
lineTo [-9.486,1.5810000000000002]
arcTo [-10.750800000000002,1.5810000000000002,-10.750800000000002,0.31620000000000004,1.2648000000000001]
lineTo [-10.750800000000002,-0.31620000000000004]
arcTo [-10.750800000000002,-1.5810000000000002,-9.486,-1.5810000000000002,1.2648000000000001]
closePath []
set:fillStyle ["#4a221d"]
fill []
restore []
restore []
save []
set:globalAlpha [1]
translate [891.8529697651383,-45.369466351200515]
rotate [0.02]
scale [1,1]
save []
translate [-63.24,-19.6044]
beginPath []
moveTo [-63.24,5.691600000000001]
lineTo [-34.782000000000004,-19.6044]
lineTo [22.134,-15.177599999999991]
lineTo [63.24,13.280400000000004]
lineTo [54.3864,18.339600000000004]
lineTo [12.648000000000001,6.956400000000002]
lineTo [-44.268,19.604400000000002]
closePath []
set:fillStyle ["#15100e"]
fill []
restore []
restore []
save []
set:globalAlpha [1]
translate [1010,760]
rotate [0]
scale [1,1]
save []
translate [-90,-120]
beginPath []
moveTo [-78,-120]
lineTo [78,-120]
arcTo [90,-120,90,-108,12]
lineTo [90,108]
arcTo [90,120,78,120,12]
lineTo [-78,120]
arcTo [-90,120,-90,108,12]
lineTo [-90,-108]
arcTo [-90,-120,-78,-120,12]
closePath []
set:fillStyle ["#22252e"]
fill []
restore []
restore []
save []
set:globalAlpha [1]
translate [1010,760]
rotate [0]
scale [1,1]
save []
translate [-81,-110]
beginPath []
moveTo [-73,-110]
lineTo [73,-110]
arcTo [81,-110,81,-102,8]
lineTo [81,102]
arcTo [81,110,73,110,8]
lineTo [-73,110]
arcTo [-81,110,-81,102,8]
lineTo [-81,-102]
arcTo [-81,-110,-73,-110,8]
closePath []
set:fillStyle ["#1d2c52"]
fill []
restore []
restore []
save []
set:globalAlpha [1]
translate [1010,820]
rotate [0]
scale [1,1]
save []
translate [-60,-6]
beginPath []
moveTo [-54,-6]
lineTo [54,-6]
arcTo [60,-6,60,0,6]
lineTo [60,0]
arcTo [60,6,54,6,6]
lineTo [-54,6]
arcTo [-60,6,-60,0,6]
lineTo [-60,0]
arcTo [-60,-6,-54,-6,6]
closePath []
set:fillStyle ["#6fd3ff"]
fill []
restore []
restore []
save []
set:globalAlpha [1]
translate [1010,794]
rotate [0]
scale [1,1]
save []
translate [-45,-6]
beginPath []
moveTo [-39,-6]
lineTo [39,-6]
arcTo [45,-6,45,0,6]
lineTo [45,0]
arcTo [45,6,39,6,6]
lineTo [-39,6]
arcTo [-45,6,-45,0,6]
lineTo [-45,0]
arcTo [-45,-6,-39,-6,6]
closePath []
set:fillStyle ["#f2b33d"]
fill []
restore []
restore []
save []
set:globalAlpha [1]
translate [1010,768]
rotate [0]
scale [1,1]
save []
translate [-52,-6]
beginPath []
moveTo [-46,-6]
lineTo [46,-6]
arcTo [52,-6,52,0,6]
lineTo [52,0]
arcTo [52,6,46,6,6]
lineTo [-46,6]
arcTo [-52,6,-52,0,6]
lineTo [-52,0]
arcTo [-52,-6,-46,-6,6]
closePath []
set:fillStyle ["#f2577f"]
fill []
restore []
restore []
save []
set:globalAlpha [1]
translate [900,766]
rotate [0]
scale [1,1]
save []
translate [-46,-17]
beginPath []
moveTo [-46,-17]
lineTo [46,-17]
lineTo [30,17]
lineTo [-30,17]
closePath []
set:fillStyle ["#d8d2c4"]
fill []
restore []
restore []
save []
set:globalAlpha [1]
translate [900,764]
rotate [0]
scale [1,1]
save []
translate [-38,-11]
beginPath []
ellipse [0,0,38,11,0,0,6.283185307179586,null]
set:fillStyle ["#c96a2a"]
fill []
restore []
restore []
restore []
restore []
