save []
setTransform [1,0,0,1,0,0]
set:globalAlpha [1]
set:globalCompositeOperation ["source-over"]
set:imageSmoothingEnabled [true]
set:fillStyle ["#0b0d12"]
fillRect [0,0,1920,1080]
save []
translate [960,540]
rotate [0]
scale [1,1]
translate [-960,-540]
save []
translate [0,0]
save []
set:globalAlpha [1]
translate [960,400]
rotate [0]
scale [1,1]
save []
translate [-960,-450]
beginPath []
rect [-960,-450,1920,900]
set:fillStyle ["#2b2a3d"]
fill []
restore []
restore []
save []
set:globalAlpha [1]
translate [960,720]
rotate [0]
scale [1,1]
save []
translate [-960,-45]
beginPath []
rect [-960,-45,1920,90]
set:fillStyle ["#232234"]
fill []
restore []
restore []
save []
set:globalAlpha [1]
translate [520,330]
rotate [0]
scale [1,1]
save []
translate [-280,-200]
beginPath []
moveTo [-266,-200]
lineTo [266,-200]
arcTo [280,-200,280,-186,14]
lineTo [280,186]
arcTo [280,200,266,200,14]
lineTo [-266,200]
arcTo [-280,200,-280,186,14]
lineTo [-280,-186]
arcTo [-280,-200,-266,-200,14]
closePath []
set:fillStyle ["#0e1430"]
fill []
restore []
restore []
save []
set:globalAlpha [1]
translate [520,330]
rotate [0]
scale [1,1]
save []
translate [-8,-200]
beginPath []
rect [-8,-200,16,400]
set:fillStyle ["#3a3852"]
fill []
restore []
restore []
save []
set:globalAlpha [1]
translate [520,330]
rotate [0]
scale [1,1]
save []
translate [-280,-7]
beginPath []
rect [-280,-7,560,14]
set:fillStyle ["#3a3852"]
fill []
restore []
restore []
save []
set:globalAlpha [1]
translate [300,470]
rotate [0]
scale [1,1]
save []
translate [-40,-190]
beginPath []
rect [-40,-95,80,190]
set:fillStyle ["#1b2450"]
fill []
restore []
restore []
save []
set:globalAlpha [1]
translate [400,470]
rotate [0]
scale [1,1]
save []
translate [-28,-260]
beginPath []
rect [-28,-130,56,260]
set:fillStyle ["#212c60"]
fill []
restore []
restore []
save []
set:globalAlpha [1]
translate [490,470]
rotate [0]
scale [1,1]
save []
translate [-52,-150]
beginPath []
rect [-52,-75,104,150]
set:fillStyle ["#1b2450"]
fill []
restore []
restore []
save []
set:globalAlpha [1]
translate [580,470]
rotate [0]
scale [1,1]
save []
translate [-23,-300]
beginPath []
rect [-23,-150,46,300]
set:fillStyle ["#253172"]
fill []
restore []
restore []
save []
set:globalAlpha [1]
translate [660,470]
rotate [0]
scale [1,1]
save []
translate [-35,-210]
beginPath []
rect [-35,-105,70,210]
set:fillStyle ["#1b2450"]
fill []
restore []
restore []
save []
set:globalAlpha [1]
translate [288,430]
rotate [0]
scale [1,1]
save []
translate [-3.5,-9]
beginPath []
rect [-3.5,-4.5,7,9]
set:fillStyle ["#f2c14e"]
fill []
restore []
restore []
save []
set:globalAlpha [1]
translate [310,400]
rotate [0]
scale [1,1]
save []
translate [-3.5,-9]
beginPath []
rect [-3.5,-4.5,7,9]
set:fillStyle ["#f2c14e"]
fill []
restore []
restore []
save []
set:globalAlpha [1]
translate [392,420]
rotate [0]
scale [1,1]
save []
translate [-3.5,-9]
beginPath []
rect [-3.5,-4.5,7,9]
set:fillStyle ["#8fd6ff"]
fill []
restore []
restore []
save []
set:globalAlpha [1]
translate [574,250]
rotate [0]
scale [1,1]
save []
translate [-3.5,-9]
beginPath []
rect [-3.5,-4.5,7,9]
set:fillStyle ["#f2c14e"]
fill []
restore []
restore []
save []
set:globalAlpha [1]
translate [574,300]
rotate [0]
scale [1,1]
save []
translate [-3.5,-9]
beginPath []
rect [-3.5,-4.5,7,9]
set:fillStyle ["#8fd6ff"]
fill []
restore []
restore []
save []
set:globalAlpha [1]
translate [650,380]
rotate [0]
scale [1,1]
save []
translate [-3.5,-9]
beginPath []
rect [-3.5,-4.5,7,9]
set:fillStyle ["#f2c14e"]
fill []
restore []
restore []
save []
set:globalAlpha [1]
translate [470,214]
rotate [0]
scale [1,1]
save []
translate [-35,-11]
beginPath []
moveTo [-25,-11]
lineTo [25,-11]
arcTo [35,-11,35,-1,10]
lineTo [35,1]
arcTo [35,11,25,11,10]
lineTo [-25,11]
arcTo [-35,11,-35,1,10]
lineTo [-35,-1]
arcTo [-35,-11,-25,-11,10]
closePath []
set:fillStyle ["#6fd3ff"]
fill []
restore []
restore []
save []
set:globalAlpha [1]
translate [434,214]
rotate [0]
scale [1,1]
save []
translate [-8,-3.5]
beginPath []
moveTo [-8,3.5]
lineTo [8,-3.5]
set:fillStyle ["#6fd3ff"]
fill []
restore []
restore []
save []
set:globalAlpha [1]
translate [506,214]
rotate [0]
scale [1,1]
save []
translate [-8,-3.5]
beginPath []
moveTo [8,3.5]
lineTo [-8,-3.5]
set:fillStyle ["#6fd3ff"]
fill []
restore []
restore []
save []
set:globalAlpha [1]
translate [1180,300]
rotate [0]
scale [1,1]
save []
translate [-150,-95]
beginPath []
moveTo [-142,-95]
lineTo [142,-95]
arcTo [150,-95,150,-87,8]
lineTo [150,87]
arcTo [150,95,142,95,8]
lineTo [-142,95]
arcTo [-150,95,-150,87,8]
lineTo [-150,-87]
arcTo [-150,-95,-142,-95,8]
closePath []
set:fillStyle ["#12131f"]
fill []
restore []
restore []
save []
set:globalAlpha [1]
translate [1180,300]
rotate [0]
scale [1,1]
save []
translate [-138,-83]
beginPath []
moveTo [-134,-83]
lineTo [134,-83]
arcTo [138,-83,138,-79,4]
lineTo [138,79]
arcTo [138,83,134,83,4]
lineTo [-134,83]
arcTo [-138,83,-138,79,4]
lineTo [-138,-79]
arcTo [-138,-83,-134,-83,4]
closePath []
set:fillStyle ["#1d2c52"]
fill []
restore []
restore []
save []
set:globalAlpha [1]
translate [1120,260]
rotate [0]
scale [1,1]
save []
translate [-90,-5]
beginPath []
moveTo [-85,-5]
lineTo [85,-5]
arcTo [90,-5,90,0,5]
lineTo [90,0]
arcTo [90,5,85,5,5]
lineTo [-85,5]
arcTo [-90,5,-90,0,5]
lineTo [-90,0]
arcTo [-90,-5,-85,-5,5]
closePath []
set:fillStyle ["#5fa8ff"]
fill []
restore []
restore []
save []
set:globalAlpha [1]
translate [1090,282]
rotate [0]
scale [1,1]
save []
translate [-60,-5]
beginPath []
moveTo [-55,-5]
lineTo [55,-5]
arcTo [60,-5,60,0,5]
lineTo [60,0]
arcTo [60,5,55,5,5]
lineTo [-55,5]
arcTo [-60,5,-60,0,5]
lineTo [-60,0]
arcTo [-60,-5,-55,-5,5]
closePath []
set:fillStyle ["#5fa8ff"]
fill []
restore []
restore []
save []
set:globalAlpha [1]
translate [1250,340]
rotate [0]
scale [1,1]
save []
translate [-20,-20]
beginPath []
ellipse [0,0,20,20,0,0,6.283185307179586,null]
set:fillStyle ["#f2c14e"]
fill []
restore []
restore []
save []
set:globalAlpha [1]
translate [1620,330]
rotate [0]
scale [1,1]
save []
translate [-55,-70]
beginPath []
moveTo [-49,-70]
lineTo [49,-70]
arcTo [55,-70,55,-64,6]
lineTo [55,64]
arcTo [55,70,49,70,6]
lineTo [-49,70]
arcTo [-55,70,-55,64,6]
lineTo [-55,-64]
arcTo [-55,-70,-49,-70,6]
closePath []
set:fillStyle ["#3a3852"]
fill []
restore []
restore []
save []
set:globalAlpha [1]
translate [1620,330]
rotate [0]
scale [1,1]
save []
translate [-46,-61]
beginPath []
moveTo [-42,-61]
lineTo [42,-61]
arcTo [46,-61,46,-57,4]
lineTo [46,57]
arcTo [46,61,42,61,4]
lineTo [-42,61]
arcTo [-46,61,-46,57,4]
lineTo [-46,-57]
arcTo [-46,-61,-42,-61,4]
closePath []
set:fillStyle ["#4d6a8a"]
fill []
restore []
restore []
save []
set:globalAlpha [1]
translate [960,46]
rotate [0]
scale [1,1]
save []
translate [-450,-6]
beginPath []
rect [-450,-6,900,12]
set:fillStyle ["#f2e8c9"]
fill []
restore []
restore []
restore []
save []
translate [0,0]
save []
set:globalAlpha [1]
translate [960,860]
rotate [0]
scale [1,1]
save []
translate [-960,-170]
beginPath []
rect [-960,-170,1920,340]
set:fillStyle ["#1b1a28"]
fill []
restore []
restore []
save []
set:globalAlpha [1]
translate [1650,660]
rotate [0]
scale [1,1]
save []
translate [-280,-125]
beginPath []
rect [-280,-125,560,250]
set:fillStyle ["#343249"]
fill []
restore []
restore []
save []
set:globalAlpha [1]
translate [1650,540]
rotate [0]
scale [1,1]
save []
translate [-280,-10]
beginPath []
rect [-280,-10,560,20]
set:fillStyle ["#43405a"]
fill []
restore []
restore []
save []
set:globalAlpha [1]
translate [1720,300]
rotate [0]
scale [1,1]
save []
translate [-75,-75]
beginPath []
rect [-75,-75,150,150]
set:fillStyle ["#3c3a52"]
fill []
restore []
restore []
save []
set:globalAlpha [1]
translate [1720,300]
rotate [0]
scale [1,1]
save []
translate [-66,-66]
beginPath []
moveTo [-60,-66]
lineTo [60,-66]
arcTo [66,-66,66,-60,6]
lineTo [66,60]
arcTo [66,66,60,66,6]
lineTo [-60,66]
arcTo [-66,66,-66,60,6]
lineTo [-66,-60]
arcTo [-66,-66,-60,-66,6]
closePath []
set:fillStyle ["#20283f"]
fill []
restore []
restore []
save []
set:globalAlpha [1]
translate [640,700]
rotate [0]
scale [1,1]
save []
translate [-350,-95]
beginPath []
moveTo [-316,-95]
lineTo [316,-95]
arcTo [350,-95,350,-61,34]
lineTo [350,61]
arcTo [350,95,316,95,34]
lineTo [-316,95]
arcTo [-350,95,-350,61,34]
lineTo [-350,-61]
arcTo [-350,-95,-316,-95,34]
closePath []
set:fillStyle ["#3d5a80"]
fill []
restore []
restore []
save []
set:globalAlpha [1]
translate [640,592]
rotate [0]
scale [1,1]
save []
translate [-350,-60]
beginPath []
moveTo [-320,-60]
lineTo [320,-60]
arcTo [350,-60,350,-30,30]
lineTo [350,30]
arcTo [350,60,320,60,30]
lineTo [-320,60]
arcTo [-350,60,-350,30,30]
lineTo [-350,-30]
arcTo [-350,-60,-320,-60,30]
closePath []
set:fillStyle ["#456a94"]
fill []
restore []
restore []
save []
set:globalAlpha [1]
translate [310,660]
rotate [0]
scale [1,1]
save []
translate [-75,-130]
beginPath []
moveTo [-45,-130]
lineTo [45,-130]
arcTo [75,-130,75,-100,30]
lineTo [75,100]
arcTo [75,130,45,130,30]
lineTo [-45,130]
arcTo [-75,130,-75,100,30]
lineTo [-75,-100]
arcTo [-75,-130,-45,-130,30]
closePath []
set:fillStyle ["#456a94"]
fill []
restore []
restore []
save []
set:globalAlpha [1]
translate [970,660]
rotate [0]
scale [1,1]
save []
translate [-75,-130]
beginPath []
moveTo [-45,-130]
lineTo [45,-130]
arcTo [75,-130,75,-100,30]
lineTo [75,100]
arcTo [75,130,45,130,30]
lineTo [-45,130]
arcTo [-75,130,-75,100,30]
lineTo [-75,-100]
arcTo [-75,-130,-45,-130,30]
closePath []
set:fillStyle ["#456a94"]
fill []
restore []
restore []
save []
set:globalAlpha [1]
translate [640,600]
rotate [0]
scale [1,1]
save []
translate [-350,-13]
beginPath []
moveTo [-338,-13]
lineTo [338,-13]
arcTo [350,-13,350,-1,12]
lineTo [350,1]
arcTo [350,13,338,13,12]
lineTo [-338,13]
arcTo [-350,13,-350,1,12]
lineTo [-350,-1]
arcTo [-350,-13,-338,-13,12]
closePath []
set:fillStyle ["#5a86b5"]
fill []
restore []
restore []
save []
set:globalAlpha [1]
translate [640,830]
rotate [0]
scale [1,1]
save []
translate [-160,-11]
beginPath []
moveTo [-152,-11]
lineTo [152,-11]
arcTo [160,-11,160,-3,8]
lineTo [160,3]
arcTo [160,11,152,11,8]
lineTo [-152,11]
arcTo [-160,11,-160,3,8]
lineTo [-160,-3]
arcTo [-160,-11,-152,-11,8]
closePath []
set:fillStyle ["#6b4a34"]
fill []
restore []
restore []
save []
set:globalAlpha [1]
translate [500,874]
rotate [0]
scale [1,1]
save []
translate [-9,-45]
beginPath []
rect [-9,-45,18,90]
set:fillStyle ["#4a3223"]
fill []
restore []
restore []
save []
set:globalAlpha [1]
translate [780,874]
rotate [0]
scale [1,1]
save []
translate [-9,-45]
beginPath []
rect [-9,-45,18,90]
set:fillStyle ["#4a3223"]
fill []
restore []
restore []
save []
set:globalAlpha [1]
translate [1330,600]
rotate [0]
scale [1,1]
save []
translate [-90,-165]
beginPath []
moveTo [-82,-165]
lineTo [82,-165]
arcTo [90,-165,90,-157,8]
lineTo [90,157]
arcTo [90,165,82,165,8]
lineTo [-82,165]
arcTo [-90,165,-90,157,8]
lineTo [-90,-157]
arcTo [-90,-165,-82,-165,8]
closePath []
set:fillStyle ["#4a3f33"]
fill []
restore []
restore []
save []
set:globalAlpha [1]
translate [1250,600]
rotate [0]
scale [1,1]
save []
translate [-9,-9]
beginPath []
ellipse [0,0,9,9,0,0,6.283185307179586,null]
set:fillStyle ["#f2c14e"]
fill []
restore []
restore []
save []
set:globalAlpha [1]
translate [1330,782]
rotate [0]
scale [1,1]
save []
translate [-90,-26]
beginPath []
ellipse [0,0,90,26,0,0,6.283185307179586,null]
set:fillStyle ["#2f5a4a"]
fill []
restore []
restore []
restore []
save []
translate [0,0]
save []
set:globalAlpha [1]
translate [1860,930]
rotate [0]
scale [1,1]
save []
translate [-40,-45]
beginPath []
moveTo [-32,-45]
lineTo [32,-45]
arcTo [40,-45,40,-37,8]
lineTo [40,37]
arcTo [40,45,32,45,8]
lineTo [-32,45]
arcTo [-40,45,-40,37,8]
lineTo [-40,-37]
arcTo [-40,-45,-32,-45,8]
closePath []
set:fillStyle ["#7a4a30"]
fill []
restore []
restore []
save []
set:globalAlpha [1]
translate [1860,830]
rotate [0]
scale [1,1]
save []
translate [-60,-90]
beginPath []
ellipse [0,0,60,90,0,0,6.283185307179586,null]
set:fillStyle ["#2f6b3f"]
fill []
restore []
restore []
save []
set:globalAlpha [1]
translate [1820,860]
rotate [0]
scale [1,1]
save []
translate [-44,-70]
beginPath []
ellipse [0,0,44,70,0,0,6.283185307179586,null]
set:fillStyle ["#3a7d4c"]
fill []
restore []
restore []
save []
set:globalAlpha [1]
translate [1900,856]
rotate [0]
scale [1,1]
save []
translate [-40,-66]
beginPath []
ellipse [0,0,40,66,0,0,6.283185307179586,null]
set:fillStyle ["#356f47"]
fill []
restore []
restore []
restore []
save []
set:globalCompositeOperation ["multiply"]
set:globalAlpha [0.28]
set:fillStyle ["#8f9ad6"]
fillRect [0,0,1920,1080]
restore []
save []
set:globalCompositeOperation ["overlay"]
set:globalAlpha [0.18]
set:fillStyle ["#f2b33d"]
fillRect [0,0,1920,1080]
restore []
createRadialGradient [960,540,648,960,540,1440]
save []
set:fillStyle ["[Gradient]"]
fillRect [0,0,1920,1080]
restore []
save []
set:globalAlpha [1]
translate [810.822238180102,-17.585246829018924]
rotate [0.05]
scale [1,1]
save []
translate [-62.495999999999995,-23.807999999999996]
beginPath []
moveTo [-32.736,-74.39999999999999]
lineTo [32.736,-74.39999999999999]
arcTo [62.495999999999995,-74.39999999999999,62.495999999999995,-44.63999999999999,29.759999999999998]
lineTo [62.495999999999995,44.63999999999999]
arcTo [62.495999999999995,74.39999999999999,32.736,74.39999999999999,29.759999999999998]
lineTo [-32.736,74.39999999999999]
arcTo [-62.495999999999995,74.39999999999999,-62.495999999999995,44.63999999999999,29.759999999999998]
lineTo [-62.495999999999995,-44.63999999999999]
arcTo [-62.495999999999995,-74.39999999999999,-32.736,-74.39999999999999,29.759999999999998]
closePath []
set:fillStyle ["#241a16"]
fill []
restore []
restore []
save []
set:globalAlpha [1]
translate [838.272,505.59999999999997]
rotate [0]
scale [1,1]
save []
translate [-13.776000000000002,0]
beginPath []
moveTo [-13.776000000000002,-76.54400000000001]
lineTo [13.776000000000002,-76.54400000000001]
lineTo [11.020800000000001,76.54400000000001]
lineTo [-11.020800000000001,76.54400000000001]
closePath []
set:fillStyle ["#2f3a4d"]
fill []
restore []
restore []
save []
set:globalAlpha [1]
translate [761.728,505.59999999999997]
rotate [0]
scale [1,1]
save []
translate [-13.776000000000002,0]
beginPath []
moveTo [-13.776000000000002,-76.54400000000001]
lineTo [13.776000000000002,-76.54400000000001]
lineTo [11.020800000000001,76.54400000000001]
lineTo [-11.020800000000001,76.54400000000001]
closePath []
set:fillStyle ["#2f3a4d"]
fill []
restore []
restore []
save []
set:globalAlpha [1]
translate [838.272,658.688]
rotate [0]
scale [1,1]
save []
translate [-11.020800000000001,0]
beginPath []
moveTo [-11.020800000000001,-70.656]
lineTo [11.020800000000001,-70.656]
lineTo [8.596224000000001,70.656]
lineTo [-8.596224000000001,70.656]
closePath []
set:fillStyle ["#2f3a4d"]
fill []
restore []
restore []
save []
set:globalAlpha [1]
translate [761.728,658.688]
rotate [0]
scale [1,1]
save []
translate [-11.020800000000001,0]
beginPath []
moveTo [-11.020800000000001,-70.656]
lineTo [11.020800000000001,-70.656]
lineTo [8.596224000000001,70.656]
lineTo [-8.596224000000001,70.656]
closePath []
set:fillStyle ["#2f3a4d"]
fill []
restore []
restore []
save []
set:globalAlpha [1]
translate [843.7824,800]
rotate [0]
scale [1,1]
save []
translate [-9.36768,-9.918720000000002]
beginPath []
moveTo [-11.0208,-9.918720000000002]
lineTo [11.0208,-9.918720000000002]
arcTo [18.73536,-9.918720000000002,18.73536,-2.2041600000000017,7.7145600000000005]
lineTo [18.73536,2.2041600000000017]
arcTo [18.73536,9.918720000000002,11.0208,9.918720000000002,7.7145600000000005]
lineTo [-11.0208,9.918720000000002]
arcTo [-18.73536,9.918720000000002,-18.73536,2.2041600000000017,7.7145600000000005]
lineTo [-18.73536,-2.2041600000000017]
arcTo [-18.73536,-9.918720000000002,-11.0208,-9.918720000000002,7.7145600000000005]
closePath []
set:fillStyle ["#1b1f27"]
fill []
restore []
restore []
save []
set:globalAlpha [1]
translate [767.2384,800]
rotate [0]
scale [1,1]
save []
translate [-9.36768,-9.918720000000002]
beginPath []
moveTo [-11.0208,-9.918720000000002]
lineTo [11.0208,-9.918720000000002]
arcTo [18.73536,-9.918720000000002,18.73536,-2.2041600000000017,7.7145600000000005]
lineTo [18.73536,2.2041600000000017]
arcTo [18.73536,9.918720000000002,11.0208,9.918720000000002,7.7145600000000005]
lineTo [-11.0208,9.918720000000002]
arcTo [-18.73536,9.918720000000002,-18.73536,2.2041600000000017,7.7145600000000005]
lineTo [-18.73536,-2.2041600000000017]
arcTo [-18.73536,-9.918720000000002,-11.0208,-9.918720000000002,7.7145600000000005]
closePath []
set:fillStyle ["#1b1f27"]
fill []
restore []
restore []
save []
set:globalAlpha [1]
translate [858.1528647625343,20.265916178401426]
rotate [0.97]
scale [1,1]
save []
translate [-11.020800000000001,0]
beginPath []
moveTo [-11.020800000000001,-59.2]
lineTo [11.020800000000001,-59.2]
lineTo [9.477888,59.2]
lineTo [-9.477888,59.2]
closePath []
set:fillStyle ["#8d5524"]
fill []
restore []
restore []
save []
set:globalAlpha [1]
translate [760.4863963032617,87.19738066778739]
rotate [-1.28]
scale [1,1]
save []
translate [-9.477888,0]
beginPath []
moveTo [-9.477888,-59.2]
lineTo [9.477888,-59.2]
lineTo [7.934976000000001,59.2]
lineTo [-7.934976000000001,59.2]
closePath []
set:fillStyle ["#8d5524"]
fill []
restore []
restore []
save []
set:globalAlpha [1]
translate [873.9154741615059,121.14446148821092]
rotate [-1.28]
scale [1,1]
save []
translate [-13.665792000000001,0]
beginPath []
ellipse [0,0,13.665792000000001,13.665792000000001,0,0,6.283185307179586,null]
set:fillStyle ["#8d5524"]
fill []
restore []
restore []
save []
set:globalAlpha [1]
translate [800,505.59999999999997]
rotate [0.02]
scale [1,1]
save []
translate [-55.04,-192]
beginPath []
moveTo [-12.799999999999997,-96]
lineTo [12.799999999999997,-96]
arcTo [55.04,-96,55.04,-53.76,42.24]
lineTo [55.04,53.76]
arcTo [55.04,96,12.799999999999997,96,42.24]
lineTo [-12.799999999999997,96]
arcTo [-55.04,96,-55.04,53.76,42.24]
lineTo [-55.04,-53.76]
arcTo [-55.04,-96,-12.799999999999997,-96,42.24]
closePath []
set:fillStyle ["#e8574a"]
fill []
restore []
restore []
save []
set:globalAlpha [1]
translate [761.3018381967403,18.328637336351562]
rotate [1.17]
scale [1,1]
save []
translate [-11.020800000000001,0]
beginPath []
moveTo [-11.020800000000001,-59.2]
lineTo [11.020800000000001,-59.2]
lineTo [9.477888,59.2]
lineTo [-9.477888,59.2]
closePath []
set:fillStyle ["#8d5524"]
fill []
restore []
restore []
save []
set:globalAlpha [1]
translate [652.2849674247818,64.52259675844603]
rotate [-0.8300000000000001]
scale [1,1]
save []
translate [-9.477888,0]
beginPath []
moveTo [-9.477888,-59.2]
lineTo [9.477888,-59.2]
lineTo [7.934976000000001,59.2]
lineTo [-7.934976000000001,59.2]
closePath []
set:fillStyle ["#8d5524"]
fill []
restore []
restore []
save []
set:globalAlpha [1]
translate [739.6560417642014,144.42788675088406]
rotate [-0.8300000000000001]
scale [1,1]
save []
translate [-13.665792000000001,0]
beginPath []
ellipse [0,0,13.665792000000001,13.665792000000001,0,0,6.283185307179586,null]
set:fillStyle ["#8d5524"]
fill []
restore []
restore []
save []
set:globalAlpha [1]
translate [809.8463835437959,13.346467117697046]
rotate [0.02]
scale [1,1]
save []
translate [-14.879999999999999,-11.904]
beginPath []
rect [-14.879999999999999,-11.904,29.759999999999998,23.808]
set:fillStyle ["#8d5524"]
fill []
restore []
restore []
save []
set:globalAlpha [1]
translate [810.2272861491039,-5.696123729277247]
rotate [0.05]
scale [1,1]
save []
translate [-59.519999999999996,-117.32582400000001]
beginPath []
ellipse [0,0,59.519999999999996,66.6624,0,0,6.283185307179586,null]
set:fillStyle ["#8d5524"]
fill []
restore []
restore []
save []
set:globalAlpha [1]
translate [866.2549027256393,-5.872129958521339]
rotate [0.05]
scale [1,1]
save []
translate [-11.904,-14.879999999999999]
beginPath []
ellipse [0,0,11.904,14.879999999999999,0,0,6.283185307179586,null]
set:fillStyle ["#8d5524"]
fill []
restore []
restore []
save []
set:globalAlpha [1]
translate [754.4971455880675,-11.464679049903992]
rotate [0.05]
scale [1,1]
save []
translate [-11.904,-14.879999999999999]
beginPath []
ellipse [0,0,11.904,14.879999999999999,0,0,6.283185307179586,null]
set:fillStyle ["#8d5524"]
fill []
restore []
restore []
save []
set:globalAlpha [1]
translate [833.8875336944096,-25.966136449915773]
rotate [0.05]
scale [1,1]
save []
translate [0,-2.2319999999999998]
beginPath []
moveTo [-7.8864,-2.2319999999999998]
lineTo [7.8864,-2.2319999999999998]
arcTo [10.1184,-2.2319999999999998,10.1184,0,2.2319999999999998]
lineTo [10.1184,0]
arcTo [10.1184,2.2319999999999998,7.8864,2.2319999999999998,2.2319999999999998]
lineTo [-7.8864,2.2319999999999998]
arcTo [-10.1184,2.2319999999999998,-10.1184,0,2.2319999999999998]
lineTo [-10.1184,0]
arcTo [-10.1184,-2.2319999999999998,-7.8864,-2.2319999999999998,2.2319999999999998]
closePath []
set:fillStyle ["#2b1d18"]
fill []
restore []
restore []
save []
set:globalAlpha [1]
translate [788.7073665403133,-28.196991659896913]
rotate [0.25]
scale [1,1]
save []
translate [0,-2.2319999999999998]
beginPath []
moveTo [-7.8864,-2.2319999999999998]
lineTo [7.8864,-2.2319999999999998]
arcTo [10.1184,-2.2319999999999998,10.1184,0,2.2319999999999998]
lineTo [10.1184,0]
arcTo [10.1184,2.2319999999999998,7.8864,2.2319999999999998,2.2319999999999998]
lineTo [-7.8864,2.2319999999999998]
arcTo [-10.1184,2.2319999999999998,-10.1184,0,2.2319999999999998]
lineTo [-10.1184,0]
arcTo [-10.1184,-2.2319999999999998,-7.8864,-2.2319999999999998,2.2319999999999998]
closePath []
set:fillStyle ["#2b1d18"]
fill []
restore []
restore []
save []
set:globalAlpha [1]
translate [833.1140960541121,-10.510276420251591]
rotate [0.05]
scale [1,0.86]
save []
translate [-10.1184,-11.13024]
beginPath []
ellipse [0,0,10.1184,11.13024,0,0,6.283185307179586,null]
set:fillStyle ["#1a1210"]
fill []
restore []
restore []
save []
set:globalAlpha [1]
translate [787.9354282750938,-12.77109413804458]
rotate [0.05]
scale [1,0.68]
save []
translate [-10.1184,-11.13024]
beginPath []
ellipse [0,0,10.1184,11.13024,0,0,6.283185307179586,null]
set:fillStyle ["#1a1210"]
fill []
restore []
restore []
save []
set:globalAlpha [1]
translate [810.2272861491039,-5.696123729277247]
rotate [0.05]
scale [1,1]
save []
translate [-3.2736,-7.7376]
beginPath []
moveTo [-2.0831999999999997,-7.737599999999999]
lineTo [3.2736,5.356800000000001]
lineTo [-3.2735999999999996,7.7376]
set:fillStyle ["#7a4720"]
fill []
restore []
restore []
save []
set:globalAlpha [1]
translate [808.8588964778081,21.648859400128615]
rotate [0.05]
scale [1,1]
save []
translate [-0.15,-0.0225]
beginPath []
moveTo [-0.13,-0.0225]
lineTo [0.13,-0.0225]
arcTo [0.15,-0.0225,0.15,-0.0024999999999999988,0.02]
lineTo [0.15,0.0024999999999999988]
arcTo [0.15,0.0225,0.13,0.0225,0.02]
lineTo [-0.13,0.0225]
arcTo [-0.15,0.0225,-0.15,0.0024999999999999988,0.02]
lineTo [-0.15,-0.0024999999999999988]
arcTo [-0.15,-0.0225,-0.13,-0.0225,0.02]
closePath []
set:fillStyle ["#5c2a24"]
fill []
restore []
restore []
save []
set:globalAlpha [1]
translate [812.3691134606972,-48.49696688834729]
rotate [0.05]
scale [1,1]
save []
translate [-58.9248,-7.142399999999999]
beginPath []
moveTo [-42.25919999999999,-17.855999999999998]
lineTo [42.25919999999999,-17.855999999999998]
arcTo [58.9248,-17.855999999999998,58.9248,-1.1903999999999968,16.6656]
lineTo [58.9248,1.1903999999999968]
arcTo [58.9248,17.855999999999998,42.25919999999999,17.855999999999998,16.6656]
lineTo [-42.25919999999999,17.855999999999998]
arcTo [-58.9248,17.855999999999998,-58.9248,1.1903999999999968,16.6656]
lineTo [-58.9248,-1.1903999999999968]
arcTo [-58.9248,-17.855999999999998,-42.25919999999999,-17.855999999999998,16.6656]
closePath []
set:fillStyle ["#241a16"]
fill []
restore []
restore []
save []
set:globalAlpha [1]
translate [1370.95,524]
rotate [0]
scale [1,1]
save []
translate [-18.75,0]
beginPath []
moveTo [-18.75,-71.76]
lineTo [18.75,-71.76]
lineTo [15,71.76]
lineTo [-15,71.76]
closePath []
set:fillStyle ["#22242e"]
fill []
restore []
restore []
save []
set:globalAlpha [1]
translate [1289.05,524]
rotate [0]
scale [1,1]
save []
translate [-18.75,0]
beginPath []
moveTo [-18.75,-71.76]
lineTo [18.75,-71.76]
lineTo [15,71.76]
lineTo [-15,71.76]
closePath []
set:fillStyle ["#22242e"]
fill []
restore []
restore []
save []
set:globalAlpha [1]
translate [1370.95,667.52]
rotate [0]
scale [1,1]
save []
translate [-15,0]
beginPath []
moveTo [-15,-66.24]
lineTo [15,-66.24]
lineTo [11.700000000000001,66.24]
lineTo [-11.700000000000001,66.24]
closePath []
set:fillStyle ["#22242e"]
fill []
restore []
restore []
save []
set:globalAlpha [1]
translate [1289.05,667.52]
rotate [0]
scale [1,1]
save []
translate [-15,0]
beginPath []
moveTo [-15,-66.24]
lineTo [15,-66.24]
lineTo [11.700000000000001,66.24]
lineTo [-11.700000000000001,66.24]
closePath []
set:fillStyle ["#22242e"]
fill []
restore []
restore []
save []
set:globalAlpha [1]
translate [1378.45,800]
rotate [0]
scale [1,1]
save []
translate [-12.75,-13.5]
beginPath []
moveTo [-15,-13.5]
lineTo [15,-13.5]
arcTo [25.5,-13.5,25.5,-3,10.5]
lineTo [25.5,3]
arcTo [25.5,13.5,15,13.5,10.5]
lineTo [-15,13.5]
arcTo [-25.5,13.5,-25.5,3,10.5]
lineTo [-25.5,-3]
arcTo [-25.5,-13.5,-15,-13.5,10.5]
closePath []
set:fillStyle ["#101216"]
fill []
restore []
restore []
save []
set:globalAlpha [1]
translate [1296.55,800]
rotate [0]
scale [1,1]
save []
translate [-12.75,-13.5]
beginPath []
moveTo [-15,-13.5]
lineTo [15,-13.5]
arcTo [25.5,-13.5,25.5,-3,10.5]
lineTo [25.5,3]
arcTo [25.5,13.5,15,13.5,10.5]
lineTo [-15,13.5]
arcTo [-25.5,13.5,-25.5,3,10.5]
lineTo [-25.5,-3]
arcTo [-25.5,-13.5,-15,-13.5,10.5]
closePath []
set:fillStyle ["#101216"]
fill []
restore []
restore []
save []
set:globalAlpha [1]
translate [1392.304,68]
rotate [2.5]
scale [1,1]
save []
translate [-15,0]
beginPath []
moveTo [-15,-55.5]
lineTo [15,-55.5]
lineTo [12.9,55.5]
lineTo [-12.9,55.5]
closePath []
set:fillStyle ["#5e3a1f"]
fill []
restore []
restore []
save []
set:globalAlpha [1]
translate [1325.873592004461,-20.926941325709635]
rotate [0.78]
scale [1,1]
save []
translate [-12.9,0]
beginPath []
moveTo [-12.9,-55.5]
lineTo [12.9,-55.5]
lineTo [10.799999999999999,55.5]
lineTo [-10.799999999999999,55.5]
closePath []
set:fillStyle ["#5e3a1f"]
fill []
restore []
restore []
save []
set:globalAlpha [1]
translate [1247.8095764732154,57.98446139365315]
rotate [0.78]
scale [1,1]
save []
translate [-18.6,0]
beginPath []
ellipse [0,0,18.6,18.6,0,0,6.283185307179586,null]
set:fillStyle ["#5e3a1f"]
fill []
restore []
restore []
save []
set:globalAlpha [1]
translate [1330,524]
rotate [0]
scale [1,1]
save []
translate [-70.8,-180]
beginPath []
moveTo [-31.199999999999996,-90]
lineTo [31.199999999999996,-90]
arcTo [70.8,-90,70.8,-50.4,39.6]
lineTo [70.8,50.4]
arcTo [70.8,90,31.199999999999996,90,39.6]
lineTo [-31.199999999999996,90]
arcTo [-70.8,90,-70.8,50.4,39.6]
lineTo [-70.8,-50.4]
arcTo [-70.8,-90,-31.199999999999996,-90,39.6]
closePath []
set:fillStyle ["#4a4f6b"]
fill []
restore []
restore []
save []
set:globalAlpha [1]
translate [1267.696,68]
rotate [0.62]
scale [1,1]
save []
translate [-15,0]
beginPath []
moveTo [-15,-55.5]
lineTo [15,-55.5]
lineTo [12.9,55.5]
lineTo [-12.9,55.5]
closePath []
set:fillStyle ["#5e3a1f"]
fill []
restore []
restore []
save []
set:globalAlpha [1]
translate [1203.201097180359,158.34050868954125]
rotate [-1.1]
scale [1,1]
save []
translate [-12.9,0]
beginPath []
moveTo [-12.9,-55.5]
lineTo [12.9,-55.5]
lineTo [10.799999999999999,55.5]
lineTo [-10.799999999999999,55.5]
closePath []
set:fillStyle ["#5e3a1f"]
fill []
restore []
restore []
save []
set:globalAlpha [1]
translate [1302.1251141471785,208.68967816778033]
rotate [-1.1]
scale [1,1]
save []
translate [-18.6,0]
beginPath []
ellipse [0,0,18.6,18.6,0,0,6.283185307179586,null]
set:fillStyle ["#5e3a1f"]
fill []
restore []
restore []
save []
set:globalAlpha [1]
translate [1330,62.60000000000002]
rotate [0]
scale [1,1]
save []
translate [-13.5,-10.8]
beginPath []
rect [-13.5,-10.8,27,21.6]
set:fillStyle ["#5e3a1f"]
fill []
restore []
restore []
save []
set:globalAlpha [1]
translate [1330,45.31999999999999]
rotate [0]
scale [1,1]
save []
translate [-54,-106.4448]
beginPath []
ellipse [0,0,54,60.480000000000004,0,0,6.283185307179586,null]
set:fillStyle ["#5e3a1f"]
fill []
restore []
restore []
save []
set:globalAlpha [1]
translate [1380.76,42.61999999999999]
rotate [0]
scale [1,1]
save []
translate [-10.8,-13.5]
beginPath []
ellipse [0,0,10.8,13.5,0,0,6.283185307179586,null]
set:fillStyle ["#5e3a1f"]
fill []
restore []
restore []
save []
set:globalAlpha [1]
translate [1279.24,42.61999999999999]
rotate [0]
scale [1,1]
save []
translate [-10.8,-13.5]
beginPath []
ellipse [0,0,10.8,13.5,0,0,6.283185307179586,null]
set:fillStyle ["#5e3a1f"]
fill []
restore []
restore []
save []
set:globalAlpha [1]
translate [1350.52,25.889999999999997]
rotate [-0.04]
scale [1,1]
save []
translate [0,-2.025]
beginPath []
moveTo [-7.155000000000001,-2.025]
lineTo [7.155000000000001,-2.025]
arcTo [9.180000000000001,-2.025,9.180000000000001,0,2.025]
lineTo [9.180000000000001,0]
arcTo [9.180000000000001,2.025,7.155000000000001,2.025,2.025]
lineTo [-7.155000000000001,2.025]
arcTo [-9.180000000000001,2.025,-9.180000000000001,0,2.025]
lineTo [-9.180000000000001,0]
arcTo [-9.180000000000001,-2.025,-7.155000000000001,-2.025,2.025]
closePath []
set:fillStyle ["#2b2622"]
fill []
restore []
restore []
save []
set:globalAlpha [1]
translate [1309.48,25.889999999999997]
rotate [0.04]
scale [1,1]
save []
translate [0,-2.025]
beginPath []
moveTo [-7.155000000000001,-2.025]
lineTo [7.155000000000001,-2.025]
arcTo [9.180000000000001,-2.025,9.180000000000001,0,2.025]
lineTo [9.180000000000001,0]
arcTo [9.180000000000001,2.025,7.155000000000001,2.025,2.025]
lineTo [-7.155000000000001,2.025]
arcTo [-9.180000000000001,2.025,-9.180000000000001,0,2.025]
lineTo [-9.180000000000001,0]
arcTo [-9.180000000000001,-2.025,-7.155000000000001,-2.025,2.025]
closePath []
set:fillStyle ["#2b2622"]
fill []
restore []
restore []
save []
set:globalAlpha [1]
translate [1350.52,39.919999999999995]
rotate [0]
scale [1,0.7]
save []
translate [-9.180000000000001,-10.098000000000003]
beginPath []
ellipse [0,0,9.180000000000001,10.098000000000003,0,0,6.283185307179586,null]
set:fillStyle ["#141210"]
fill []
restore []
restore []
save []
set:globalAlpha [1]
translate [1309.48,39.919999999999995]
rotate [0]
scale [1,0.7]
save []
translate [-9.180000000000001,-10.098000000000003]
beginPath []
ellipse [0,0,9.180000000000001,10.098000000000003,0,0,6.283185307179586,null]
set:fillStyle ["#141210"]
fill []
restore []
restore []
save []
set:globalAlpha [1]
translate [1330,45.31999999999999]
rotate [0]
scale [1,1]
save []
translate [-2.9699999999999998,-7.02]
beginPath []
moveTo [-1.8899999999999997,-7.02]
lineTo [2.9699999999999998,4.860000000000001]
lineTo [-2.9699999999999998,7.02]
set:fillStyle ["#4d2f19"]
fill []
restore []
restore []
save []
set:globalAlpha [1]
translate [1330,70.16]
rotate [0]
scale [1,1]
save []
translate [-0.15,-0.0225]
beginPath []
moveTo [-0.13,-0.0225]
lineTo [0.13,-0.0225]
arcTo [0.15,-0.0225,0.15,-0.0024999999999999988,0.02]
lineTo [0.15,0.0024999999999999988]
arcTo [0.15,0.0225,0.13,0.0225,0.02]
lineTo [-0.13,0.0225]
arcTo [-0.15,0.0225,-0.15,0.0024999999999999988,0.02]
lineTo [-0.15,-0.0024999999999999988]
arcTo [-0.15,-0.0225,-0.13,-0.0225,0.02]
closePath []
set:fillStyle ["#46201c"]
fill []
restore []
restore []
restore []
restore []
