save []
setTransform [1,0,0,1,0,0]
set:globalAlpha [1]
set:globalCompositeOperation ["source-over"]
set:imageSmoothingEnabled [true]
set:fillStyle ["#0b0d12"]
fillRect [0,0,1920,1080]
save []
translate [960,540]
rotate [0]
scale [1,1]
translate [-960,-540]
save []
translate [0,0]
save []
set:globalAlpha [1]
translate [960,540]
rotate [0]
scale [1,1]
save []
translate [-960,-540]
beginPath []
rect [-960,-540,1920,1080]
set:fillStyle ["#0b1026"]
fill []
restore []
restore []
save []
set:globalAlpha [1]
translate [1560,150]
rotate [0]
scale [1,1]
save []
translate [-46,-46]
beginPath []
ellipse [0,0,46,46,0,0,6.283185307179586,null]
set:fillStyle ["#e8ecff"]
fill []
restore []
restore []
save []
set:globalAlpha [1]
translate [1560,150]
rotate [0]
scale [1,1]
save []
translate [-120,-120]
beginPath []
ellipse [0,0,120,120,0,0,6.283185307179586,null]
set:fillStyle ["rgba(232,236,255,0.10)"]
fill []
restore []
restore []
save []
set:globalAlpha [1]
translate [180,660]
rotate [0]
scale [1,1]
save []
translate [-100,-460]
beginPath []
rect [-100,-230,200,460]
set:fillStyle ["#141a3d"]
fill []
restore []
restore []
save []
set:globalAlpha [1]
translate [380,660]
rotate [0]
scale [1,1]
save []
translate [-75,-560]
beginPath []
rect [-75,-280,150,560]
set:fillStyle ["#1a2249"]
fill []
restore []
restore []
save []
set:globalAlpha [1]
translate [620,660]
rotate [0]
scale [1,1]
save []
translate [-120,-400]
beginPath []
rect [-120,-200,240,400]
set:fillStyle ["#141a3d"]
fill []
restore []
restore []
save []
set:globalAlpha [1]
translate [860,660]
rotate [0]
scale [1,1]
save []
translate [-85,-600]
beginPath []
rect [-85,-300,170,600]
set:fillStyle ["#1d2652"]
fill []
restore []
restore []
save []
set:globalAlpha [1]
translate [1120,660]
rotate [0]
scale [1,1]
save []
translate [-110,-430]
beginPath []
rect [-110,-215,220,430]
set:fillStyle ["#141a3d"]
fill []
restore []
restore []
save []
set:globalAlpha [1]
translate [1330,660]
rotate [0]
scale [1,1]
save []
translate [-80,-540]
beginPath []
rect [-80,-270,160,540]
set:fillStyle ["#1a2249"]
fill []
restore []
restore []
save []
set:globalAlpha [1]
translate [1620,660]
rotate [0]
scale [1,1]
save []
translate [-130,-380]
beginPath []
rect [-130,-190,260,380]
set:fillStyle ["#141a3d"]
fill []
restore []
restore []
save []
set:globalAlpha [1]
translate [1830,660]
rotate [0]
scale [1,1]
save []
translate [-95,-470]
beginPath []
rect [-95,-235,190,470]
set:fillStyle ["#1d2652"]
fill []
restore []
restore []
save []
set:globalAlpha [1]
translate [104,584]
rotate [0]
scale [1,1]
save []
translate [-6,-8]
beginPath []
rect [-6,-8,12,16]
set:fillStyle ["#f2c14e"]
fill []
restore []
restore []
save []
set:globalAlpha [1]
translate [104,492]
rotate [0]
scale [1,1]
save []
translate [-6,-8]
beginPath []
rect [-6,-8,12,16]
set:fillStyle ["#8fd6ff"]
fill []
restore []
restore []
save []
set:globalAlpha [1]
translate [104,446]
rotate [0]
scale [1,1]
save []
translate [-6,-8]
beginPath []
rect [-6,-8,12,16]
set:fillStyle ["#ffe9a8"]
fill []
restore []
restore []
save []
set:globalAlpha [1]
translate [104,354]
rotate [0]
scale [1,1]
save []
translate [-6,-8]
beginPath []
rect [-6,-8,12,16]
set:fillStyle ["#ffe9a8"]
fill []
restore []
restore []
save []
set:globalAlpha [1]
translate [104,262]
rotate [0]
scale [1,1]
save []
translate [-6,-8]
beginPath []
rect [-6,-8,12,16]
set:fillStyle ["#f2c14e"]
fill []
restore []
restore []
save []
set:globalAlpha [1]
translate [138,630]
rotate [0]
scale [1,1]
save []
translate [-6,-8]
beginPath []
rect [-6,-8,12,16]
set:fillStyle ["#f2c14e"]
fill []
restore []
restore []
save []
set:globalAlpha [1]
translate [138,538]
rotate [0]
scale [1,1]
save []
translate [-6,-8]
beginPath []
rect [-6,-8,12,16]
set:fillStyle ["#8fd6ff"]
fill []
restore []
restore []
save []
set:globalAlpha [1]
translate [138,492]
rotate [0]
scale [1,1]
save []
translate [-6,-8]
beginPath []
rect [-6,-8,12,16]
set:fillStyle ["#ffe9a8"]
fill []
restore []
restore []
save []
set:globalAlpha [1]
translate [138,400]
rotate [0]
scale [1,1]
save []
translate [-6,-8]
beginPath []
rect [-6,-8,12,16]
set:fillStyle ["#ffe9a8"]
fill []
restore []
restore []
save []
set:globalAlpha [1]
translate [138,308]
rotate [0]
scale [1,1]
save []
translate [-6,-8]
beginPath []
rect [-6,-8,12,16]
set:fillStyle ["#f2c14e"]
fill []
restore []
restore []
save []
set:globalAlpha [1]
translate [138,216]
rotate [0]
scale [1,1]
save []
translate [-6,-8]
beginPath []
rect [-6,-8,12,16]
set:fillStyle ["#8fd6ff"]
fill []
restore []
restore []
save []
set:globalAlpha [1]
translate [172,584]
rotate [0]
scale [1,1]
save []
translate [-6,-8]
beginPath []
rect [-6,-8,12,16]
set:fillStyle ["#8fd6ff"]
fill []
restore []
restore []
save []
set:globalAlpha [1]
translate [172,538]
rotate [0]
scale [1,1]
save []
translate [-6,-8]
beginPath []
rect [-6,-8,12,16]
set:fillStyle ["#ffe9a8"]
fill []
restore []
restore []
save []
set:globalAlpha [1]
translate [172,446]
rotate [0]
scale [1,1]
save []
translate [-6,-8]
beginPath []
rect [-6,-8,12,16]
set:fillStyle ["#ffe9a8"]
fill []
restore []
restore []
save []
set:globalAlpha [1]
translate [172,354]
rotate [0]
scale [1,1]
save []
translate [-6,-8]
beginPath []
rect [-6,-8,12,16]
set:fillStyle ["#f2c14e"]
fill []
restore []
restore []
save []
set:globalAlpha [1]
translate [172,262]
rotate [0]
scale [1,1]
save []
translate [-6,-8]
beginPath []
rect [-6,-8,12,16]
set:fillStyle ["#8fd6ff"]
fill []
restore []
restore []
save []
set:globalAlpha [1]
translate [172,216]
rotate [0]
scale [1,1]
save []
translate [-6,-8]
beginPath []
rect [-6,-8,12,16]
set:fillStyle ["#ffe9a8"]
fill []
restore []
restore []
save []
set:globalAlpha [1]
translate [206,630]
rotate [0]
scale [1,1]
save []
translate [-6,-8]
beginPath []
rect [-6,-8,12,16]
set:fillStyle ["#8fd6ff"]
fill []
restore []
restore []
save []
set:globalAlpha [1]
translate [206,584]
rotate [0]
scale [1,1]
save []
translate [-6,-8]
beginPath []
rect [-6,-8,12,16]
set:fillStyle ["#ffe9a8"]
fill []
restore []
restore []
save []
set:globalAlpha [1]
translate [206,492]
rotate [0]
scale [1,1]
save []
translate [-6,-8]
beginPath []
rect [-6,-8,12,16]
set:fillStyle ["#ffe9a8"]
fill []
restore []
restore []
save []
set:globalAlpha [1]
translate [206,400]
rotate [0]
scale [1,1]
save []
translate [-6,-8]
beginPath []
rect [-6,-8,12,16]
set:fillStyle ["#f2c14e"]
fill []
restore []
restore []
save []
set:globalAlpha [1]
translate [206,308]
rotate [0]
scale [1,1]
save []
translate [-6,-8]
beginPath []
rect [-6,-8,12,16]
set:fillStyle ["#8fd6ff"]
fill []
restore []
restore []
save []
set:globalAlpha [1]
translate [206,262]
rotate [0]
scale [1,1]
save []
translate [-6,-8]
beginPath []
rect [-6,-8,12,16]
set:fillStyle ["#ffe9a8"]
fill []
restore []
restore []
save []
set:globalAlpha [1]
translate [240,630]
rotate [0]
scale [1,1]
save []
translate [-6,-8]
beginPath []
rect [-6,-8,12,16]
set:fillStyle ["#ffe9a8"]
fill []
restore []
restore []
save []
set:globalAlpha [1]
translate [240,538]
rotate [0]
scale [1,1]
save []
translate [-6,-8]
beginPath []
rect [-6,-8,12,16]
set:fillStyle ["#ffe9a8"]
fill []
restore []
restore []
save []
set:globalAlpha [1]
translate [240,446]
rotate [0]
scale [1,1]
save []
translate [-6,-8]
beginPath []
rect [-6,-8,12,16]
set:fillStyle ["#f2c14e"]
fill []
restore []
restore []
save []
set:globalAlpha [1]
translate [240,354]
rotate [0]
scale [1,1]
save []
translate [-6,-8]
beginPath []
rect [-6,-8,12,16]
set:fillStyle ["#8fd6ff"]
fill []
restore []
restore []
save []
set:globalAlpha [1]
translate [240,308]
rotate [0]
scale [1,1]
save []
translate [-6,-8]
beginPath []
rect [-6,-8,12,16]
set:fillStyle ["#ffe9a8"]
fill []
restore []
restore []
save []
set:globalAlpha [1]
translate [240,216]
rotate [0]
scale [1,1]
save []
translate [-6,-8]
beginPath []
rect [-6,-8,12,16]
set:fillStyle ["#ffe9a8"]
fill []
restore []
restore []
save []
set:globalAlpha [1]
translate [1274,630]
rotate [0]
scale [1,1]
save []
translate [-6,-8]
beginPath []
rect [-6,-8,12,16]
set:fillStyle ["#8fd6ff"]
fill []
restore []
restore []
save []
set:globalAlpha [1]
translate [1274,584]
rotate [0]
scale [1,1]
save []
translate [-6,-8]
beginPath []
rect [-6,-8,12,16]
set:fillStyle ["#ffe9a8"]
fill []
restore []
restore []
save []
set:globalAlpha [1]
translate [1274,492]
rotate [0]
scale [1,1]
save []
translate [-6,-8]
beginPath []
rect [-6,-8,12,16]
set:fillStyle ["#ffe9a8"]
fill []
restore []
restore []
save []
set:globalAlpha [1]
translate [1274,400]
rotate [0]
scale [1,1]
save []
translate [-6,-8]
beginPath []
rect [-6,-8,12,16]
set:fillStyle ["#f2c14e"]
fill []
restore []
restore []
save []
set:globalAlpha [1]
translate [1274,308]
rotate [0]
scale [1,1]
save []
translate [-6,-8]
beginPath []
rect [-6,-8,12,16]
set:fillStyle ["#8fd6ff"]
fill []
restore []
restore []
save []
set:globalAlpha [1]
translate [1274,262]
rotate [0]
scale [1,1]
save []
translate [-6,-8]
beginPath []
rect [-6,-8,12,16]
set:fillStyle ["#ffe9a8"]
fill []
restore []
restore []
save []
set:globalAlpha [1]
translate [1274,170]
rotate [0]
scale [1,1]
save []
translate [-6,-8]
beginPath []
rect [-6,-8,12,16]
set:fillStyle ["#ffe9a8"]
fill []
restore []
restore []
save []
set:globalAlpha [1]
translate [1308,630]
rotate [0]
scale [1,1]
save []
translate [-6,-8]
beginPath []
rect [-6,-8,12,16]
set:fillStyle ["#ffe9a8"]
fill []
restore []
restore []
save []
set:globalAlpha [1]
translate [1308,538]
rotate [0]
scale [1,1]
save []
translate [-6,-8]
beginPath []
rect [-6,-8,12,16]
set:fillStyle ["#ffe9a8"]
fill []
restore []
restore []
save []
set:globalAlpha [1]
translate [1308,446]
rotate [0]
scale [1,1]
save []
translate [-6,-8]
beginPath []
rect [-6,-8,12,16]
set:fillStyle ["#f2c14e"]
fill []
restore []
restore []
save []
set:globalAlpha [1]
translate [1308,354]
rotate [0]
scale [1,1]
save []
translate [-6,-8]
beginPath []
rect [-6,-8,12,16]
set:fillStyle ["#8fd6ff"]
fill []
restore []
restore []
save []
set:globalAlpha [1]
translate [1308,308]
rotate [0]
scale [1,1]
save []
translate [-6,-8]
beginPath []
rect [-6,-8,12,16]
set:fillStyle ["#ffe9a8"]
fill []
restore []
restore []
save []
set:globalAlpha [1]
translate [1308,216]
rotate [0]
scale [1,1]
save []
translate [-6,-8]
beginPath []
rect [-6,-8,12,16]
set:fillStyle ["#ffe9a8"]
fill []
restore []
restore []
save []
set:globalAlpha [1]
translate [1342,584]
rotate [0]
scale [1,1]
save []
translate [-6,-8]
beginPath []
rect [-6,-8,12,16]
set:fillStyle ["#ffe9a8"]
fill []
restore []
restore []
save []
set:globalAlpha [1]
translate [1342,492]
rotate [0]
scale [1,1]
save []
translate [-6,-8]
beginPath []
rect [-6,-8,12,16]
set:fillStyle ["#f2c14e"]
fill []
restore []
restore []
save []
set:globalAlpha [1]
translate [1342,400]
rotate [0]
scale [1,1]
save []
translate [-6,-8]
beginPath []
rect [-6,-8,12,16]
set:fillStyle ["#8fd6ff"]
fill []
restore []
restore []
save []
set:globalAlpha [1]
translate [1342,354]
rotate [0]
scale [1,1]
save []
translate [-6,-8]
beginPath []
rect [-6,-8,12,16]
set:fillStyle ["#ffe9a8"]
fill []
restore []
restore []
save []
set:globalAlpha [1]
translate [1342,262]
rotate [0]
scale [1,1]
save []
translate [-6,-8]
beginPath []
rect [-6,-8,12,16]
set:fillStyle ["#ffe9a8"]
fill []
restore []
restore []
save []
set:globalAlpha [1]
translate [1342,170]
rotate [0]
scale [1,1]
save []
translate [-6,-8]
beginPath []
rect [-6,-8,12,16]
set:fillStyle ["#f2c14e"]
fill []
restore []
restore []
save []
set:globalAlpha [1]
translate [1376,630]
rotate [0]
scale [1,1]
save []
translate [-6,-8]
beginPath []
rect [-6,-8,12,16]
set:fillStyle ["#ffe9a8"]
fill []
restore []
restore []
save []
set:globalAlpha [1]
translate [1376,538]
rotate [0]
scale [1,1]
save []
translate [-6,-8]
beginPath []
rect [-6,-8,12,16]
set:fillStyle ["#f2c14e"]
fill []
restore []
restore []
save []
set:globalAlpha [1]
translate [1376,446]
rotate [0]
scale [1,1]
save []
translate [-6,-8]
beginPath []
rect [-6,-8,12,16]
set:fillStyle ["#8fd6ff"]
fill []
restore []
restore []
save []
set:globalAlpha [1]
translate [1376,400]
rotate [0]
scale [1,1]
save []
translate [-6,-8]
beginPath []
rect [-6,-8,12,16]
set:fillStyle ["#ffe9a8"]
fill []
restore []
restore []
save []
set:globalAlpha [1]
translate [1376,308]
rotate [0]
scale [1,1]
save []
translate [-6,-8]
beginPath []
rect [-6,-8,12,16]
set:fillStyle ["#ffe9a8"]
fill []
restore []
restore []
save []
set:globalAlpha [1]
translate [1376,216]
rotate [0]
scale [1,1]
save []
translate [-6,-8]
beginPath []
rect [-6,-8,12,16]
set:fillStyle ["#f2c14e"]
fill []
restore []
restore []
save []
set:globalAlpha [1]
translate [329,630]
rotate [0]
scale [1,1]
save []
translate [-6,-8]
beginPath []
rect [-6,-8,12,16]
set:fillStyle ["#ffe9a8"]
fill []
restore []
restore []
save []
set:globalAlpha [1]
translate [329,538]
rotate [0]
scale [1,1]
save []
translate [-6,-8]
beginPath []
rect [-6,-8,12,16]
set:fillStyle ["#f2c14e"]
fill []
restore []
restore []
save []
set:globalAlpha [1]
translate [329,446]
rotate [0]
scale [1,1]
save []
translate [-6,-8]
beginPath []
rect [-6,-8,12,16]
set:fillStyle ["#8fd6ff"]
fill []
restore []
restore []
save []
set:globalAlpha [1]
translate [329,400]
rotate [0]
scale [1,1]
save []
translate [-6,-8]
beginPath []
rect [-6,-8,12,16]
set:fillStyle ["#ffe9a8"]
fill []
restore []
restore []
save []
set:globalAlpha [1]
translate [329,308]
rotate [0]
scale [1,1]
save []
translate [-6,-8]
beginPath []
rect [-6,-8,12,16]
set:fillStyle ["#ffe9a8"]
fill []
restore []
restore []
save []
set:globalAlpha [1]
translate [329,216]
rotate [0]
scale [1,1]
save []
translate [-6,-8]
beginPath []
rect [-6,-8,12,16]
set:fillStyle ["#f2c14e"]
fill []
restore []
restore []
save []
set:globalAlpha [1]
translate [329,124]
rotate [0]
scale [1,1]
save []
translate [-6,-8]
beginPath []
rect [-6,-8,12,16]
set:fillStyle ["#8fd6ff"]
fill []
restore []
restore []
save []
set:globalAlpha [1]
translate [363,584]
rotate [0]
scale [1,1]
save []
translate [-6,-8]
beginPath []
rect [-6,-8,12,16]
set:fillStyle ["#f2c14e"]
fill []
restore []
restore []
save []
set:globalAlpha [1]
translate [363,492]
rotate [0]
scale [1,1]
save []
translate [-6,-8]
beginPath []
rect [-6,-8,12,16]
set:fillStyle ["#8fd6ff"]
fill []
restore []
restore []
save []
set:globalAlpha [1]
translate [363,446]
rotate [0]
scale [1,1]
save []
translate [-6,-8]
beginPath []
rect [-6,-8,12,16]
set:fillStyle ["#ffe9a8"]
fill []
restore []
restore []
save []
set:globalAlpha [1]
translate [363,354]
rotate [0]
scale [1,1]
save []
translate [-6,-8]
beginPath []
rect [-6,-8,12,16]
set:fillStyle ["#ffe9a8"]
fill []
restore []
restore []
save []
set:globalAlpha [1]
translate [363,262]
rotate [0]
scale [1,1]
save []
translate [-6,-8]
beginPath []
rect [-6,-8,12,16]
set:fillStyle ["#f2c14e"]
fill []
restore []
restore []
save []
set:globalAlpha [1]
translate [363,170]
rotate [0]
scale [1,1]
save []
translate [-6,-8]
beginPath []
rect [-6,-8,12,16]
set:fillStyle ["#8fd6ff"]
fill []
restore []
restore []
save []
set:globalAlpha [1]
translate [363,124]
rotate [0]
scale [1,1]
save []
translate [-6,-8]
beginPath []
rect [-6,-8,12,16]
set:fillStyle ["#ffe9a8"]
fill []
restore []
restore []
save []
set:globalAlpha [1]
translate [397,630]
rotate [0]
scale [1,1]
save []
translate [-6,-8]
beginPath []
rect [-6,-8,12,16]
set:fillStyle ["#f2c14e"]
fill []
restore []
restore []
save []
set:globalAlpha [1]
translate [397,538]
rotate [0]
scale [1,1]
save []
translate [-6,-8]
beginPath []
rect [-6,-8,12,16]
set:fillStyle ["#8fd6ff"]
fill []
restore []
restore []
save []
set:globalAlpha [1]
translate [397,492]
rotate [0]
scale [1,1]
save []
translate [-6,-8]
beginPath []
rect [-6,-8,12,16]
set:fillStyle ["#ffe9a8"]
fill []
restore []
restore []
save []
set:globalAlpha [1]
translate [397,400]
rotate [0]
scale [1,1]
save []
translate [-6,-8]
beginPath []
rect [-6,-8,12,16]
set:fillStyle ["#ffe9a8"]
fill []
restore []
restore []
save []
set:globalAlpha [1]
translate [397,308]
rotate [0]
scale [1,1]
save []
translate [-6,-8]
beginPath []
rect [-6,-8,12,16]
set:fillStyle ["#f2c14e"]
fill []
restore []
restore []
save []
set:globalAlpha [1]
translate [397,216]
rotate [0]
scale [1,1]
save []
translate [-6,-8]
beginPath []
rect [-6,-8,12,16]
set:fillStyle ["#8fd6ff"]
fill []
restore []
restore []
save []
set:globalAlpha [1]
translate [397,170]
rotate [0]
scale [1,1]
save []
translate [-6,-8]
beginPath []
rect [-6,-8,12,16]
set:fillStyle ["#ffe9a8"]
fill []
restore []
restore []
save []
set:globalAlpha [1]
translate [431,584]
rotate [0]
scale [1,1]
save []
translate [-6,-8]
beginPath []
rect [-6,-8,12,16]
set:fillStyle ["#8fd6ff"]
fill []
restore []
restore []
save []
set:globalAlpha [1]
translate [431,538]
rotate [0]
scale [1,1]
save []
translate [-6,-8]
beginPath []
rect [-6,-8,12,16]
set:fillStyle ["#ffe9a8"]
fill []
restore []
restore []
save []
set:globalAlpha [1]
translate [431,446]
rotate [0]
scale [1,1]
save []
translate [-6,-8]
beginPath []
rect [-6,-8,12,16]
set:fillStyle ["#ffe9a8"]
fill []
restore []
restore []
save []
set:globalAlpha [1]
translate [431,354]
rotate [0]
scale [1,1]
save []
translate [-6,-8]
beginPath []
rect [-6,-8,12,16]
set:fillStyle ["#f2c14e"]
fill []
restore []
restore []
save []
set:globalAlpha [1]
translate [431,262]
rotate [0]
scale [1,1]
save []
translate [-6,-8]
beginPath []
rect [-6,-8,12,16]
set:fillStyle ["#8fd6ff"]
fill []
restore []
restore []
save []
set:globalAlpha [1]
translate [431,216]
rotate [0]
scale [1,1]
save []
translate [-6,-8]
beginPath []
rect [-6,-8,12,16]
set:fillStyle ["#ffe9a8"]
fill []
restore []
restore []
save []
set:globalAlpha [1]
translate [431,124]
rotate [0]
scale [1,1]
save []
translate [-6,-8]
beginPath []
rect [-6,-8,12,16]
set:fillStyle ["#ffe9a8"]
fill []
restore []
restore []
save []
set:globalAlpha [1]
translate [640,260]
rotate [0]
scale [1,1]
save []
translate [-140,-85]
beginPath []
moveTo [-128,-85]
lineTo [128,-85]
arcTo [140,-85,140,-73,12]
lineTo [140,73]
arcTo [140,85,128,85,12]
lineTo [-128,85]
arcTo [-140,85,-140,73,12]
lineTo [-140,-73]
arcTo [-140,-85,-128,-85,12]
closePath []
set:fillStyle ["#101733"]
fill []
restore []
restore []
save []
set:globalAlpha [1]
translate [640,260]
rotate [0]
scale [1,1]
save []
translate [-129,-74]
beginPath []
moveTo [-121,-74]
lineTo [121,-74]
arcTo [129,-74,129,-66,8]
lineTo [129,66]
arcTo [129,74,121,74,8]
lineTo [-121,74]
arcTo [-129,74,-129,66,8]
lineTo [-129,-66]
arcTo [-129,-74,-121,-74,8]
closePath []
set:fillStyle ["#2a1f5c"]
fill []
restore []
restore []
save []
set:globalAlpha [1]
translate [596,224]
rotate [0]
scale [1,1]
save []
translate [-80,-8]
beginPath []
moveTo [-72,-8]
lineTo [72,-8]
arcTo [80,-8,80,0,8]
lineTo [80,0]
arcTo [80,8,72,8,8]
lineTo [-72,8]
arcTo [-80,8,-80,0,8]
lineTo [-80,0]
arcTo [-80,-8,-72,-8,8]
closePath []
set:fillStyle ["#f2577f"]
fill []
restore []
restore []
save []
set:globalAlpha [1]
translate [580,256]
rotate [0]
scale [1,1]
save []
translate [-55,-8]
beginPath []
moveTo [-47,-8]
lineTo [47,-8]
arcTo [55,-8,55,0,8]
lineTo [55,0]
arcTo [55,8,47,8,8]
lineTo [-47,8]
arcTo [-55,8,-55,0,8]
lineTo [-55,0]
arcTo [-55,-8,-47,-8,8]
closePath []
set:fillStyle ["#6fd3ff"]
fill []
restore []
restore []
restore []
save []
translate [0,0]
save []
set:globalAlpha [1]
translate [960,870]
rotate [0]
scale [1,1]
save []
translate [-960,-210]
beginPath []
rect [-960,-210,1920,420]
set:fillStyle ["#20202c"]
fill []
restore []
restore []
save []
set:globalAlpha [1]
translate [960,668]
rotate [0]
scale [1,1]
save []
translate [-960,-8]
beginPath []
rect [-960,-8,1920,16]
set:fillStyle ["#33333f"]
fill []
restore []
restore []
save []
set:globalAlpha [1]
translate [260,550]
rotate [0]
scale [1,1]
save []
translate [-150,-120]
beginPath []
moveTo [-140,-120]
lineTo [140,-120]
arcTo [150,-120,150,-110,10]
lineTo [150,110]
arcTo [150,120,140,120,10]
lineTo [-140,120]
arcTo [-150,120,-150,110,10]
lineTo [-150,-110]
arcTo [-150,-120,-140,-120,10]
closePath []
set:fillStyle ["#2a2438"]
fill []
restore []
restore []
save []
set:globalAlpha [1]
translate [260,550]
rotate [0]
scale [1,1]
save []
translate [-130,-100]
beginPath []
moveTo [-122,-100]
lineTo [122,-100]
arcTo [130,-100,130,-92,8]
lineTo [130,92]
arcTo [130,100,122,100,8]
lineTo [-122,100]
arcTo [-130,100,-130,92,8]
lineTo [-130,-92]
arcTo [-130,-100,-122,-100,8]
closePath []
set:fillStyle ["#3a2f4e"]
fill []
restore []
restore []
save []
set:globalAlpha [1]
translate [260,418]
rotate [0]
scale [1,1]
save []
translate [-100,-23]
beginPath []
moveTo [-90,-23]
lineTo [90,-23]
arcTo [100,-23,100,-13,10]
lineTo [100,13]
arcTo [100,23,90,23,10]
lineTo [-90,23]
arcTo [-100,23,-100,13,10]
lineTo [-100,-13]
arcTo [-100,-23,-90,-23,10]
closePath []
set:fillStyle ["#f2b33d"]
fill []
restore []
restore []
save []
set:globalAlpha [1]
translate [1780,550]
rotate [0]
scale [1,1]
save []
translate [-150,-120]
beginPath []
moveTo [-140,-120]
lineTo [140,-120]
arcTo [150,-120,150,-110,10]
lineTo [150,110]
arcTo [150,120,140,120,10]
lineTo [-140,120]
arcTo [-150,120,-150,110,10]
lineTo [-150,-110]
arcTo [-150,-120,-140,-120,10]
closePath []
set:fillStyle ["#242b38"]
fill []
restore []
restore []
save []
set:globalAlpha [1]
translate [1780,550]
rotate [0]
scale [1,1]
save []
translate [-130,-100]
beginPath []
moveTo [-122,-100]
lineTo [122,-100]
arcTo [130,-100,130,-92,8]
lineTo [130,92]
arcTo [130,100,122,100,8]
lineTo [-122,100]
arcTo [-130,100,-130,92,8]
lineTo [-130,-92]
arcTo [-130,-100,-122,-100,8]
closePath []
set:fillStyle ["#2f3a4d"]
fill []
restore []
restore []
save []
set:globalAlpha [1]
translate [1780,418]
rotate [0]
scale [1,1]
save []
translate [-90,-23]
beginPath []
moveTo [-80,-23]
lineTo [80,-23]
arcTo [90,-23,90,-13,10]
lineTo [90,13]
arcTo [90,23,80,23,10]
lineTo [-80,23]
arcTo [-90,23,-90,13,10]
lineTo [-90,-13]
arcTo [-90,-23,-80,-23,10]
closePath []
set:fillStyle ["#3f9d6d"]
fill []
restore []
restore []
save []
set:globalAlpha [1]
translate [1000,560]
rotate [0]
scale [1,1]
save []
translate [-280,-125]
beginPath []
moveTo [-246,-125]
lineTo [246,-125]
arcTo [280,-125,280,-91,34]
lineTo [280,91]
arcTo [280,125,246,125,34]
lineTo [-246,125]
arcTo [-280,125,-280,91,34]
lineTo [-280,-91]
arcTo [-280,-125,-246,-125,34]
closePath []
set:fillStyle ["#c94f3d"]
fill []
restore []
restore []
save []
set:globalAlpha [1]
translate [880,500]
rotate [0]
scale [1,1]
save []
translate [-100,-55]
beginPath []
moveTo [-86,-55]
lineTo [86,-55]
arcTo [100,-55,100,-41,14]
lineTo [100,41]
arcTo [100,55,86,55,14]
lineTo [-86,55]
arcTo [-100,55,-100,41,14]
lineTo [-100,-41]
arcTo [-100,-55,-86,-55,14]
closePath []
set:fillStyle ["#2c3a4f"]
fill []
restore []
restore []
save []
set:globalAlpha [1]
translate [1100,500]
rotate [0]
scale [1,1]
save []
translate [-100,-55]
beginPath []
moveTo [-86,-55]
lineTo [86,-55]
arcTo [100,-55,100,-41,14]
lineTo [100,41]
arcTo [100,55,86,55,14]
lineTo [-86,55]
arcTo [-100,55,-100,41,14]
lineTo [-100,-41]
arcTo [-100,-55,-86,-55,14]
closePath []
set:fillStyle ["#2c3a4f"]
fill []
restore []
restore []
save []
set:globalAlpha [1]
translate [1000,640]
rotate [0]
scale [1,1]
save []
translate [-120,-27]
beginPath []
moveTo [-108,-27]
lineTo [108,-27]
arcTo [120,-27,120,-15,12]
lineTo [120,15]
arcTo [120,27,108,27,12]
lineTo [-108,27]
arcTo [-120,27,-120,15,12]
lineTo [-120,-15]
arcTo [-120,-27,-108,-27,12]
closePath []
set:fillStyle ["#f2e8c9"]
fill []
restore []
restore []
save []
set:globalAlpha [1]
translate [810,660]
rotate [0]
scale [1,1]
save []
translate [-46,-46]
beginPath []
ellipse [0,0,46,46,0,0,6.283185307179586,null]
set:fillStyle ["#15171d"]
fill []
restore []
restore []
save []
set:globalAlpha [1]
translate [1190,660]
rotate [0]
scale [1,1]
save []
translate [-46,-46]
beginPath []
ellipse [0,0,46,46,0,0,6.283185307179586,null]
set:fillStyle ["#15171d"]
fill []
restore []
restore []
save []
set:globalAlpha [1]
translate [810,660]
rotate [0]
scale [1,1]
save []
translate [-18,-18]
beginPath []
ellipse [0,0,18,18,0,0,6.283185307179586,null]
set:fillStyle ["#5a5f70"]
fill []
restore []
restore []
save []
set:globalAlpha [1]
translate [1190,660]
rotate [0]
scale [1,1]
save []
translate [-18,-18]
beginPath []
ellipse [0,0,18,18,0,0,6.283185307179586,null]
set:fillStyle ["#5a5f70"]
fill []
restore []
restore []
save []
set:globalAlpha [1]
translate [960,1000]
rotate [0]
scale [1,1]
save []
translate [-960,-95]
beginPath []
rect [-960,-95,1920,190]
set:fillStyle ["#15161f"]
fill []
restore []
restore []
save []
set:globalAlpha [1]
translate [300,1000]
rotate [0]
scale [1,1]
save []
translate [-60,-6]
beginPath []
rect [-60,-6,120,12]
set:fillStyle ["#d8d2b8"]
fill []
restore []
restore []
save []
set:globalAlpha [1]
translate [700,1000]
rotate [0]
scale [1,1]
save []
translate [-60,-6]
beginPath []
rect [-60,-6,120,12]
set:fillStyle ["#d8d2b8"]
fill []
restore []
restore []
save []
set:globalAlpha [1]
translate [1300,1000]
rotate [0]
scale [1,1]
save []
translate [-60,-6]
beginPath []
rect [-60,-6,120,12]
set:fillStyle ["#d8d2b8"]
fill []
restore []
restore []
save []
set:globalAlpha [1]
translate [1700,1000]
rotate [0]
scale [1,1]
save []
translate [-60,-6]
beginPath []
rect [-60,-6,120,12]
set:fillStyle ["#d8d2b8"]
fill []
restore []
restore []
restore []
save []
translate [0,0]
save []
set:globalAlpha [1]
translate [70,1020]
rotate [0]
scale [1,1]
save []
translate [-45,-150]
beginPath []
rect [-45,-75,90,150]
set:fillStyle ["#2b2b36"]
fill []
restore []
restore []
save []
set:globalAlpha [1]
translate [70,872]
rotate [0]
scale [1,1]
save []
translate [-20,-20]
beginPath []
ellipse [0,0,20,20,0,0,6.283185307179586,null]
set:fillStyle ["#3f3f4d"]
fill []
restore []
restore []
save []
set:globalAlpha [1]
translate [1870,1030]
rotate [0]
scale [1,1]
save []
translate [-35,-60]
beginPath []
moveTo [-27,-30]
lineTo [27,-30]
arcTo [35,-30,35,-22,8]
lineTo [35,22]
arcTo [35,30,27,30,8]
lineTo [-27,30]
arcTo [-35,30,-35,22,8]
lineTo [-35,-22]
arcTo [-35,-30,-27,-30,8]
closePath []
set:fillStyle ["#3a3a46"]
fill []
restore []
restore []
restore []
save []
set:globalCompositeOperation ["multiply"]
set:globalAlpha [0.28]
set:fillStyle ["#7f8ad0"]
fillRect [0,0,1920,1080]
restore []
save []
set:globalCompositeOperation ["overlay"]
set:globalAlpha [0.18]
set:fillStyle ["#f2577f"]
fillRect [0,0,1920,1080]
restore []
createRadialGradient [960,540,648,960,540,1440]
save []
set:fillStyle ["[Gradient]"]
fillRect [0,0,1920,1080]
restore []
save []
set:globalAlpha [1]
translate [430.46535027742124,82.40225699136376]
rotate [0.02]
scale [1,1]
save []
translate [-62.495999999999995,-23.807999999999996]
beginPath []
moveTo [-32.736,-74.39999999999999]
lineTo [32.736,-74.39999999999999]
arcTo [62.495999999999995,-74.39999999999999,62.495999999999995,-44.63999999999999,29.759999999999998]
lineTo [62.495999999999995,44.63999999999999]
arcTo [62.495999999999995,74.39999999999999,32.736,74.39999999999999,29.759999999999998]
lineTo [-32.736,74.39999999999999]
arcTo [-62.495999999999995,74.39999999999999,-62.495999999999995,44.63999999999999,29.759999999999998]
lineTo [-62.495999999999995,-44.63999999999999]
arcTo [-62.495999999999995,-74.39999999999999,-32.736,-74.39999999999999,29.759999999999998]
closePath []
set:fillStyle ["#241a16"]
fill []
restore []
restore []
save []
set:globalAlpha [1]
translate [458.272,605.5999999999999]
rotate [0]
scale [1,1]
save []
translate [-13.776000000000002,0]
beginPath []
moveTo [-13.776000000000002,-76.54400000000001]
lineTo [13.776000000000002,-76.54400000000001]
lineTo [11.020800000000001,76.54400000000001]
lineTo [-11.020800000000001,76.54400000000001]
closePath []
set:fillStyle ["#2f3a4d"]
fill []
restore []
restore []
save []
set:globalAlpha [1]
translate [381.728,605.5999999999999]
rotate [0]
scale [1,1]
save []
translate [-13.776000000000002,0]
beginPath []
moveTo [-13.776000000000002,-76.54400000000001]
lineTo [13.776000000000002,-76.54400000000001]
lineTo [11.020800000000001,76.54400000000001]
lineTo [-11.020800000000001,76.54400000000001]
closePath []
set:fillStyle ["#2f3a4d"]
fill []
restore []
restore []
save []
set:globalAlpha [1]
translate [458.272,758.6879999999999]
rotate [0]
scale [1,1]
save []
translate [-11.020800000000001,0]
beginPath []
moveTo [-11.020800000000001,-70.656]
lineTo [11.020800000000001,-70.656]
lineTo [8.596224000000001,70.656]
lineTo [-8.596224000000001,70.656]
closePath []
set:fillStyle ["#2f3a4d"]
fill []
restore []
restore []
save []
set:globalAlpha [1]
translate [381.728,758.6879999999999]
rotate [0]
scale [1,1]
save []
translate [-11.020800000000001,0]
beginPath []
moveTo [-11.020800000000001,-70.656]
lineTo [11.020800000000001,-70.656]
lineTo [8.596224000000001,70.656]
lineTo [-8.596224000000001,70.656]
closePath []
set:fillStyle ["#2f3a4d"]
fill []
restore []
restore []
save []
set:globalAlpha [1]
translate [463.7824,899.9999999999999]
rotate [0]
scale [1,1]
save []
translate [-9.36768,-9.918720000000002]
beginPath []
moveTo [-11.0208,-9.918720000000002]
lineTo [11.0208,-9.918720000000002]
arcTo [18.73536,-9.918720000000002,18.73536,-2.2041600000000017,7.7145600000000005]
lineTo [18.73536,2.2041600000000017]
arcTo [18.73536,9.918720000000002,11.0208,9.918720000000002,7.7145600000000005]
lineTo [-11.0208,9.918720000000002]
arcTo [-18.73536,9.918720000000002,-18.73536,2.2041600000000017,7.7145600000000005]
lineTo [-18.73536,-2.2041600000000017]
arcTo [-18.73536,-9.918720000000002,-11.0208,-9.918720000000002,7.7145600000000005]
closePath []
set:fillStyle ["#1b1f27"]
fill []
restore []
restore []
save []
set:globalAlpha [1]
translate [387.2384,899.9999999999999]
rotate [0]
scale [1,1]
save []
translate [-9.36768,-9.918720000000002]
beginPath []
moveTo [-11.0208,-9.918720000000002]
lineTo [11.0208,-9.918720000000002]
arcTo [18.73536,-9.918720000000002,18.73536,-2.2041600000000017,7.7145600000000005]
lineTo [18.73536,2.2041600000000017]
arcTo [18.73536,9.918720000000002,11.0208,9.918720000000002,7.7145600000000005]
lineTo [-11.0208,9.918720000000002]
arcTo [-18.73536,9.918720000000002,-18.73536,2.2041600000000017,7.7145600000000005]
lineTo [-18.73536,-2.2041600000000017]
arcTo [-18.73536,-9.918720000000002,-11.0208,-9.918720000000002,7.7145600000000005]
closePath []
set:fillStyle ["#1b1f27"]
fill []
restore []
restore []
save []
set:globalAlpha [1]
translate [478.15286476253425,120.26591617840137]
rotate [0.97]
scale [1,1]
save []
translate [-11.020800000000001,0]
beginPath []
moveTo [-11.020800000000001,-59.2]
lineTo [11.020800000000001,-59.2]
lineTo [9.477888,59.2]
lineTo [-9.477888,59.2]
closePath []
set:fillStyle ["#8d5524"]
fill []
restore []
restore []
save []
set:globalAlpha [1]
translate [380.48639630326176,187.19738066778734]
rotate [-1.28]
scale [1,1]
save []
translate [-9.477888,0]
beginPath []
moveTo [-9.477888,-59.2]
lineTo [9.477888,-59.2]
lineTo [7.934976000000001,59.2]
lineTo [-7.934976000000001,59.2]
closePath []
set:fillStyle ["#8d5524"]
fill []
restore []
restore []
save []
set:globalAlpha [1]
translate [493.915474161506,221.14446148821088]
rotate [-1.28]
scale [1,1]
save []
translate [-13.665792000000001,0]
beginPath []
ellipse [0,0,13.665792000000001,13.665792000000001,0,0,6.283185307179586,null]
set:fillStyle ["#8d5524"]
fill []
restore []
restore []
save []
set:globalAlpha [1]
translate [420,605.5999999999999]
rotate [0.02]
scale [1,1]
save []
translate [-55.04,-192]
beginPath []
moveTo [-12.799999999999997,-96]
lineTo [12.799999999999997,-96]
arcTo [55.04,-96,55.04,-53.76,42.24]
lineTo [55.04,53.76]
arcTo [55.04,96,12.799999999999997,96,42.24]
lineTo [-12.799999999999997,96]
arcTo [-55.04,96,-55.04,53.76,42.24]
lineTo [-55.04,-53.76]
arcTo [-55.04,-96,-12.799999999999997,-96,42.24]
closePath []
set:fillStyle ["#e8574a"]
fill []
restore []
restore []
save []
set:globalAlpha [1]
translate [381.30183819674016,118.3286373363515]
rotate [1.17]
scale [1,1]
save []
translate [-11.020800000000001,0]
beginPath []
moveTo [-11.020800000000001,-59.2]
lineTo [11.020800000000001,-59.2]
lineTo [9.477888,59.2]
lineTo [-9.477888,59.2]
closePath []
set:fillStyle ["#8d5524"]
fill []
restore []
restore []
save []
set:globalAlpha [1]
translate [272.2849674247817,164.52259675844596]
rotate [-0.8300000000000001]
scale [1,1]
save []
translate [-9.477888,0]
beginPath []
moveTo [-9.477888,-59.2]
lineTo [9.477888,-59.2]
lineTo [7.934976000000001,59.2]
lineTo [-7.934976000000001,59.2]
closePath []
set:fillStyle ["#8d5524"]
fill []
restore []
restore []
save []
set:globalAlpha [1]
translate [359.6560417642013,244.42788675088397]
rotate [-0.8300000000000001]
scale [1,1]
save []
translate [-13.665792000000001,0]
beginPath []
ellipse [0,0,13.665792000000001,13.665792000000001,0,0,6.283185307179586,null]
set:fillStyle ["#8d5524"]
fill []
restore []
restore []
save []
set:globalAlpha [1]
translate [429.8463835437959,113.34646711769699]
rotate [0.02]
scale [1,1]
save []
translate [-14.879999999999999,-11.904]
beginPath []
rect [-14.879999999999999,-11.904,29.759999999999998,23.808]
set:fillStyle ["#8d5524"]
fill []
restore []
restore []
save []
set:globalAlpha [1]
translate [430.2272861491038,94.3038762707227]
rotate [0.02]
scale [1,1]
save []
translate [-59.519999999999996,-117.32582400000001]
beginPath []
ellipse [0,0,59.519999999999996,66.6624,0,0,6.283185307179586,null]
set:fillStyle ["#8d5524"]
fill []
restore []
restore []
save []
set:globalAlpha [1]
translate [486.22441279417023,92.44737285397491]
rotate [0.02]
scale [1,1]
save []
translate [-11.904,-14.879999999999999]
beginPath []
ellipse [0,0,11.904,14.879999999999999,0,0,6.283185307179586,null]
set:fillStyle ["#8d5524"]
fill []
restore []
restore []
save []
set:globalAlpha [1]
translate [374.34919156819615,90.209570047791]
rotate [0.02]
scale [1,1]
save []
translate [-11.904,-14.879999999999999]
beginPath []
ellipse [0,0,11.904,14.879999999999999,0,0,6.283185307179586,null]
set:fillStyle ["#8d5524"]
fill []
restore []
restore []
save []
set:globalAlpha [1]
translate [453.2688782108572,73.33328341167973]
rotate [0.02]
scale [1,1]
save []
translate [0,-2.2319999999999998]
beginPath []
moveTo [-7.8864,-2.2319999999999998]
lineTo [7.8864,-2.2319999999999998]
arcTo [10.1184,-2.2319999999999998,10.1184,0,2.2319999999999998]
lineTo [10.1184,0]
arcTo [10.1184,2.2319999999999998,7.8864,2.2319999999999998,2.2319999999999998]
lineTo [-7.8864,2.2319999999999998]
arcTo [-10.1184,2.2319999999999998,-10.1184,0,2.2319999999999998]
lineTo [-10.1184,0]
arcTo [-10.1184,-2.2319999999999998,-7.8864,-2.2319999999999998,2.2319999999999998]
closePath []
set:fillStyle ["#2b1d18"]
fill []
restore []
restore []
save []
set:globalAlpha [1]
translate [408.0427249492932,72.42863972407346]
rotate [0.02]
scale [1,1]
save []
translate [0,-2.2319999999999998]
beginPath []
moveTo [-7.8864,-2.2319999999999998]
lineTo [7.8864,-2.2319999999999998]
arcTo [10.1184,-2.2319999999999998,10.1184,0,2.2319999999999998]
lineTo [10.1184,0]
arcTo [10.1184,2.2319999999999998,7.8864,2.2319999999999998,2.2319999999999998]
lineTo [-7.8864,2.2319999999999998]
arcTo [-10.1184,2.2319999999999998,-10.1184,0,2.2319999999999998]
lineTo [-10.1184,0]
arcTo [-10.1184,-2.2319999999999998,-7.8864,-2.2319999999999998,2.2319999999999998]
closePath []
set:fillStyle ["#2b1d18"]
fill []
restore []
restore []
save []
set:globalAlpha [1]
translate [452.95939484404454,88.80538847484635]
rotate [0.02]
scale [1,1]
save []
translate [-10.1184,-11.13024]
beginPath []
ellipse [0,0,10.1184,11.13024,0,0,6.283185307179586,null]
set:fillStyle ["#1a1210"]
fill []
restore []
restore []
save []
set:globalAlpha [1]
translate [407.7332415824805,87.90074478724009]
rotate [0.02]
scale [1,1]
save []
translate [-10.1184,-11.13024]
beginPath []
ellipse [0,0,10.1184,11.13024,0,0,6.283185307179586,null]
set:fillStyle ["#1a1210"]
fill []
restore []
restore []
save []
set:globalAlpha [1]
translate [430.2272861491038,94.3038762707227]
rotate [0.02]
scale [1,1]
save []
translate [-3.2736,-7.7376]
beginPath []
moveTo [-2.0831999999999997,-7.737599999999999]
lineTo [3.2736,5.356800000000001]
lineTo [-3.2735999999999996,7.7376]
set:fillStyle ["#7a4720"]
fill []
restore []
restore []
save []
set:globalAlpha [1]
translate [429.6797386539737,121.67760061324826]
rotate [0.02]
scale [1,1]
save []
translate [-10.1184,-1.488]
beginPath []
moveTo [-8.927999999999999,-1.488]
lineTo [8.927999999999999,-1.488]
arcTo [10.1184,-1.488,10.1184,-0.2976000000000001,1.1904]
lineTo [10.1184,0.2976000000000001]
arcTo [10.1184,1.488,8.927999999999999,1.488,1.1904]
lineTo [-8.927999999999999,1.488]
arcTo [-10.1184,1.488,-10.1184,0.2976000000000001,1.1904]
lineTo [-10.1184,-0.2976000000000001]
arcTo [-10.1184,-1.488,-8.927999999999999,-1.488,1.1904]
closePath []
set:fillStyle ["#5c2a24"]
fill []
restore []
restore []
save []
set:globalAlpha [1]
translate [431.08431701104655,51.45804686503051]
rotate [0.02]
scale [1,1]
save []
translate [-58.9248,-7.142399999999999]
beginPath []
moveTo [-42.25919999999999,-17.855999999999998]
lineTo [42.25919999999999,-17.855999999999998]
arcTo [58.9248,-17.855999999999998,58.9248,-1.1903999999999968,16.6656]
lineTo [58.9248,1.1903999999999968]
arcTo [58.9248,17.855999999999998,42.25919999999999,17.855999999999998,16.6656]
lineTo [-42.25919999999999,17.855999999999998]
arcTo [-58.9248,17.855999999999998,-58.9248,1.1903999999999968,16.6656]
lineTo [-58.9248,-1.1903999999999968]
arcTo [-58.9248,-17.855999999999998,-42.25919999999999,-17.855999999999998,16.6656]
closePath []
set:fillStyle ["#241a16"]
fill []
restore []
restore []
save []
set:globalAlpha [1]
translate [711.1194346697602,31.302398053324225]
rotate [0.02]
scale [1,1]
save []
translate [-63.872400000000006,-19.579104]
beginPath []
moveTo [-19.604400000000005,-54.3864]
lineTo [19.604400000000005,-54.3864]
arcTo [63.872400000000006,-54.3864,63.872400000000006,-10.118400000000001,44.268]
lineTo [63.872400000000006,10.118400000000001]
arcTo [63.872400000000006,54.3864,19.604400000000005,54.3864,44.268]
lineTo [-19.604400000000005,54.3864]
arcTo [-63.872400000000006,54.3864,-63.872400000000006,10.118400000000001,44.268]
lineTo [-63.872400000000006,-10.118400000000001]
arcTo [-63.872400000000006,-54.3864,-19.604400000000005,-54.3864,44.268]
closePath []
set:fillStyle ["#15100e"]
fill []
restore []
restore []
save []
set:globalAlpha [1]
translate [744.2,587.2]
rotate [0]
scale [1,1]
save []
translate [-17.85,0]
beginPath []
moveTo [-17.85,-81.328]
lineTo [17.85,-81.328]
lineTo [14.280000000000001,81.328]
lineTo [-14.280000000000001,81.328]
closePath []
set:fillStyle ["#243447"]
fill []
restore []
restore []
save []
set:globalAlpha [1]
translate [655.8,587.2]
rotate [0]
scale [1,1]
save []
translate [-17.85,0]
beginPath []
moveTo [-17.85,-81.328]
lineTo [17.85,-81.328]
lineTo [14.280000000000001,81.328]
lineTo [-14.280000000000001,81.328]
closePath []
set:fillStyle ["#243447"]
fill []
restore []
restore []
save []
set:globalAlpha [1]
translate [744.2,749.856]
rotate [0]
scale [1,1]
save []
translate [-14.280000000000001,0]
beginPath []
moveTo [-14.280000000000001,-75.072]
lineTo [14.280000000000001,-75.072]
lineTo [11.1384,75.072]
lineTo [-11.1384,75.072]
closePath []
set:fillStyle ["#243447"]
fill []
restore []
restore []
save []
set:globalAlpha [1]
translate [655.8,749.856]
rotate [0]
scale [1,1]
save []
translate [-14.280000000000001,0]
beginPath []
moveTo [-14.280000000000001,-75.072]
lineTo [14.280000000000001,-75.072]
lineTo [11.1384,75.072]
lineTo [-11.1384,75.072]
closePath []
set:fillStyle ["#243447"]
fill []
restore []
restore []
save []
set:globalAlpha [1]
translate [751.34,900]
rotate [0]
scale [1,1]
save []
translate [-12.138,-12.852000000000002]
beginPath []
moveTo [-14.28,-12.852000000000002]
lineTo [14.28,-12.852000000000002]
arcTo [24.276,-12.852000000000002,24.276,-2.8560000000000016,9.996]
lineTo [24.276,2.8560000000000016]
arcTo [24.276,12.852000000000002,14.28,12.852000000000002,9.996]
lineTo [-14.28,12.852000000000002]
arcTo [-24.276,12.852000000000002,-24.276,2.8560000000000016,9.996]
lineTo [-24.276,-2.8560000000000016]
arcTo [-24.276,-12.852000000000002,-14.28,-12.852000000000002,9.996]
closePath []
set:fillStyle ["#15181d"]
fill []
restore []
restore []
save []
set:globalAlpha [1]
translate [662.9399999999999,900]
rotate [0]
scale [1,1]
save []
translate [-12.138,-12.852000000000002]
beginPath []
moveTo [-14.28,-12.852000000000002]
lineTo [14.28,-12.852000000000002]
arcTo [24.276,-12.852000000000002,24.276,-2.8560000000000016,9.996]
lineTo [24.276,2.8560000000000016]
arcTo [24.276,12.852000000000002,14.28,12.852000000000002,9.996]
lineTo [-14.28,12.852000000000002]
arcTo [-24.276,12.852000000000002,-24.276,2.8560000000000016,9.996]
lineTo [-24.276,-2.8560000000000016]
arcTo [-24.276,-12.852000000000002,-14.28,-12.852000000000002,9.996]
closePath []
set:fillStyle ["#15181d"]
fill []
restore []
restore []
save []
set:globalAlpha [1]
translate [770.1633433460426,71.70007676964178]
rotate [0.54]
scale [1,1]
save []
translate [-14.280000000000001,0]
beginPath []
moveTo [-14.280000000000001,-68]
lineTo [14.280000000000001,-68]
lineTo [12.280800000000001,68]
lineTo [-12.280800000000001,68]
closePath []
set:fillStyle ["#6b4423"]
fill []
restore []
restore []
save []
set:globalAlpha [1]
translate [700.2408484812191,188.34845743512187]
rotate [-0.4099999999999999]
scale [1,1]
save []
translate [-12.280800000000001,0]
beginPath []
moveTo [-12.280800000000001,-68]
lineTo [12.280800000000001,-68]
lineTo [10.281600000000001,68]
lineTo [-10.281600000000001,68]
closePath []
set:fillStyle ["#6b4423"]
fill []
restore []
restore []
save []
set:globalAlpha [1]
translate [754.4517170871006,313.0768893381802]
rotate [-0.4099999999999999]
scale [1,1]
save []
translate [-17.7072,0]
beginPath []
ellipse [0,0,17.7072,17.7072,0,0,6.283185307179586,null]
set:fillStyle ["#6b4423"]
fill []
restore []
restore []
save []
set:globalAlpha [1]
translate [700,587.2]
rotate [0.02]
scale [1,1]
save []
translate [-68,-204]
beginPath []
moveTo [-23.119999999999997,-102]
lineTo [23.119999999999997,-102]
arcTo [68,-102,68,-57.12,44.88]
lineTo [68,57.12]
arcTo [68,102,23.119999999999997,102,44.88]
lineTo [-23.119999999999997,102]
arcTo [-68,102,-68,57.12,44.88]
lineTo [-68,-57.12]
arcTo [-68,-102,-23.119999999999997,-102,44.88]
closePath []
set:fillStyle ["#3f9d6d"]
fill []
restore []
restore []
save []
set:globalAlpha [1]
translate [650.5072785481865,69.30663633978361]
rotate [0.19999999999999998]
scale [1,1]
save []
translate [-14.280000000000001,0]
beginPath []
moveTo [-14.280000000000001,-68]
lineTo [14.280000000000001,-68]
lineTo [12.280800000000001,68]
lineTo [-12.280800000000001,68]
closePath []
set:fillStyle ["#6b4423"]
fill []
restore []
restore []
save []
set:globalAlpha [1]
translate [623.4882495600582,202.59569092619247]
rotate [0.19999999999999998]
scale [1,1]
save []
translate [-12.280800000000001,0]
beginPath []
moveTo [-12.280800000000001,-68]
lineTo [12.280800000000001,-68]
lineTo [10.281600000000001,68]
lineTo [-10.281600000000001,68]
closePath []
set:fillStyle ["#6b4423"]
fill []
restore []
restore []
save []
set:globalAlpha [1]
translate [596.4692205719299,335.88474551260134]
rotate [0.19999999999999998]
scale [1,1]
save []
translate [-17.7072,0]
beginPath []
ellipse [0,0,17.7072,17.7072,0,0,6.283185307179586,null]
set:fillStyle ["#6b4423"]
fill []
restore []
restore []
save []
set:globalAlpha [1]
translate [710.4617825152832,64.18062131255328]
rotate [0.02]
scale [1,1]
save []
translate [-15.81,-12.648000000000001]
beginPath []
rect [-15.81,-12.648000000000001,31.62,25.296000000000003]
set:fillStyle ["#6b4423"]
fill []
restore []
restore []
save []
set:globalAlpha [1]
translate [710.8664915334228,43.9478685376431]
rotate [0.02]
scale [1,1]
save []
translate [-63.24,-124.65868800000003]
beginPath []
ellipse [0,0,63.24,70.82880000000002,0,0,6.283185307179586,null]
set:fillStyle ["#6b4423"]
fill []
restore []
restore []
save []
set:globalAlpha [1]
translate [770.3634385938059,41.975333657348585]
rotate [0.02]
scale [1,1]
save []
translate [-12.648000000000001,-15.810000000000002]
beginPath []
ellipse [0,0,12.648000000000001,15.810000000000002,0,0,6.283185307179586,null]
set:fillStyle ["#6b4423"]
fill []
restore []
restore []
save []
set:globalAlpha [1]
translate [651.4960160412085,39.59766817577818]
rotate [0.02]
scale [1,1]
save []
translate [-12.648000000000001,-15.810000000000002]
beginPath []
ellipse [0,0,12.648000000000001,15.810000000000002,0,0,6.283185307179586,null]
set:fillStyle ["#6b4423"]
fill []
restore []
restore []
save []
set:globalAlpha [1]
translate [735.3481830990359,21.666613624909957]
rotate [0.02]
scale [1,1]
save []
translate [0,-2.3715]
beginPath []
moveTo [-8.3793,-2.3715]
lineTo [8.3793,-2.3715]
arcTo [10.750800000000002,-2.3715,10.750800000000002,0,2.3715]
lineTo [10.750800000000002,0]
arcTo [10.750800000000002,2.3715,8.3793,2.3715,2.3715]
lineTo [-8.3793,2.3715]
arcTo [-10.750800000000002,2.3715,-10.750800000000002,0,2.3715]
lineTo [-10.750800000000002,0]
arcTo [-10.750800000000002,-2.3715,-8.3793,-2.3715,2.3715]
closePath []
set:fillStyle ["#1a1310"]
fill []
restore []
restore []
save []
set:globalAlpha [1]
translate [687.295395258624,20.705429706828298]
rotate [0.02]
scale [1,1]
save []
translate [0,-2.3715]
beginPath []
moveTo [-8.3793,-2.3715]
lineTo [8.3793,-2.3715]
arcTo [10.750800000000002,-2.3715,10.750800000000002,0,2.3715]
lineTo [10.750800000000002,0]
arcTo [10.750800000000002,2.3715,8.3793,2.3715,2.3715]
lineTo [-8.3793,2.3715]
arcTo [-10.750800000000002,2.3715,-10.750800000000002,0,2.3715]
lineTo [-10.750800000000002,0]
arcTo [-10.750800000000002,-2.3715,-8.3793,-2.3715,2.3715]
closePath []
set:fillStyle ["#1a1310"]
fill []
restore []
restore []
save []
set:globalAlpha [1]
translate [735.0193570217974,38.10572525452449]
rotate [0.02]
scale [1,1]
save []
translate [-10.750800000000002,-11.825880000000003]
beginPath []
ellipse [0,0,10.750800000000002,11.825880000000003,0,0,6.283185307179586,null]
set:fillStyle ["#140f0d"]
fill []
restore []
restore []
save []
set:globalAlpha [1]
translate [686.9665691813856,37.144541336442835]
rotate [0.02]
scale [1,1]
save []
translate [-10.750800000000002,-11.825880000000003]
beginPath []
ellipse [0,0,10.750800000000002,11.825880000000003,0,0,6.283185307179586,null]
set:fillStyle ["#140f0d"]
fill []
restore []
restore []
save []
set:globalAlpha [1]
translate [710.8664915334228,43.9478685376431]
rotate [0.02]
scale [1,1]
save []
translate [-3.4782,-8.2212]
beginPath []
moveTo [-2.2134,-8.2212]
lineTo [3.4782,5.691600000000001]
lineTo [-3.4782,8.2212]
set:fillStyle ["#59371c"]
fill []
restore []
restore []
save []
set:globalAlpha [1]
translate [710.2847223198471,73.03245065157651]
rotate [0.02]
scale [1,1]
save []
translate [-10.750800000000002,-1.5810000000000002]
beginPath []
moveTo [-9.486,-1.5810000000000002]
lineTo [9.486,-1.5810000000000002]
arcTo [10.750800000000002,-1.5810000000000002,10.750800000000002,-0.31620000000000004,1.2648000000000001]
lineTo [10.750800000000002,0.31620000000000004]
arcTo [10.750800000000002,1.5810000000000002,9.486,1.5810000000000002,1.2648000000000001]
lineTo [-9.486,1.5810000000000002]
arcTo [-10.750800000000002,1.5810000000000002,-10.750800000000002,0.31620000000000004,1.2648000000000001]
lineTo [-10.750800000000002,-0.31620000000000004]
arcTo [-10.750800000000002,-1.5810000000000002,-9.486,-1.5810000000000002,1.2648000000000001]
closePath []
set:fillStyle ["#4a221d"]
fill []
restore []
restore []
save []
set:globalAlpha [1]
translate [711.8529697651383,-5.369466351200515]
rotate [0.02]
scale [1,1]
save []
translate [-63.24,-19.6044]
beginPath []
moveTo [-63.24,5.691600000000001]
lineTo [-34.782000000000004,-19.6044]
lineTo [22.134,-15.177599999999991]
lineTo [63.24,13.280400000000004]
lineTo [54.3864,18.339600000000004]
lineTo [12.648000000000001,6.956400000000002]
lineTo [-44.268,19.604400000000002]
closePath []
set:fillStyle ["#15100e"]
fill []
restore []
restore []
restore []
restore []
